Component: ARM Compiler 5.06 update 5 (build 528) Tool: armlink [4d35e2]

==============================================================================

Section Cross References

    main.o(i.main) refers to delay.o(i.delay_init) for delay_init
    main.o(i.main) refers to misc.o(i.NVIC_PriorityGroupConfig) for NVIC_PriorityGroupConfig
    main.o(i.main) refers to usart.o(i.uart_init) for uart_init
    main.o(i.main) refers to relay.o(i.Relay_Init) for Relay_Init
    main.o(i.main) refers to ch9121.o(i.ch9121_Init) for ch9121_Init
    main.o(i.main) refers to usart3.o(i.usart3_init) for usart3_init
    main.o(i.main) refers to malloc.o(i.my_mem_init) for my_mem_init
    main.o(i.main) refers to common.o(i.atk_8266_test) for atk_8266_test
    main.o(i.main) refers to usmart_config.o(.data) for usmart_dev
    system_stm32f10x.o(i.SetSysClock) refers to system_stm32f10x.o(i.SetSysClockTo72) for SetSysClockTo72
    system_stm32f10x.o(i.SystemCoreClockUpdate) refers to system_stm32f10x.o(.data) for SystemCoreClock
    system_stm32f10x.o(i.SystemInit) refers to system_stm32f10x.o(i.SetSysClock) for SetSysClock
    startup_stm32f10x_hd.o(STACK) refers (Special) to heapauxi.o(.text) for __use_two_region_memory
    startup_stm32f10x_hd.o(HEAP) refers (Special) to heapauxi.o(.text) for __use_two_region_memory
    startup_stm32f10x_hd.o(RESET) refers (Special) to heapauxi.o(.text) for __use_two_region_memory
    startup_stm32f10x_hd.o(RESET) refers to startup_stm32f10x_hd.o(STACK) for __initial_sp
    startup_stm32f10x_hd.o(RESET) refers to startup_stm32f10x_hd.o(.text) for Reset_Handler
    startup_stm32f10x_hd.o(RESET) refers to stm32f10x_it.o(i.NMI_Handler) for NMI_Handler
    startup_stm32f10x_hd.o(RESET) refers to stm32f10x_it.o(i.HardFault_Handler) for HardFault_Handler
    startup_stm32f10x_hd.o(RESET) refers to stm32f10x_it.o(i.MemManage_Handler) for MemManage_Handler
    startup_stm32f10x_hd.o(RESET) refers to stm32f10x_it.o(i.BusFault_Handler) for BusFault_Handler
    startup_stm32f10x_hd.o(RESET) refers to stm32f10x_it.o(i.UsageFault_Handler) for UsageFault_Handler
    startup_stm32f10x_hd.o(RESET) refers to stm32f10x_it.o(i.SVC_Handler) for SVC_Handler
    startup_stm32f10x_hd.o(RESET) refers to stm32f10x_it.o(i.DebugMon_Handler) for DebugMon_Handler
    startup_stm32f10x_hd.o(RESET) refers to stm32f10x_it.o(i.PendSV_Handler) for PendSV_Handler
    startup_stm32f10x_hd.o(RESET) refers to stm32f10x_it.o(i.SysTick_Handler) for SysTick_Handler
    startup_stm32f10x_hd.o(RESET) refers to usmart.o(i.TIM4_IRQHandler) for TIM4_IRQHandler
    startup_stm32f10x_hd.o(RESET) refers to usart.o(i.USART1_IRQHandler) for USART1_IRQHandler
    startup_stm32f10x_hd.o(RESET) refers to usart3.o(i.USART3_IRQHandler) for USART3_IRQHandler
    startup_stm32f10x_hd.o(RESET) refers to timer.o(i.TIM7_IRQHandler) for TIM7_IRQHandler
    startup_stm32f10x_hd.o(.text) refers (Special) to heapauxi.o(.text) for __use_two_region_memory
    startup_stm32f10x_hd.o(.text) refers to system_stm32f10x.o(i.SystemInit) for SystemInit
    startup_stm32f10x_hd.o(.text) refers to __main.o(!!!main) for __main
    startup_stm32f10x_hd.o(.text) refers to startup_stm32f10x_hd.o(HEAP) for Heap_Mem
    startup_stm32f10x_hd.o(.text) refers to startup_stm32f10x_hd.o(STACK) for Stack_Mem
    delay.o(i.delay_init) refers to misc.o(i.SysTick_CLKSourceConfig) for SysTick_CLKSourceConfig
    delay.o(i.delay_init) refers to system_stm32f10x.o(.data) for SystemCoreClock
    delay.o(i.delay_init) refers to delay.o(.data) for fac_us
    delay.o(i.delay_ms) refers to delay.o(.data) for fac_ms
    delay.o(i.delay_us) refers to delay.o(.data) for fac_us
    usart.o(i.USART1_IRQHandler) refers (Special) to use_no_semi_2.o(.text) for __use_no_semihosting
    usart.o(i.USART1_IRQHandler) refers to stm32f10x_usart.o(i.USART_GetITStatus) for USART_GetITStatus
    usart.o(i.USART1_IRQHandler) refers to stm32f10x_usart.o(i.USART_ReceiveData) for USART_ReceiveData
    usart.o(i.USART1_IRQHandler) refers to usart.o(.data) for USART_RX_STA
    usart.o(i.USART1_IRQHandler) refers to usart.o(.bss) for USART_RX_BUF
    usart.o(i._sys_exit) refers (Special) to use_no_semi_2.o(.text) for __use_no_semihosting
    usart.o(i.fputc) refers (Special) to use_no_semi_2.o(.text) for __use_no_semihosting
    usart.o(i.uart_init) refers (Special) to use_no_semi_2.o(.text) for __use_no_semihosting
    usart.o(i.uart_init) refers to stm32f10x_rcc.o(i.RCC_APB2PeriphClockCmd) for RCC_APB2PeriphClockCmd
    usart.o(i.uart_init) refers to stm32f10x_gpio.o(i.GPIO_Init) for GPIO_Init
    usart.o(i.uart_init) refers to misc.o(i.NVIC_Init) for NVIC_Init
    usart.o(i.uart_init) refers to stm32f10x_usart.o(i.USART_Init) for USART_Init
    usart.o(i.uart_init) refers to stm32f10x_usart.o(i.USART_ITConfig) for USART_ITConfig
    usart.o(i.uart_init) refers to stm32f10x_usart.o(i.USART_Cmd) for USART_Cmd
    usart.o(.bss) refers (Special) to use_no_semi_2.o(.text) for __use_no_semihosting
[...]
    CL$$btod_d2e_denorm_low                  0x080011f2   Section       70  btod.o(CL$$btod_d2e_denorm_low)
    CL$$btod_d2e_norm_op1                    0x08001238   Section       96  btod.o(CL$$btod_d2e_norm_op1)
    CL$$btod_div_common                      0x08001298   Section      824  btod.o(CL$$btod_div_common)
    CL$$btod_e2e                             0x080015d0   Section      220  btod.o(CL$$btod_e2e)
    CL$$btod_ediv                            0x080016ac   Section       42  btod.o(CL$$btod_ediv)
    CL$$btod_emul                            0x080016d6   Section       42  btod.o(CL$$btod_emul)
    CL$$btod_mult_common                     0x08001700   Section      580  btod.o(CL$$btod_mult_common)
    i.BusFault_Handler                       0x08001944   Section        0  stm32f10x_it.o(i.BusFault_Handler)
    i.DebugMon_Handler                       0x08001948   Section        0  stm32f10x_it.o(i.DebugMon_Handler)
    i.GPIO_Init                              0x0800194a   Section        0  stm32f10x_gpio.o(i.GPIO_Init)
    i.GPIO_ResetBits                         0x08001a60   Section        0  stm32f10x_gpio.o(i.GPIO_ResetBits)
    i.GPIO_SetBits                           0x08001a64   Section        0  stm32f10x_gpio.o(i.GPIO_SetBits)
    i.HardFault_Handler                      0x08001a68   Section        0  stm32f10x_it.o(i.HardFault_Handler)
    i.MemManage_Handler                      0x08001a6c   Section        0  stm32f10x_it.o(i.MemManage_Handler)
    i.NMI_Handler                            0x08001a70   Section        0  stm32f10x_it.o(i.NMI_Handler)
    i.NVIC_Init                              0x08001a74   Section        0  misc.o(i.NVIC_Init)
    i.NVIC_PriorityGroupConfig               0x08001ae4   Section        0  misc.o(i.NVIC_PriorityGroupConfig)
    i.PendSV_Handler                         0x08001af8   Section        0  stm32f10x_it.o(i.PendSV_Handler)
    i.RCC_APB1PeriphClockCmd                 0x08001afc   Section        0  stm32f10x_rcc.o(i.RCC_APB1PeriphClockCmd)
    i.RCC_APB1PeriphResetCmd                 0x08001b1c   Section        0  stm32f10x_rcc.o(i.RCC_APB1PeriphResetCmd)
    i.RCC_APB2PeriphClockCmd                 0x08001b3c   Section        0  stm32f10x_rcc.o(i.RCC_APB2PeriphClockCmd)
    i.RCC_APB2PeriphResetCmd                 0x08001b5c   Section        0  stm32f10x_rcc.o(i.RCC_APB2PeriphResetCmd)
    i.RCC_GetClocksFreq                      0x08001b7c   Section        0  stm32f10x_rcc.o(i.RCC_GetClocksFreq)
    i.Relay_Init                             0x08001c50   Section        0  relay.o(i.Relay_Init)
    i.SVC_Handler                            0x08001d04   Section        0  stm32f10x_it.o(i.SVC_Handler)
    i.SetSysClock                            0x08001d06   Section        0  system_stm32f10x.o(i.SetSysClock)
    SetSysClock                              0x08001d07   Thumb Code     8  system_stm32f10x.o(i.SetSysClock)
    i.SetSysClockTo72                        0x08001d10   Section        0  system_stm32f10x.o(i.SetSysClockTo72)
    SetSysClockTo72                          0x08001d11   Thumb Code   214  system_stm32f10x.o(i.SetSysClockTo72)
    i.SysTick_CLKSourceConfig                0x08001df0   Section        0  misc.o(i.SysTick_CLKSourceConfig)
    i.SysTick_Handler                        0x08001e18   Section        0  stm32f10x_it.o(i.SysTick_Handler)
    i.SystemInit                             0x08001e1c   Section        0  system_stm32f10x.o(i.SystemInit)
    i.TIM4_IRQHandler                        0x08001e7c   Section        0  usmart.o(i.TIM4_IRQHandler)
    i.TIM7_IRQHandler                        0x08001eb4   Section        0  timer.o(i.TIM7_IRQHandler)
    i.TIM7_Int_Init                          0x08001ee8   Section        0  timer.o(i.TIM7_Int_Init)
    i.TIM_ClearFlag                          0x08001f48   Section        0  stm32f10x_tim.o(i.TIM_ClearFlag)
    i.TIM_ClearITPendingBit                  0x08001f4e   Section        0  stm32f10x_tim.o(i.TIM_ClearITPendingBit)
    i.TIM_Cmd                                0x08001f54   Section        0  stm32f10x_tim.o(i.TIM_Cmd)
    i.TIM_GetCounter                         0x08001f6c   Section        0  stm32f10x_tim.o(i.TIM_GetCounter)
    i.TIM_GetFlagStatus                      0x08001f72   Section        0  stm32f10x_tim.o(i.TIM_GetFlagStatus)
    i.TIM_GetITStatus                        0x08001f84   Section        0  stm32f10x_tim.o(i.TIM_GetITStatus)
    i.TIM_ITConfig                           0x08001fa6   Section        0  stm32f10x_tim.o(i.TIM_ITConfig)
    i.TIM_SetAutoreload                      0x08001fb8   Section        0  stm32f10x_tim.o(i.TIM_SetAutoreload)
    i.TIM_SetCounter                         0x08001fbc   Section        0  stm32f10x_tim.o(i.TIM_SetCounter)
    i.TIM_TimeBaseInit                       0x08001fc0   Section        0  stm32f10x_tim.o(i.TIM_TimeBaseInit)
    i.Timer4_Init                            0x08002064   Section        0  usmart.o(i.Timer4_Init)
    i.USART1_IRQHandler                      0x080020c0   Section        0  usart.o(i.USART1_IRQHandler)
    i.USART3_IRQHandler                      0x08002148   Section        0  usart3.o(i.USART3_IRQHandler)
    i.USART_Cmd                              0x080021b8   Section        0  stm32f10x_usart.o(i.USART_Cmd)
    i.USART_DeInit                           0x080021d0   Section        0  stm32f10x_usart.o(i.USART_DeInit)
    i.USART_GetFlagStatus                    0x0800226c   Section        0  stm32f10x_usart.o(i.USART_GetFlagStatus)
    i.USART_GetITStatus                      0x08002286   Section        0  stm32f10x_usart.o(i.USART_GetITStatus)
    i.USART_ITConfig                         0x080022da   Section        0  stm32f10x_usart.o(i.USART_ITConfig)
    i.USART_Init                             0x08002324   Section        0  stm32f10x_usart.o(i.USART_Init)
    i.USART_ReceiveData                      0x080023fc   Section        0  stm32f10x_usart.o(i.USART_ReceiveData)
    i.USART_SendData                         0x08002406   Section        0  stm32f10x_usart.o(i.USART_SendData)
    i.UsageFault_Handler                     0x0800240e   Section        0  stm32f10x_it.o(i.UsageFault_Handler)
    i.__ARM_fpclassify                       0x08002412   Section        0  fpclassify.o(i.__ARM_fpclassify)
    i._is_digit                              0x0800243a   Section        0  __printf_wp.o(i._is_digit)
    i._sys_exit                              0x08002448   Section        0  usart.o(i._sys_exit)
    i.atk_8266_check_cmd                     0x08002450   Section        0  common.o(i.atk_8266_check_cmd)
    i.atk_8266_consta_check                  0x08002484   Section        0  common.o(i.atk_8266_consta_check)
    i.atk_8266_get_wanip                     0x080024c8   Section        0  common.o(i.atk_8266_get_wanip)
    i.atk_8266_linktcp                       0x0800251c   Section        0  common.o(i.atk_8266_linktcp)
    i.atk_8266_quit_trans                    0x080025d8   Section        0  common.o(i.atk_8266_quit_trans)
    i.atk_8266_send_cmd                      0x08002648   Section        0  common.o(i.atk_8266_send_cmd)
    i.atk_8266_test                          0x080026a8   Section        0  common.o(i.atk_8266_test)
    i.atk_8266_wifista_test                  0x08002754   Section        0  wifista.o(i.atk_8266_wifista_test)
    i.ch9121_Init                            0x08002af0   Section        0  ch9121.o(i.ch9121_Init)
    i.delay_init                             0x08002b24   Section        0  delay.o(i.delay_init)
    i.delay_ms                               0x08002b68   Section        0  delay.o(i.delay_ms)
    i.fputc                                  0x08002bb4   Section        0  usart.o(i.fputc)
    i.main                                   0x08002bd0   Section        0  main.o(i.main)
    i.my_mem_free                            0x08002c10   Section        0  malloc.o(i.my_mem_free)
    i.my_mem_init                            0x08002c7c   Section        0  malloc.o(i.my_mem_init)
    i.my_mem_malloc                          0x08002cc0   Section        0  malloc.o(i.my_mem_malloc)
    i.my_mem_perused                         0x08002d68   Section        0  malloc.o(i.my_mem_perused)
    i.myfree                                 0x08002da8   Section        0  malloc.o(i.myfree)
    i.mymalloc                               0x08002dcc   Section        0  malloc.o(i.mymalloc)
    i.mymemset                               0x08002df4   Section        0  malloc.o(i.mymemset)
    i.read_addr                              0x08002e08   Section        0  usmart.o(i.read_addr)
    i.u3_printf                              0x08002e10   Section        0  usart3.o(i.u3_printf)
    i.uart_init                              0x08002e60   Section        0  usart.o(i.uart_init)
    i.usart3_init                            0x08002f00   Section        0  usart3.o(i.usart3_init)
    i.usmart_cmd_rec                         0x08002fd0   Section        0  usmart.o(i.usmart_cmd_rec)
    i.usmart_exe                             0x08003080   Section        0  usmart.o(i.usmart_exe)
    i.usmart_get_aparm                       0x08003354   Section        0  usmart_str.o(i.usmart_get_aparm)
    i.usmart_get_cmdname                     0x0800341c   Section        0  usmart_str.o(i.usmart_get_cmdname)
    i.usmart_get_fname                       0x08003454   Section        0  usmart_str.o(i.usmart_get_fname)
    i.usmart_get_fparam                      0x08003614   Section        0  usmart_str.o(i.usmart_get_fparam)
    i.usmart_get_parmpos                     0x08003720   Section        0  usmart_str.o(i.usmart_get_parmpos)
    i.usmart_get_runtime                     0x08003740   Section        0  usmart.o(i.usmart_get_runtime)
    i.usmart_init                            0x08003784   Section        0  usmart.o(i.usmart_init)
    i.usmart_pow                             0x080037ac   Section        0  usmart_str.o(i.usmart_pow)
    i.usmart_reset_runtime                   0x080037c4   Section        0  usmart.o(i.usmart_reset_runtime)
    i.usmart_scan                            0x080037f4   Section        0  usmart.o(i.usmart_scan)
    i.usmart_search_nextc                    0x080038b0   Section        0  usmart_str.o(i.usmart_search_nextc)
    i.usmart_str2num                         0x080038c6   Section        0  usmart_str.o(i.usmart_str2num)
    i.usmart_strcmp                          0x08003990   Section        0  usmart_str.o(i.usmart_strcmp)
    i.usmart_strcopy                         0x080039b2   Section        0  usmart_str.o(i.usmart_strcopy)
    i.usmart_strlen                          0x080039c8   Section        0  usmart_str.o(i.usmart_strlen)
    i.usmart_sys_cmd_exe                     0x080039e0   Section        0  usmart.o(i.usmart_sys_cmd_exe)
    i.write_addr                             0x080040c4   Section        0  usmart.o(i.write_addr)
    locale$$code                             0x080040c8   Section       44  lc_numeric_c.o(locale$$code)
    locale$$code                             0x080040f4   Section       44  lc_ctype_c.o(locale$$code)
    x$fpl$printf1                            0x08004120   Section        4  printf1.o(x$fpl$printf1)
    .constdata                               0x08004124   Section       24  malloc.o(.constdata)
    x$fpl$usenofp                            0x08004124   Section        0  usenofp.o(x$fpl$usenofp)
    .constdata                               0x0800413c   Section       40  _printf_hex_int_ll_ptr.o(.constdata)
    uc_hextab                                0x0800413c   Data          20  _printf_hex_int_ll_ptr.o(.constdata)
    lc_hextab                                0x08004150   Data          20  _printf_hex_int_ll_ptr.o(.constdata)
    .constdata                               0x08004164   Section       17  __printf_flags_ss_wp.o(.constdata)
    maptable                                 0x08004164   Data          17  __printf_flags_ss_wp.o(.constdata)
    .constdata                               0x08004178   Section        8  _printf_wctomb.o(.constdata)
    initial_mbstate                          0x08004178   Data           8  _printf_wctomb.o(.constdata)
    .constdata                               0x08004180   Section      148  bigflt0.o(.constdata)
    tenpwrs_x                                0x08004180   Data          60  bigflt0.o(.constdata)
    tenpwrs_i                                0x080041bc   Data          64  bigflt0.o(.constdata)
    .conststring                             0x08004214   Section      210  common.o(.conststring)
    .conststring                             0x080042e8   Section       40  usmart.o(.conststring)
    .conststring                             0x08004310   Section       60  usmart_config.o(.conststring)
    locale$$data                             0x0800436c   Section       28  lc_numeric_c.o(locale$$data)
    __lcnum_c_name                           0x08004370   Data           2  lc_numeric_c.o(locale$$data)
    __lcnum_c_start                          0x08004378   Data           0  lc_numeric_c.o(locale$$data)
    __lcnum_c_point                          0x08004384   Data           0  lc_numeric_c.o(locale$$data)
    __lcnum_c_thousands                      0x08004386   Data           0  lc_numeric_c.o(locale$$data)
    __lcnum_c_grouping                       0x08004387   Data           0  lc_numeric_c.o(locale$$data)
    locale$$data                             0x08004388   Section      272  lc_ctype_c.o(locale$$data)
    __lcnum_c_end                            0x08004388   Data           0  lc_numeric_c.o(locale$$data)
    __lcctype_c_name                         0x0800438c   Data           2  lc_ctype_c.o(locale$$data)
    __lcctype_c_start                        0x08004394   Data           0  lc_ctype_c.o(locale$$data)
    __lcctype_c_end                          0x08004498   Data           0  lc_ctype_c.o(locale$$data)
    .data                                    0x20000000   Section       20  system_stm32f10x.o(.data)
    .data                                    0x20000014   Section        4  delay.o(.data)
    fac_us                                   0x20000014   Data           1  delay.o(.data)
    fac_ms                                   0x20000016   Data           2  delay.o(.data)
    .data                                    0x20000018   Section        6  usart.o(.data)
    .data                                    0x2000001e   Section        2  usart3.o(.data)
    .data                                    0x20000020   Section       80  common.o(.data)
    .data                                    0x20000070   Section        1  wifista.o(.data)
    .data                                    0x20000071   Section       20  stm32f10x_rcc.o(.data)
    APBAHBPrescTable                         0x20000071   Data          16  stm32f10x_rcc.o(.data)
    ADCPrescTable                            0x20000081   Data           4  stm32f10x_rcc.o(.data)
    .data                                    0x20000088   Section       28  malloc.o(.data)
    .data                                    0x200000a4   Section       28  usmart.o(.data)
    .data                                    0x200000c0   Section      260  usmart_config.o(.data)
    .bss                                     0x200001c4   Section      200  usart.o(.bss)
    .bss                                     0x2000028c   Section     1200  usart3.o(.bss)
    .bss                                     0x20000740   Section    43520  malloc.o(.bss)
    .bss                                     0x2000b140   Section       96  libspace.o(.bss)
    HEAP                                     0x2000b1a0   Section      512  startup_stm32f10x_hd.o(HEAP)
    Heap_Mem                                 0x2000b1a0   Data         512  startup_stm32f10x_hd.o(HEAP)
    STACK                                    0x2000b3a0   Section     1024  startup_stm32f10x_hd.o(STACK)
    Stack_Mem                                0x2000b3a0   Data        1024  startup_stm32f10x_hd.o(STACK)
    __initial_sp                             0x2000b7a0   Data           0  startup_stm32f10x_hd.o(STACK)
    .ARM.__AT_0x68000000                     0x68000000   Section    983040  malloc.o(.ARM.__AT_0x68000000)
    .ARM.__AT_0x680F0000                     0x680f0000   Section    61440  malloc.o(.ARM.__AT_0x680F0000)

    Global Symbols

    Symbol Name                              Value     Ov Type        Size  Object(Section)

    BuildAttributes$$THM_ISAv4$P$D$K$B$S$PE$A:L22UL41UL21$X:L11$S22US41US21$IEEE1$IW$USESV6$~STKCKD$USESV7$~SHL$OTIME$ROPI$IEEEJ$EBA8$UX$STANDARDLIB$REQ8$PRES8$EABIv2 0x00000000   Number         0  anon$$obj.o ABSOLUTE
    __ARM_use_no_argv                        0x00000000   Number         0  main.o ABSOLUTE
    _printf_flags                            0x00000000   Number         0  printf_stubs.o ABSOLUTE
    _printf_return_value                     0x00000000   Number         0  printf_stubs.o ABSOLUTE
    _printf_sizespec                         0x00000000   Number         0  printf_stubs.o ABSOLUTE
    _printf_widthprec                        0x00000000   Number         0  printf_stubs.o ABSOLUTE
    __ARM_exceptions_init                     - Undefined Weak Reference
    __alloca_initialize                       - Undefined Weak Reference
    __arm_preinit_                            - Undefined Weak Reference
    __cpp_initialize__aeabi_                  - Undefined Weak Reference
    __cxa_finalize                            - Undefined Weak Reference
    __sigvec_lookup                           - Undefined Weak Reference
    _atexit_init                              - Undefined Weak Reference
    _call_atexit_fns                          - Undefined Weak Reference
    _clock_init                               - Undefined Weak Reference
    _fp_trap_init                             - Undefined Weak Reference
    _fp_trap_shutdown                         - Undefined Weak Reference
    _get_lc_collate                           - Undefined Weak Reference
    _get_lc_monetary                          - Undefined Weak Reference
    _get_lc_time                              - Undefined Weak Reference
    _getenv_init                              - Undefined Weak Reference
    _handle_redirection                       - Undefined Weak Reference
    _init_alloc                               - Undefined Weak Reference
    _init_user_alloc                          - Undefined Weak Reference
    _initio                                   - Undefined Weak Reference
    _mutex_acquire                            - Undefined Weak Reference
    _mutex_release                            - Undefined Weak Reference
    _printf_fp_hex                            - Undefined Weak Reference
    _printf_mbtowc                            - Undefined Weak Reference
    _printf_wc                                - Undefined Weak Reference
    _rand_init                                - Undefined Weak Reference
    _signal_finish                            - Undefined Weak Reference
    _signal_init                              - Undefined Weak Reference
    _terminate_alloc                          - Undefined Weak Reference
    _terminate_user_alloc                     - Undefined Weak Reference
    _terminateio                              - Undefined Weak Reference
    __Vectors_Size                           0x00000130   Number         0  startup_stm32f10x_hd.o ABSOLUTE
    __Vectors                                0x08000000   Data           4  startup_stm32f10x_hd.o(RESET)
    __Vectors_End                            0x08000130   Data           0  startup_stm32f10x_hd.o(RESET)
    __main                                   0x08000131   Thumb Code     8  __main.o(!!!main)
    __scatterload                            0x08000139   Thumb Code     0  __scatter.o(!!!scatter)
    __scatterload_rt2                        0x08000139   Thumb Code    44  __scatter.o(!!!scatter)
    __scatterload_rt2_thumb_only             0x08000139   Thumb Code     0  __scatter.o(!!!scatter)
    __scatterload_null                       0x08000147   Thumb Code     0  __scatter.o(!!!scatter)
    __decompress                             0x0800016d   Thumb Code    90  __dczerorl2.o(!!dczerorl2)
    __decompress1                            0x0800016d   Thumb Code     0  __dczerorl2.o(!!dczerorl2)
    __scatterload_zeroinit                   0x080001c9   Thumb Code    28  __scatter_zi.o(!!handler_zi)
    _printf_n                                0x080001e5   Thumb Code     0  _printf_n.o(.ARM.Collect$$_printf_percent$$00000001)
    _printf_percent                          0x080001e5   Thumb Code     0  _printf_percent.o(.ARM.Collect$$_printf_percent$$00000000)
    _printf_p                                0x080001eb   Thumb Code     0  _printf_p.o(.ARM.Collect$$_printf_percent$$00000002)
    _printf_f                                0x080001f1   Thumb Code     0  _printf_f.o(.ARM.Collect$$_printf_percent$$00000003)
    _printf_e                                0x080001f7   Thumb Code     0  _printf_e.o(.ARM.Collect$$_printf_percent$$00000004)
    _printf_g                                0x080001fd   Thumb Code     0  _printf_g.o(.ARM.Collect$$_printf_percent$$00000005)
    _printf_a                                0x08000203   Thumb Code     0  _printf_a.o(.ARM.Collect$$_printf_percent$$00000006)
    _printf_ll                               0x08000209   Thumb Code     0  _printf_ll.o(.ARM.Collect$$_printf_percent$$00000007)
    _printf_i                                0x08000213   Thumb Code     0  _printf_i.o(.ARM.Collect$$_printf_percent$$00000008)
    _printf_d                                0x08000219   Thumb Code     0  _printf_d.o(.ARM.Collect$$_printf_percent$$00000009)
    _printf_u                                0x0800021f   Thumb Code     0  _printf_u.o(.ARM.Collect$$_printf_percent$$0000000A)
    _printf_o                                0x08000225   Thumb Code     0  _printf_o.o(.ARM.Collect$$_printf_percent$$0000000B)
    _printf_x                                0x0800022b   Thumb Code     0  _printf_x.o(.ARM.Collect$$_printf_percent$$0000000C)
    _printf_lli                              0x08000231   Thumb Code     0  _printf_lli.o(.ARM.Collect$$_printf_percent$$0000000D)
    _printf_lld                              0x08000237   Thumb Code     0  _printf_lld.o(.ARM.Collect$$_printf_percent$$0000000E)
    _printf_llu                              0x0800023d   Thumb Code     0  _printf_llu.o(.ARM.Collect$$_printf_percent$$0000000F)
    _printf_llo                              0x08000243   Thumb Code     0  _printf_llo.o(.ARM.Collect$$_printf_percent$$00000010)
    _printf_llx                              0x08000249   Thumb Code     0  _printf_llx.o(.ARM.Collect$$_printf_percent$$00000011)
    _printf_l                                0x0800024f   Thumb Code     0  _printf_l.o(.ARM.Collect$$_printf_percent$$00000012)
    _printf_c                                0x08000259   Thumb Code     0  _printf_c.o(.ARM.Collect$$_printf_percent$$00000013)
    _printf_s                                0x0800025f   Thumb Code     0  _printf_s.o(.ARM.Collect$$_printf_percent$$00000014)
    _printf_lc                               0x08000265   Thumb Code     0  _printf_lc.o(.ARM.Collect$$_printf_percent$$00000015)
    _printf_ls                               0x0800026b   Thumb Code     0  _printf_ls.o(.ARM.Collect$$_printf_percent$$00000016)
    _printf_percent_end                      0x08000271   Thumb Code     0  _printf_percent_end.o(.ARM.Collect$$_printf_percent$$00000017)
    __rt_lib_init                            0x08000275   Thumb Code     0  libinit.o(.ARM.Collect$$libinit$$00000000)
    __rt_lib_init_fp_1                       0x08000277   Thumb Code     0  libinit2.o(.ARM.Collect$$libinit$$00000002)
    __rt_lib_init_heap_1                     0x08000277   Thumb Code     0  libinit2.o(.ARM.Collect$$libinit$$0000000A)
    __rt_lib_init_lc_common                  0x08000277   Thumb Code     0  libinit2.o(.ARM.Collect$$libinit$$0000000F)
    __rt_lib_init_preinit_1                  0x08000277   Thumb Code     0  libinit2.o(.ARM.Collect$$libinit$$00000004)
    __rt_lib_init_rand_1                     0x08000277   Thumb Code     0  libinit2.o(.ARM.Collect$$libinit$$0000000E)
    __rt_lib_init_user_alloc_1               0x08000277   Thumb Code     0  libinit2.o(.ARM.Collect$$libinit$$0000000C)
    __rt_lib_init_lc_collate_1               0x0800027d   Thumb Code     0  libinit2.o(.ARM.Collect$$libinit$$00000011)
    __rt_lib_init_lc_ctype_2                 0x0800027d   Thumb Code     0  libinit2.o(.ARM.Collect$$libinit$$00000012)
    __rt_lib_init_lc_ctype_1                 0x08000289   Thumb Code     0  libinit2.o(.ARM.Collect$$libinit$$00000013)
    __rt_lib_init_lc_monetary_1              0x08000289   Thumb Code     0  libinit2.o(.ARM.Collect$$libinit$$00000015)
    __rt_lib_init_lc_numeric_2               0x08000289   Thumb Code     0  libinit2.o(.ARM.Collect$$libinit$$00000016)
    __rt_lib_init_alloca_1                   0x08000293   Thumb Code     0  libinit2.o(.ARM.Collect$$libinit$$0000002E)
    __rt_lib_init_argv_1                     0x08000293   Thumb Code     0  libinit2.o(.ARM.Collect$$libinit$$0000002C)
    __rt_lib_init_atexit_1                   0x08000293   Thumb Code     0  libinit2.o(.ARM.Collect$$libinit$$0000001B)
    __rt_lib_init_clock_1                    0x08000293   Thumb Code     0  libinit2.o(.ARM.Collect$$libinit$$00000021)
    __rt_lib_init_cpp_1                      0x08000293   Thumb Code     0  libinit2.o(.ARM.Collect$$libinit$$00000032)
    __rt_lib_init_exceptions_1               0x08000293   Thumb Code     0  libinit2.o(.ARM.Collect$$libinit$$00000030)
    __rt_lib_init_fp_trap_1                  0x08000293   Thumb Code     0  libinit2.o(.ARM.Collect$$libinit$$0000001F)
    __rt_lib_init_getenv_1                   0x08000293   Thumb Code     0  libinit2.o(.ARM.Collect$$libinit$$00000023)
    __rt_lib_init_lc_numeric_1               0x08000293   Thumb Code     0  libinit2.o(.ARM.Collect$$libinit$$00000017)
    __rt_lib_init_lc_time_1                  0x08000293   Thumb Code     0  libinit2.o(.ARM.Collect$$libinit$$00000019)
    __rt_lib_init_return                     0x08000293   Thumb Code     0  libinit2.o(.ARM.Collect$$libinit$$00000033)
    __rt_lib_init_signal_1                   0x08000293   Thumb Code     0  libinit2.o(.ARM.Collect$$libinit$$0000001D)
    __rt_lib_init_stdio_1                    0x08000293   Thumb Code     0  libinit2.o(.ARM.Collect$$libinit$$00000025)
    __rt_lib_shutdown                        0x08000295   Thumb Code     0  libshutdown.o(.ARM.Collect$$libshutdown$$00000000)
    __rt_lib_shutdown_cpp_1                  0x08000297   Thumb Code     0  libshutdown2.o(.ARM.Collect$$libshutdown$$00000002)
    __rt_lib_shutdown_fp_trap_1              0x08000297   Thumb Code     0  libshutdown2.o(.ARM.Collect$$libshutdown$$00000007)
    __rt_lib_shutdown_heap_1                 0x08000297   Thumb Code     0  libshutdown2.o(.ARM.Collect$$libshutdown$$0000000F)
    __rt_lib_shutdown_return                 0x08000297   Thumb Code     0  libshutdown2.o(.ARM.Collect$$libshutdown$$00000010)
    __rt_lib_shutdown_signal_1               0x08000297   Thumb Code     0  libshutdown2.o(.ARM.Collect$$libshutdown$$0000000A)
    __rt_lib_shutdown_stdio_1                0x08000297   Thumb Code     0  libshutdown2.o(.ARM.Collect$$libshutdown$$00000004)
    __rt_lib_shutdown_user_alloc_1           0x08000297   Thumb Code     0  libshutdown2.o(.ARM.Collect$$libshutdown$$0000000C)
    __rt_entry                               0x08000299   Thumb Code     0  __rtentry.o(.ARM.Collect$$rtentry$$00000000)
    __rt_entry_presh_1                       0x08000299   Thumb Code     0  __rtentry2.o(.ARM.Collect$$rtentry$$00000002)
    __rt_entry_sh                            0x08000299   Thumb Code     0  __rtentry4.o(.ARM.Collect$$rtentry$$00000004)
    __rt_entry_li                            0x0800029f   Thumb Code     0  __rtentry2.o(.ARM.Collect$$rtentry$$0000000A)
    __rt_entry_postsh_1                      0x0800029f   Thumb Code     0  __rtentry2.o(.ARM.Collect$$rtentry$$00000009)
    __rt_entry_main                          0x080002a3   Thumb Code     0  __rtentry2.o(.ARM.Collect$$rtentry$$0000000D)
    __rt_entry_postli_1                      0x080002a3   Thumb Code     0  __rtentry2.o(.ARM.Collect$$rtentry$$0000000C)
    __rt_exit                                0x080002ab   Thumb Code     0  rtexit.o(.ARM.Collect$$rtexit$$00000000)
    __rt_exit_ls                             0x080002ad   Thumb Code     0  rtexit2.o(.ARM.Collect$$rtexit$$00000003)
    __rt_exit_prels_1                        0x080002ad   Thumb Code     0  rtexit2.o(.ARM.Collect$$rtexit$$00000002)
    __rt_exit_exit                           0x080002b1   Thumb Code     0  rtexit2.o(.ARM.Collect$$rtexit$$00000004)
    Reset_Handler                            0x080002b9   Thumb Code     8  startup_stm32f10x_hd.o(.text)
    ADC1_2_IRQHandler                        0x080002d3   Thumb Code     0  startup_stm32f10x_hd.o(.text)
    ADC3_IRQHandler                          0x080002d3   Thumb Code     0  startup_stm32f10x_hd.o(.text)
    CAN1_RX1_IRQHandler                      0x080002d3   Thumb Code     0  startup_stm32f10x_hd.o(.text)
    CAN1_SCE_IRQHandler                      0x080002d3   Thumb Code     0  startup_stm32f10x_hd.o(.text)
    DMA1_Channel1_IRQHandler                 0x080002d3   Thumb Code     0  startup_stm32f10x_hd.o(.text)
    DMA1_Channel2_IRQHandler                 0x080002d3   Thumb Code     0  startup_stm32f10x_hd.o(.text)
    DMA1_Channel3_IRQHandler                 0x080002d3   Thumb Code     0  startup_stm32f10x_hd.o(.text)
    DMA1_Channel4_IRQHandler                 0x080002d3   Thumb Code     0  startup_stm32f10x_hd.o(.text)
    DMA1_Channel5_IRQHandler                 0x080002d3   Thumb Code     0  startup_stm32f10x_hd.o(.text)
    DMA1_Channel6_IRQHandler                 0x080002d3   Thumb Code     0  startup_stm32f10x_hd.o(.text)
    DMA1_Channel7_IRQHandler                 0x080002d3   Thumb Code     0  startup_stm32f10x_hd.o(.text)
    DMA2_Channel1_IRQHandler                 0x080002d3   Thumb Code     0  startup_stm32f10x_hd.o(.text)
    DMA2_Channel2_IRQHandler                 0x080002d3   Thumb Code     0  startup_stm32f10x_hd.o(.text)
    DMA2_Channel3_IRQHandler                 0x080002d3   Thumb Code     0  startup_stm32f10x_hd.o(.text)
    DMA2_Channel4_5_IRQHandler               0x080002d3   Thumb Code     0  startup_stm32f10x_hd.o(.text)
    EXTI0_IRQHandler                         0x080002d3   Thumb Code     0  startup_stm32f10x_hd.o(.text)
    EXTI15_10_IRQHandler                     0x080002d3   Thumb Code     0  startup_stm32f10x_hd.o(.text)
    EXTI1_IRQHandler                         0x080002d3   Thumb Code     0  startup_stm32f10x_hd.o(.text)
    EXTI2_IRQHandler                         0x080002d3   Thumb Code     0  startup_stm32f10x_hd.o(.text)
    EXTI3_IRQHandler                         0x080002d3   Thumb Code     0  startup_stm32f10x_hd.o(.text)
    EXTI4_IRQHandler                         0x080002d3   Thumb Code     0  startup_stm32f10x_hd.o(.text)
    EXTI9_5_IRQHandler                       0x080002d3   Thumb Code     0  startup_stm32f10x_hd.o(.text)
    FLASH_IRQHandler                         0x080002d3   Thumb Code     0  startup_stm32f10x_hd.o(.text)
    FSMC_IRQHandler                          0x080002d3   Thumb Code     0  startup_stm32f10x_hd.o(.text)
    I2C1_ER_IRQHandler                       0x080002d3   Thumb Code     0  startup_stm32f10x_hd.o(.text)
    I2C1_EV_IRQHandler                       0x080002d3   Thumb Code     0  startup_stm32f10x_hd.o(.text)
    I2C2_ER_IRQHandler                       0x080002d3   Thumb Code     0  startup_stm32f10x_hd.o(.text)
    I2C2_EV_IRQHandler                       0x080002d3   Thumb Code     0  startup_stm32f10x_hd.o(.text)
    PVD_IRQHandler                           0x080002d3   Thumb Code     0  startup_stm32f10x_hd.o(.text)
    RCC_IRQHandler                           0x080002d3   Thumb Code     0  startup_stm32f10x_hd.o(.text)
    RTCAlarm_IRQHandler                      0x080002d3   Thumb Code     0  startup_stm32f10x_hd.o(.text)
    RTC_IRQHandler                           0x080002d3   Thumb Code     0  startup_stm32f10x_hd.o(.text)
    SDIO_IRQHandler                          0x080002d3   Thumb Code     0  startup_stm32f10x_hd.o(.text)
    SPI1_IRQHandler                          0x080002d3   Thumb Code     0  startup_stm32f10x_hd.o(.text)
    SPI2_IRQHandler                          0x080002d3   Thumb Code     0  startup_stm32f10x_hd.o(.text)
    SPI3_IRQHandler                          0x080002d3   Thumb Code     0  startup_stm32f10x_hd.o(.text)
    TAMPER_IRQHandler                        0x080002d3   Thumb Code     0  startup_stm32f10x_hd.o(.text)
    TIM1_BRK_IRQHandler                      0x080002d3   Thumb Code     0  startup_stm32f10x_hd.o(.text)
    TIM1_CC_IRQHandler                       0x080002d3   Thumb Code     0  startup_stm32f10x_hd.o(.text)
    TIM1_TRG_COM_IRQHandler                  0x080002d3   Thumb Code     0  startup_stm32f10x_hd.o(.text)
    TIM1_UP_IRQHandler                       0x080002d3   Thumb Code     0  startup_stm32f10x_hd.o(.text)
    TIM2_IRQHandler                          0x080002d3   Thumb Code     0  startup_stm32f10x_hd.o(.text)
    TIM3_IRQHandler                          0x080002d3   Thumb Code     0  startup_stm32f10x_hd.o(.text)
    TIM5_IRQHandler                          0x080002d3   Thumb Code     0  startup_stm32f10x_hd.o(.text)
    TIM6_IRQHandler                          0x080002d3   Thumb Code     0  startup_stm32f10x_hd.o(.text)
    TIM8_BRK_IRQHandler                      0x080002d3   Thumb Code     0  startup_stm32f10x_hd.o(.text)
    TIM8_CC_IRQHandler                       0x080002d3   Thumb Code     0  startup_stm32f10x_hd.o(.text)
    TIM8_TRG_COM_IRQHandler                  0x080002d3   Thumb Code     0  startup_stm32f10x_hd.o(.text)
    TIM8_UP_IRQHandler                       0x080002d3   Thumb Code     0  startup_stm32f10x_hd.o(.text)
    UART4_IRQHandler                         0x080002d3   Thumb Code     0  startup_stm32f10x_hd.o(.text)
    UART5_IRQHandler                         0x080002d3   Thumb Code     0  startup_stm32f10x_hd.o(.text)
    USART2_IRQHandler                        0x080002d3   Thumb Code     0  startup_stm32f10x_hd.o(.text)
    USBWakeUp_IRQHandler                     0x080002d3   Thumb Code     0  startup_stm32f10x_hd.o(.text)
    USB_HP_CAN1_TX_IRQHandler                0x080002d3   Thumb Code     0  startup_stm32f10x_hd.o(.text)
    USB_LP_CAN1_RX0_IRQHandler               0x080002d3   Thumb Code     0  startup_stm32f10x_hd.o(.text)
    WWDG_IRQHandler                          0x080002d3   Thumb Code     0  startup_stm32f10x_hd.o(.text)
    __user_initial_stackheap                 0x080002d5   Thumb Code     0  startup_stm32f10x_hd.o(.text)
    __use_no_semihosting                     0x080002f9   Thumb Code     2  use_no_semi_2.o(.text)
    __c89vsprintf                            0x080002fd   Thumb Code    32  c89vsprintf.o(.text)
    __2printf                                0x08000321   Thumb Code    20  __2printf.o(.text)
    __2sprintf                               0x08000339   Thumb Code    38  __2sprintf.o(.text)
    _printf_pre_padding                      0x08000365   Thumb Code    44  _printf_pad.o(.text)
    _printf_post_padding                     0x08000391   Thumb Code    34  _printf_pad.o(.text)
    _printf_str                              0x080003b3   Thumb Code    82  _printf_str.o(.text)
    _printf_int_dec                          0x08000405   Thumb Code   104  _printf_dec.o(.text)
    _printf_longlong_hex                     0x0800047d   Thumb Code    86  _printf_hex_int_ll_ptr.o(.text)
    _printf_int_hex                          0x080004d3   Thumb Code    28  _printf_hex_int_ll_ptr.o(.text)
    _printf_ll_hex                           0x080004ef   Thumb Code    12  _printf_hex_int_ll_ptr.o(.text)
    _printf_hex_ptr                          0x080004fb   Thumb Code    18  _printf_hex_int_ll_ptr.o(.text)
    __printf                                 0x08000511   Thumb Code   388  __printf_flags_ss_wp.o(.text)
    strstr                                   0x08000699   Thumb Code    36  strstr.o(.text)
    strlen                                   0x080006bd   Thumb Code    62  strlen.o(.text)
    __use_two_region_memory                  0x080006fb   Thumb Code     2  heapauxi.o(.text)
    __rt_heap_escrow$2region                 0x080006fd   Thumb Code     2  heapauxi.o(.text)
    __rt_heap_expand$2region                 0x080006ff   Thumb Code     2  heapauxi.o(.text)
    __I$use$semihosting                      0x08000701   Thumb Code     0  use_no_semi.o(.text)
    __use_no_semihosting_swi                 0x08000701   Thumb Code     2  use_no_semi.o(.text)
    _printf_truncate_signed                  0x08000703   Thumb Code    18  _printf_truncate.o(.text)
    _printf_truncate_unsigned                0x08000715   Thumb Code    18  _printf_truncate.o(.text)
    _printf_int_common                       0x08000727   Thumb Code   178  _printf_intcommon.o(.text)
    _printf_charcount                        0x080007d9   Thumb Code    40  _printf_charcount.o(.text)
    _printf_char_common                      0x0800080b   Thumb Code    32  _printf_char_common.o(.text)
    _sputc                                   0x08000831   Thumb Code    10  _sputc.o(.text)
    _printf_cs_common                        0x0800083b   Thumb Code    20  _printf_char.o(.text)
    _printf_char                             0x0800084f   Thumb Code    16  _printf_char.o(.text)
    _printf_string                           0x0800085f   Thumb Code     8  _printf_char.o(.text)
    _printf_char_file                        0x08000869   Thumb Code    32  _printf_char_file.o(.text)
    _printf_wctomb                           0x0800088d   Thumb Code   182  _printf_wctomb.o(.text)
    _printf_longlong_dec                     0x08000949   Thumb Code   108  _printf_longlong_dec.o(.text)
    _printf_longlong_oct                     0x080009c5   Thumb Code    66  _printf_oct_int_ll.o(.text)
    _printf_int_oct                          0x08000a07   Thumb Code    24  _printf_oct_int_ll.o(.text)
    _printf_ll_oct                           0x08000a1f   Thumb Code    12  _printf_oct_int_ll.o(.text)
    _ll_udiv10                               0x08000a35   Thumb Code   138  lludiv10.o(.text)
    __lib_sel_fp_printf                      0x08000abf   Thumb Code     2  _printf_fp_dec.o(.text)
    _printf_fp_dec_real                      0x08000c71   Thumb Code   620  _printf_fp_dec.o(.text)
    _printf_lcs_common                       0x08000edd   Thumb Code    20  _printf_wchar.o(.text)
    _printf_wchar                            0x08000ef1   Thumb Code    16  _printf_wchar.o(.text)
    _printf_wstring                          0x08000f01   Thumb Code     8  _printf_wchar.o(.text)
    ferror                                   0x08000f09   Thumb Code     8  ferror.o(.text)
    _wcrtomb                                 0x08000f11   Thumb Code    64  _wcrtomb.o(.text)
    __user_setup_stackheap                   0x08000f51   Thumb Code    74  sys_stackheap_outer.o(.text)
    __rt_ctype_table                         0x08000f9d   Thumb Code    16  rt_ctype_table.o(.text)
    __rt_locale                              0x08000fad   Thumb Code     8  rt_locale_intlibspace.o(.text)
    _printf_fp_infnan                        0x08000fb5   Thumb Code   112  _printf_fp_infnan.o(.text)
    _btod_etento                             0x08001035   Thumb Code   224  bigflt0.o(.text)
    exit                                     0x08001119   Thumb Code    18  exit.o(.text)
    __user_libspace                          0x0800112d   Thumb Code     8  libspace.o(.text)
    __user_perproc_libspace                  0x0800112d   Thumb Code     0  libspace.o(.text)
    __user_perthread_libspace                0x0800112d   Thumb Code     0  libspace.o(.text)
    strcmp                                   0x08001135   Thumb Code   128  strcmpv7m.o(.text)
    _btod_d2e                                0x080011b5   Thumb Code    62  btod.o(CL$$btod_d2e)
    _d2e_denorm_low                          0x080011f3   Thumb Code    70  btod.o(CL$$btod_d2e_denorm_low)
    _d2e_norm_op1                            0x08001239   Thumb Code    96  btod.o(CL$$btod_d2e_norm_op1)
    __btod_div_common                        0x08001299   Thumb Code   696  btod.o(CL$$btod_div_common)
    _e2e                                     0x080015d1   Thumb Code   220  btod.o(CL$$btod_e2e)
    _btod_ediv                               0x080016ad   Thumb Code    42  btod.o(CL$$btod_ediv)
    _btod_emul                               0x080016d7   Thumb Code    42  btod.o(CL$$btod_emul)
    __btod_mult_common                       0x08001701   Thumb Code   580  btod.o(CL$$btod_mult_common)
    BusFault_Handler                         0x08001945   Thumb Code     4  stm32f10x_it.o(i.BusFault_Handler)
    DebugMon_Handler                         0x08001949   Thumb Code     2  stm32f10x_it.o(i.DebugMon_Handler)
    GPIO_Init                                0x0800194b   Thumb Code   278  stm32f10x_gpio.o(i.GPIO_Init)
    GPIO_ResetBits                           0x08001a61   Thumb Code     4  stm32f10x_gpio.o(i.GPIO_ResetBits)
    GPIO_SetBits                             0x08001a65   Thumb Code     4  stm32f10x_gpio.o(i.GPIO_SetBits)
    HardFault_Handler                        0x08001a69   Thumb Code     4  stm32f10x_it.o(i.HardFault_Handler)
    MemManage_Handler                        0x08001a6d   Thumb Code     4  stm32f10x_it.o(i.MemManage_Handler)
    NMI_Handler                              0x08001a71   Thumb Code     2  stm32f10x_it.o(i.NMI_Handler)
    NVIC_Init                                0x08001a75   Thumb Code   100  misc.o(i.NVIC_Init)
    NVIC_PriorityGroupConfig                 0x08001ae5   Thumb Code    10  misc.o(i.NVIC_PriorityGroupConfig)
    PendSV_Handler                           0x08001af9   Thumb Code     2  stm32f10x_it.o(i.PendSV_Handler)
    RCC_APB1PeriphClockCmd                   0x08001afd   Thumb Code    26  stm32f10x_rcc.o(i.RCC_APB1PeriphClockCmd)
    RCC_APB1PeriphResetCmd                   0x08001b1d   Thumb Code    26  stm32f10x_rcc.o(i.RCC_APB1PeriphResetCmd)
    RCC_APB2PeriphClockCmd                   0x08001b3d   Thumb Code    26  stm32f10x_rcc.o(i.RCC_APB2PeriphClockCmd)
    RCC_APB2PeriphResetCmd                   0x08001b5d   Thumb Code    26  stm32f10x_rcc.o(i.RCC_APB2PeriphResetCmd)
    RCC_GetClocksFreq                        0x08001b7d   Thumb Code   192  stm32f10x_rcc.o(i.RCC_GetClocksFreq)
    Relay_Init                               0x08001c51   Thumb Code   162  relay.o(i.Relay_Init)
    SVC_Handler                              0x08001d05   Thumb Code     2  stm32f10x_it.o(i.SVC_Handler)
    SysTick_CLKSourceConfig                  0x08001df1   Thumb Code    40  misc.o(i.SysTick_CLKSourceConfig)
    SysTick_Handler                          0x08001e19   Thumb Code     2  stm32f10x_it.o(i.SysTick_Handler)
    SystemInit                               0x08001e1d   Thumb Code    78  system_stm32f10x.o(i.SystemInit)
    TIM4_IRQHandler                          0x08001e7d   Thumb Code    46  usmart.o(i.TIM4_IRQHandler)
    TIM7_IRQHandler                          0x08001eb5   Thumb Code    42  timer.o(i.TIM7_IRQHandler)
    TIM7_Int_Init                            0x08001ee9   Thumb Code    90  timer.o(i.TIM7_Int_Init)
    TIM_ClearFlag                            0x08001f49   Thumb Code     6  stm32f10x_tim.o(i.TIM_ClearFlag)
    TIM_ClearITPendingBit                    0x08001f4f   Thumb Code     6  stm32f10x_tim.o(i.TIM_ClearITPendingBit)
    TIM_Cmd                                  0x08001f55   Thumb Code    24  stm32f10x_tim.o(i.TIM_Cmd)
    TIM_GetCounter                           0x08001f6d   Thumb Code     6  stm32f10x_tim.o(i.TIM_GetCounter)
    TIM_GetFlagStatus                        0x08001f73   Thumb Code    18  stm32f10x_tim.o(i.TIM_GetFlagStatus)
    TIM_GetITStatus                          0x08001f85   Thumb Code    34  stm32f10x_tim.o(i.TIM_GetITStatus)
    TIM_ITConfig                             0x08001fa7   Thumb Code    18  stm32f10x_tim.o(i.TIM_ITConfig)
    TIM_SetAutoreload                        0x08001fb9   Thumb Code     4  stm32f10x_tim.o(i.TIM_SetAutoreload)
    TIM_SetCounter                           0x08001fbd   Thumb Code     4  stm32f10x_tim.o(i.TIM_SetCounter)
    TIM_TimeBaseInit                         0x08001fc1   Thumb Code   122  stm32f10x_tim.o(i.TIM_TimeBaseInit)
    Timer4_Init                              0x08002065   Thumb Code    88  usmart.o(i.Timer4_Init)
    USART1_IRQHandler                        0x080020c1   Thumb Code   122  usart.o(i.USART1_IRQHandler)
    USART3_IRQHandler                        0x08002149   Thumb Code    94  usart3.o(i.USART3_IRQHandler)
    USART_Cmd                                0x080021b9   Thumb Code    24  stm32f10x_usart.o(i.USART_Cmd)
    USART_DeInit                             0x080021d1   Thumb Code   134  stm32f10x_usart.o(i.USART_DeInit)
    USART_GetFlagStatus                      0x0800226d   Thumb Code    26  stm32f10x_usart.o(i.USART_GetFlagStatus)
    USART_GetITStatus                        0x08002287   Thumb Code    84  stm32f10x_usart.o(i.USART_GetITStatus)
    USART_ITConfig                           0x080022db   Thumb Code    74  stm32f10x_usart.o(i.USART_ITConfig)
    USART_Init                               0x08002325   Thumb Code   210  stm32f10x_usart.o(i.USART_Init)
    USART_ReceiveData                        0x080023fd   Thumb Code    10  stm32f10x_usart.o(i.USART_ReceiveData)
    USART_SendData                           0x08002407   Thumb Code     8  stm32f10x_usart.o(i.USART_SendData)
    UsageFault_Handler                       0x0800240f   Thumb Code     4  stm32f10x_it.o(i.UsageFault_Handler)
    __ARM_fpclassify                         0x08002413   Thumb Code    40  fpclassify.o(i.__ARM_fpclassify)
    _is_digit                                0x0800243b   Thumb Code    14  __printf_wp.o(i._is_digit)
    _sys_exit                                0x08002449   Thumb Code     6  usart.o(i._sys_exit)
    atk_8266_check_cmd                       0x08002451   Thumb Code    44  common.o(i.atk_8266_check_cmd)
    atk_8266_consta_check                    0x08002485   Thumb Code    36  common.o(i.atk_8266_consta_check)
    atk_8266_get_wanip                       0x080024c9   Thumb Code    58  common.o(i.atk_8266_get_wanip)
    atk_8266_linktcp                         0x0800251d   Thumb Code    90  common.o(i.atk_8266_linktcp)
    atk_8266_quit_trans                      0x080025d9   Thumb Code   100  common.o(i.atk_8266_quit_trans)
    atk_8266_send_cmd                        0x08002649   Thumb Code    84  common.o(i.atk_8266_send_cmd)
    atk_8266_test                            0x080026a9   Thumb Code    74  common.o(i.atk_8266_test)
    atk_8266_wifista_test                    0x08002755   Thumb Code   502  wifista.o(i.atk_8266_wifista_test)
    ch9121_Init                              0x08002af1   Thumb Code    46  ch9121.o(i.ch9121_Init)
    delay_init                               0x08002b25   Thumb Code    50  delay.o(i.delay_init)
    delay_ms                                 0x08002b69   Thumb Code    72  delay.o(i.delay_ms)
    fputc                                    0x08002bb5   Thumb Code    24  usart.o(i.fputc)
    main                                     0x08002bd1   Thumb Code    60  main.o(i.main)
    my_mem_free                              0x08002c11   Thumb Code    96  malloc.o(i.my_mem_free)
    my_mem_init                              0x08002c7d   Thumb Code    54  malloc.o(i.my_mem_init)
    my_mem_malloc                            0x08002cc1   Thumb Code   156  malloc.o(i.my_mem_malloc)
    my_mem_perused                           0x08002d69   Thumb Code    54  malloc.o(i.my_mem_perused)
    myfree                                   0x08002da9   Thumb Code    30  malloc.o(i.myfree)
    mymalloc                                 0x08002dcd   Thumb Code    34  malloc.o(i.mymalloc)
    mymemset                                 0x08002df5   Thumb Code    20  malloc.o(i.mymemset)
    read_addr                                0x08002e09   Thumb Code     6  usmart.o(i.read_addr)
    u3_printf                                0x08002e11   Thumb Code    72  usart3.o(i.u3_printf)
    uart_init                                0x08002e61   Thumb Code   152  usart.o(i.uart_init)
    usart3_init                              0x08002f01   Thumb Code   192  usart3.o(i.usart3_init)
    usmart_cmd_rec                           0x08002fd1   Thumb Code   170  usmart.o(i.usmart_cmd_rec)
    usmart_exe                               0x08003081   Thumb Code   632  usmart.o(i.usmart_exe)
    usmart_get_aparm                         0x08003355   Thumb Code   200  usmart_str.o(i.usmart_get_aparm)
    usmart_get_cmdname                       0x0800341d   Thumb Code    54  usmart_str.o(i.usmart_get_cmdname)
    usmart_get_fname                         0x08003455   Thumb Code   440  usmart_str.o(i.usmart_get_fname)
    usmart_get_fparam                        0x08003615   Thumb Code   262  usmart_str.o(i.usmart_get_fparam)
    usmart_get_parmpos                       0x08003721   Thumb Code    26  usmart_str.o(i.usmart_get_parmpos)
    usmart_get_runtime                       0x08003741   Thumb Code    60  usmart.o(i.usmart_get_runtime)
    usmart_init                              0x08003785   Thumb Code    36  usmart.o(i.usmart_init)
    usmart_pow                               0x080037ad   Thumb Code    22  usmart_str.o(i.usmart_pow)
    usmart_reset_runtime                     0x080037c5   Thumb Code    38  usmart.o(i.usmart_reset_runtime)
    usmart_scan                              0x080037f5   Thumb Code   120  usmart.o(i.usmart_scan)
    usmart_search_nextc                      0x080038b1   Thumb Code    22  usmart_str.o(i.usmart_search_nextc)
    usmart_str2num                           0x080038c7   Thumb Code   202  usmart_str.o(i.usmart_str2num)
    usmart_strcmp                            0x08003991   Thumb Code    34  usmart_str.o(i.usmart_strcmp)
    usmart_strcopy                           0x080039b3   Thumb Code    22  usmart_str.o(i.usmart_strcopy)
    usmart_strlen                            0x080039c9   Thumb Code    24  usmart_str.o(i.usmart_strlen)
    usmart_sys_cmd_exe                       0x080039e1   Thumb Code  1554  usmart.o(i.usmart_sys_cmd_exe)
    write_addr                               0x080040c5   Thumb Code     4  usmart.o(i.write_addr)
    _get_lc_numeric                          0x080040c9   Thumb Code    44  lc_numeric_c.o(locale$$code)
    _get_lc_ctype                            0x080040f5   Thumb Code    44  lc_ctype_c.o(locale$$code)
    _printf_fp_dec                           0x08004121   Thumb Code     4  printf1.o(x$fpl$printf1)
    __I$use$fp                               0x08004124   Number         0  usenofp.o(x$fpl$usenofp)
    memtblsize                               0x08004124   Data           8  malloc.o(.constdata)
    memblksize                               0x0800412c   Data           8  malloc.o(.constdata)
    memsize                                  0x08004134   Data           8  malloc.o(.constdata)
    Region$$Table$$Base                      0x0800434c   Number         0  anon$$obj.o(Region$$Table)
    Region$$Table$$Limit                     0x0800436c   Number         0  anon$$obj.o(Region$$Table)
    __ctype                                  0x08004395   Data           0  lc_ctype_c.o(locale$$data)
    SystemCoreClock                          0x20000000   Data           4  system_stm32f10x.o(.data)
    AHBPrescTable                            0x20000004   Data          16  system_stm32f10x.o(.data)
    __stdout                                 0x20000018   Data           4  usart.o(.data)
    USART_RX_STA                             0x2000001c   Data           2  usart.o(.data)
    USART3_RX_STA                            0x2000001e   Data           2  usart3.o(.data)
    serverportnum                            0x20000020   Data           4  common.o(.data)
    portnum                                  0x20000024   Data           4  common.o(.data)
    ipaddr                                   0x20000028   Data           4  common.o(.data)
    wifista_ssid                             0x2000002c   Data           4  common.o(.data)
    wifista_encryption                       0x20000030   Data           4  common.o(.data)
    wifista_password                         0x20000034   Data           4  common.o(.data)
    wifiap_ssid                              0x20000038   Data           4  common.o(.data)
    wifiap_encryption                        0x2000003c   Data           4  common.o(.data)
    wifiap_password                          0x20000040   Data           4  common.o(.data)
    ATK_ESP8266_CWMODE_TBL                   0x20000044   Data          12  common.o(.data)
    ATK_ESP8266_WORKMODE_TBL                 0x20000050   Data          12  common.o(.data)
    ATK_ESP8266_ECN_TBL                      0x2000005c   Data          20  common.o(.data)
    netpro                                   0x20000070   Data           1  wifista.o(.data)
    mallco_dev                               0x20000088   Data          28  malloc.o(.data)
    sys_cmd_tab                              0x200000a4   Data          28  usmart.o(.data)
    usmart_nametab                           0x200000c0   Data          16  usmart_config.o(.data)
    usmart_dev                               0x200000d0   Data         244  usmart_config.o(.data)
    USART_RX_BUF                             0x200001c4   Data         200  usart.o(.bss)
    USART3_RX_BUF                            0x2000028c   Data         600  usart3.o(.bss)
    USART3_TX_BUF                            0x200004e4   Data         600  usart3.o(.bss)
    mem1base                                 0x20000740   Data       40960  malloc.o(.bss)
    mem1mapbase                              0x2000a740   Data        2560  malloc.o(.bss)
    __libspace_start                         0x2000b140   Data          96  libspace.o(.bss)
    __temporary_stack_top$libspace           0x2000b1a0   Data           0  libspace.o(.bss)
    mem2base                                 0x68000000   Data       983040  malloc.o(.ARM.__AT_0x68000000)
    mem2mapbase                              0x680f0000   Data       61440  malloc.o(.ARM.__AT_0x680F0000)



==============================================================================

Memory Map of the image

  Image Entry point : 0x08000131

  Load Region LR_IROM1 (Base: 0x08000000, Size: 0x0000465c, Max: 0x00080000, ABSOLUTE, COMPRESSED[0x0000453c])

    Execution Region ER_IROM1 (Exec base: 0x08000000, Load base: 0x08000000, Size: 0x00004498, Max: 0x00080000, ABSOLUTE)

    Exec Addr    Load Addr    Size         Type   Attr      Idx    E Section Name        Object

    0x08000000   0x08000000   0x00000130   Data   RO          282    RESET               startup_stm32f10x_hd.o
    0x08000130   0x08000130   0x00000008   Code   RO         2540  * !!!main             c_w.l(__main.o)
    0x08000138   0x08000138   0x00000034   Code   RO         2803    !!!scatter          c_w.l(__scatter.o)
    0x0800016c   0x0800016c   0x0000005a   Code   RO         2801    !!dczerorl2         c_w.l(__dczerorl2.o)
    0x080001c6   0x080001c6   0x00000002   PAD
    0x080001c8   0x080001c8   0x0000001c   Code   RO         2805    !!handler_zi        c_w.l(__scatter_zi.o)
    0x080001e4   0x080001e4   0x00000000   Code   RO         2533    .ARM.Collect$$_printf_percent$$00000000  c_w.l(_printf_percent.o)
    0x080001e4   0x080001e4   0x00000006   Code   RO         2570    .ARM.Collect$$_printf_percent$$00000001  c_w.l(_printf_n.o)
    0x080001ea   0x080001ea   0x00000006   Code   RO         2571    .ARM.Collect$$_printf_percent$$00000002  c_w.l(_printf_p.o)
    0x080001f0   0x080001f0   0x00000006   Code   RO         2574    .ARM.Collect$$_printf_percent$$00000003  c_w.l(_printf_f.o)
    0x080001f6   0x080001f6   0x00000006   Code   RO         2575    .ARM.Collect$$_printf_percent$$00000004  c_w.l(_printf_e.o)
    0x080001fc   0x080001fc   0x00000006   Code   RO         2576    .ARM.Collect$$_printf_percent$$00000005  c_w.l(_printf_g.o)
    0x08000202   0x08000202   0x00000006   Code   RO         2577    .ARM.Collect$$_printf_percent$$00000006  c_w.l(_printf_a.o)
    0x08000208   0x08000208   0x0000000a   Code   RO         2582    .ARM.Collect$$_printf_percent$$00000007  c_w.l(_printf_ll.o)
    0x08000212   0x08000212   0x00000006   Code   RO         2573    .ARM.Collect$$_printf_percent$$00000008  c_w.l(_printf_i.o)
    0x08000218   0x08000218   0x00000006   Code   RO         2531    .ARM.Collect$$_printf_percent$$00000009  c_w.l(_printf_d.o)
    0x0800021e   0x0800021e   0x00000006   Code   RO         2532    .ARM.Collect$$_printf_percent$$0000000A  c_w.l(_printf_u.o)
    0x08000224   0x08000224   0x00000006   Code   RO         2572    .ARM.Collect$$_printf_percent$$0000000B  c_w.l(_printf_o.o)
    0x0800022a   0x0800022a   0x00000006   Code   RO         2530    .ARM.Collect$$_printf_percent$$0000000C  c_w.l(_printf_x.o)
    0x08000230   0x08000230   0x00000006   Code   RO         2579    .ARM.Collect$$_printf_percent$$0000000D  c_w.l(_printf_lli.o)
    0x08000236   0x08000236   0x00000006   Code   RO         2580    .ARM.Collect$$_printf_percent$$0000000E  c_w.l(_printf_lld.o)
    0x0800023c   0x0800023c   0x00000006   Code   RO         2581    .ARM.Collect$$_printf_percent$$0000000F  c_w.l(_printf_llu.o)
    0x08000242   0x08000242   0x00000006   Code   RO         2586    .ARM.Collect$$_printf_percent$$00000010  c_w.l(_printf_llo.o)
    0x08000248   0x08000248   0x00000006   Code   RO         2587    .ARM.Collect$$_printf_percent$$00000011  c_w.l(_printf_llx.o)
    0x0800024e   0x0800024e   0x0000000a   Code   RO         2583    .ARM.Collect$$_printf_percent$$00000012  c_w.l(_printf_l.o)
    0x08000258   0x08000258   0x00000006   Code   RO         2528    .ARM.Collect$$_printf_percent$$00000013  c_w.l(_printf_c.o)
    0x0800025e   0x0800025e   0x00000006   Code   RO         2529    .ARM.Collect$$_printf_percent$$00000014  c_w.l(_printf_s.o)
    0x08000264   0x08000264   0x00000006   Code   RO         2584    .ARM.Collect$$_printf_percent$$00000015  c_w.l(_printf_lc.o)
    0x0800026a   0x0800026a   0x00000006   Code   RO         2585    .ARM.Collect$$_printf_percent$$00000016  c_w.l(_printf_ls.o)
    0x08000270   0x08000270   0x00000004   Code   RO         2578    .ARM.Collect$$_printf_percent$$00000017  c_w.l(_printf_percent_end.o)
    0x08000274   0x08000274   0x00000002   Code   RO         2665    .ARM.Collect$$libinit$$00000000  c_w.l(libinit.o)
    0x08000276   0x08000276   0x00000000   Code   RO         2682    .ARM.Collect$$libinit$$00000002  c_w.l(libinit2.o)
    0x08000276   0x08000276   0x00000000   Code   RO         2684    .ARM.Collect$$libinit$$00000004  c_w.l(libinit2.o)
    0x08000276   0x08000276   0x00000000   Code   RO         2687    .ARM.Collect$$libinit$$0000000A  c_w.l(libinit2.o)
    0x08000276   0x08000276   0x00000000   Code   RO         2689    .ARM.Collect$$libinit$$0000000C  c_w.l(libinit2.o)
    0x08000276   0x08000276   0x00000000   Code   RO         2691    .ARM.Collect$$libinit$$0000000E  c_w.l(libinit2.o)
    0x08000276   0x08000276   0x00000006   Code   RO         2692    .ARM.Collect$$libinit$$0000000F  c_w.l(libinit2.o)
    0x0800027c   0x0800027c   0x00000000   Code   RO         2694    .ARM.Collect$$libinit$$00000011  c_w.l(libinit2.o)
    0x0800027c   0x0800027c   0x0000000c   Code   RO         2695    .ARM.Collect$$libinit$$00000012  c_w.l(libinit2.o)
    0x08000288   0x08000288   0x00000000   Code   RO         2696    .ARM.Collect$$libinit$$00000013  c_w.l(libinit2.o)
    0x08000288   0x08000288   0x00000000   Code   RO         2698    .ARM.Collect$$libinit$$00000015  c_w.l(libinit2.o)
    0x08000288   0x08000288   0x0000000a   Code   RO         2699    .ARM.Collect$$libinit$$00000016  c_w.l(libinit2.o)
    0x08000292   0x08000292   0x00000000   Code   RO         2700    .ARM.Collect$$libinit$$00000017  c_w.l(libinit2.o)
    0x08000292   0x08000292   0x00000000   Code   RO         2702    .ARM.Collect$$libinit$$00000019  c_w.l(libinit2.o)
    0x08000292   0x08000292   0x00000000   Code   RO         2704    .ARM.Collect$$libinit$$0000001B  c_w.l(libinit2.o)
    0x08000292   0x08000292   0x00000000   Code   RO         2706    .ARM.Collect$$libinit$$0000001D  c_w.l(libinit2.o)
    0x08000292   0x08000292   0x00000000   Code   RO         2708    .ARM.Collect$$libinit$$0000001F  c_w.l(libinit2.o)
    0x08000292   0x08000292   0x00000000   Code   RO         2710    .ARM.Collect$$libinit$$00000021  c_w.l(libinit2.o)
    0x08000292   0x08000292   0x00000000   Code   RO         2712    .ARM.Collect$$libinit$$00000023  c_w.l(libinit2.o)
    0x08000292   0x08000292   0x00000000   Code   RO         2714    .ARM.Collect$$libinit$$00000025  c_w.l(libinit2.o)
    0x08000292   0x08000292   0x00000000   Code   RO         2718    .ARM.Collect$$libinit$$0000002C  c_w.l(libinit2.o)
    0x08000292   0x08000292   0x00000000   Code   RO         2720    .ARM.Collect$$libinit$$0000002E  c_w.l(libinit2.o)
    0x08000292   0x08000292   0x00000000   Code   RO         2722    .ARM.Collect$$libinit$$00000030  c_w.l(libinit2.o)
    0x08000292   0x08000292   0x00000000   Code   RO         2724    .ARM.Collect$$libinit$$00000032  c_w.l(libinit2.o)
    0x08000292   0x08000292   0x00000002   Code   RO         2725    .ARM.Collect$$libinit$$00000033  c_w.l(libinit2.o)
    0x08000294   0x08000294   0x00000002   Code   RO         2743    .ARM.Collect$$libshutdown$$00000000  c_w.l(libshutdown.o)
    0x08000296   0x08000296   0x00000000   Code   RO         2753    .ARM.Collect$$libshutdown$$00000002  c_w.l(libshutdown2.o)
    0x08000296   0x08000296   0x00000000   Code   RO         2755    .ARM.Collect$$libshutdown$$00000004  c_w.l(libshutdown2.o)
    0x08000296   0x08000296   0x00000000   Code   RO         2758    .ARM.Collect$$libshutdown$$00000007  c_w.l(libshutdown2.o)
    0x08000296   0x08000296   0x00000000   Code   RO         2761    .ARM.Collect$$libshutdown$$0000000A  c_w.l(libshutdown2.o)
    0x08000296   0x08000296   0x00000000   Code   RO         2763    .ARM.Collect$$libshutdown$$0000000C  c_w.l(libshutdown2.o)
    0x08000296   0x08000296   0x00000000   Code   RO         2766    .ARM.Collect$$libshutdown$$0000000F  c_w.l(libshutdown2.o)
    0x08000296   0x08000296   0x00000002   Code   RO         2767    .ARM.Collect$$libshutdown$$00000010  c_w.l(libshutdown2.o)
    0x08000298   0x08000298   0x00000000   Code   RO         2544    .ARM.Collect$$rtentry$$00000000  c_w.l(__rtentry.o)
    0x08000298   0x08000298   0x00000000   Code   RO         2591    .ARM.Collect$$rtentry$$00000002  c_w.l(__rtentry2.o)
    0x08000298   0x08000298   0x00000006   Code   RO         2603    .ARM.Collect$$rtentry$$00000004  c_w.l(__rtentry4.o)
    0x0800029e   0x0800029e   0x00000000   Code   RO         2593    .ARM.Collect$$rtentry$$00000009  c_w.l(__rtentry2.o)
    0x0800029e   0x0800029e   0x00000004   Code   RO         2594    .ARM.Collect$$rtentry$$0000000A  c_w.l(__rtentry2.o)
    0x080002a2   0x080002a2   0x00000000   Code   RO         2596    .ARM.Collect$$rtentry$$0000000C  c_w.l(__rtentry2.o)
    0x080002a2   0x080002a2   0x00000008   Code   RO         2597    .ARM.Collect$$rtentry$$0000000D  c_w.l(__rtentry2.o)
    0x080002aa   0x080002aa   0x00000002   Code   RO         2674    .ARM.Collect$$rtexit$$00000000  c_w.l(rtexit.o)
    0x080002ac   0x080002ac   0x00000000   Code   RO         2727    .ARM.Collect$$rtexit$$00000002  c_w.l(rtexit2.o)
    0x080002ac   0x080002ac   0x00000004   Code   RO         2728    .ARM.Collect$$rtexit$$00000003  c_w.l(rtexit2.o)
    0x080002b0   0x080002b0   0x00000006   Code   RO         2729    .ARM.Collect$$rtexit$$00000004  c_w.l(rtexit2.o)
    0x080002b6   0x080002b6   0x00000002   PAD
    0x080002b8   0x080002b8   0x00000040   Code   RO          283    .text               startup_stm32f10x_hd.o
    0x080002f8   0x080002f8   0x00000002   Code   RO         2467    .text               c_w.l(use_no_semi_2.o)
    0x080002fa   0x080002fa   0x00000002   PAD
    0x080002fc   0x080002fc   0x00000024   Code   RO         2469    .text               c_w.l(c89vsprintf.o)
    0x08000320   0x08000320   0x00000018   Code   RO         2471    .text               c_w.l(__2printf.o)
    0x08000338   0x08000338   0x0000002c   Code   RO         2473    .text               c_w.l(__2sprintf.o)
    0x08000364   0x08000364   0x0000004e   Code   RO         2481    .text               c_w.l(_printf_pad.o)
    0x080003b2   0x080003b2   0x00000052   Code   RO         2483    .text               c_w.l(_printf_str.o)
    0x08000404   0x08000404   0x00000078   Code   RO         2485    .text               c_w.l(_printf_dec.o)
    0x0800047c   0x0800047c   0x00000094   Code   RO         2505    .text               c_w.l(_printf_hex_int_ll_ptr.o)
    0x08000510   0x08000510   0x00000188   Code   RO         2525    .text               c_w.l(__printf_flags_ss_wp.o)
    0x08000698   0x08000698   0x00000024   Code   RO         2534    .text               c_w.l(strstr.o)
    0x080006bc   0x080006bc   0x0000003e   Code   RO         2536    .text               c_w.l(strlen.o)
    0x080006fa   0x080006fa   0x00000006   Code   RO         2538    .text               c_w.l(heapauxi.o)
    0x08000700   0x08000700   0x00000002   Code   RO         2542    .text               c_w.l(use_no_semi.o)
    0x08000702   0x08000702   0x00000024   Code   RO         2545    .text               c_w.l(_printf_truncate.o)
    0x08000726   0x08000726   0x000000b2   Code   RO         2547    .text               c_w.l(_printf_intcommon.o)
    0x080007d8   0x080007d8   0x00000028   Code   RO         2549    .text               c_w.l(_printf_charcount.o)
    0x08000800   0x08000800   0x00000030   Code   RO         2551    .text               c_w.l(_printf_char_common.o)
    0x08000830   0x08000830   0x0000000a   Code   RO         2553    .text               c_w.l(_sputc.o)
    0x0800083a   0x0800083a   0x0000002c   Code   RO         2555    .text               c_w.l(_printf_char.o)
    0x08000866   0x08000866   0x00000002   PAD
    0x08000868   0x08000868   0x00000024   Code   RO         2557    .text               c_w.l(_printf_char_file.o)
    0x0800088c   0x0800088c   0x000000bc   Code   RO         2559    .text               c_w.l(_printf_wctomb.o)
    0x08000948   0x08000948   0x0000007c   Code   RO         2562    .text               c_w.l(_printf_longlong_dec.o)
    0x080009c4   0x080009c4   0x00000070   Code   RO         2568    .text               c_w.l(_printf_oct_int_ll.o)
    0x08000a34   0x08000a34   0x0000008a   Code   RO         2605    .text               c_w.l(lludiv10.o)
    0x08000abe   0x08000abe   0x0000041e   Code   RO         2607    .text               c_w.l(_printf_fp_dec.o)
    0x08000edc   0x08000edc   0x0000002c   Code   RO         2611    .text               c_w.l(_printf_wchar.o)
    0x08000f08   0x08000f08   0x00000008   Code   RO         2613    .text               c_w.l(ferror.o)
    0x08000f10   0x08000f10   0x00000040   Code   RO         2617    .text               c_w.l(_wcrtomb.o)
    0x08000f50   0x08000f50   0x0000004a   Code   RO         2619    .text               c_w.l(sys_stackheap_outer.o)
    0x08000f9a   0x08000f9a   0x00000002   PAD
    0x08000f9c   0x08000f9c   0x00000010   Code   RO         2621    .text               c_w.l(rt_ctype_table.o)
    0x08000fac   0x08000fac   0x00000008   Code   RO         2626    .text               c_w.l(rt_locale_intlibspace.o)
    0x08000fb4   0x08000fb4   0x00000080   Code   RO         2628    .text               c_w.l(_printf_fp_infnan.o)
    0x08001034   0x08001034   0x000000e4   Code   RO         2630    .text               c_w.l(bigflt0.o)
    0x08001118   0x08001118   0x00000012   Code   RO         2658    .text               c_w.l(exit.o)
    0x0800112a   0x0800112a   0x00000002   PAD
    0x0800112c   0x0800112c   0x00000008   Code   RO         2671    .text               c_w.l(libspace.o)
    0x08001134   0x08001134   0x00000080   Code   RO         2679    .text               c_w.l(strcmpv7m.o)
    0x080011b4   0x080011b4   0x0000003e   Code   RO         2633    CL$$btod_d2e        c_w.l(btod.o)
    0x080011f2   0x080011f2   0x00000046   Code   RO         2635    CL$$btod_d2e_denorm_low  c_w.l(btod.o)
    0x08001238   0x08001238   0x00000060   Code   RO         2634    CL$$btod_d2e_norm_op1  c_w.l(btod.o)
    0x08001298   0x08001298   0x00000338   Code   RO         2643    CL$$btod_div_common  c_w.l(btod.o)
    0x080015d0   0x080015d0   0x000000dc   Code   RO         2640    CL$$btod_e2e        c_w.l(btod.o)
    0x080016ac   0x080016ac   0x0000002a   Code   RO         2637    CL$$btod_ediv       c_w.l(btod.o)
    0x080016d6   0x080016d6   0x0000002a   Code   RO         2636    CL$$btod_emul       c_w.l(btod.o)
    0x08001700   0x08001700   0x00000244   Code   RO         2642    CL$$btod_mult_common  c_w.l(btod.o)
    0x08001944   0x08001944   0x00000004   Code   RO          146    i.BusFault_Handler  stm32f10x_it.o
    0x08001948   0x08001948   0x00000002   Code   RO          147    i.DebugMon_Handler  stm32f10x_it.o
    0x0800194a   0x0800194a   0x00000116   Code   RO          864    i.GPIO_Init         stm32f10x_gpio.o
    0x08001a60   0x08001a60   0x00000004   Code   RO          871    i.GPIO_ResetBits    stm32f10x_gpio.o
    0x08001a64   0x08001a64   0x00000004   Code   RO          872    i.GPIO_SetBits      stm32f10x_gpio.o
    0x08001a68   0x08001a68   0x00000004   Code   RO          148    i.HardFault_Handler  stm32f10x_it.o
    0x08001a6c   0x08001a6c   0x00000004   Code   RO          149    i.MemManage_Handler  stm32f10x_it.o
    0x08001a70   0x08001a70   0x00000002   Code   RO          150    i.NMI_Handler       stm32f10x_it.o
    0x08001a72   0x08001a72   0x00000002   PAD
    0x08001a74   0x08001a74   0x00000070   Code   RO          576    i.NVIC_Init         misc.o
    0x08001ae4   0x08001ae4   0x00000014   Code   RO          577    i.NVIC_PriorityGroupConfig  misc.o
    0x08001af8   0x08001af8   0x00000002   Code   RO          151    i.PendSV_Handler    stm32f10x_it.o
    0x08001afa   0x08001afa   0x00000002   PAD
    0x08001afc   0x08001afc   0x00000020   Code   RO          974    i.RCC_APB1PeriphClockCmd  stm32f10x_rcc.o
    0x08001b1c   0x08001b1c   0x00000020   Code   RO          975    i.RCC_APB1PeriphResetCmd  stm32f10x_rcc.o
    0x08001b3c   0x08001b3c   0x00000020   Code   RO          976    i.RCC_APB2PeriphClockCmd  stm32f10x_rcc.o
    0x08001b5c   0x08001b5c   0x00000020   Code   RO          977    i.RCC_APB2PeriphResetCmd  stm32f10x_rcc.o
    0x08001b7c   0x08001b7c   0x000000d4   Code   RO          984    i.RCC_GetClocksFreq  stm32f10x_rcc.o
    0x08001c50   0x08001c50   0x000000b4   Code   RO          448    i.Relay_Init        relay.o
    0x08001d04   0x08001d04   0x00000002   Code   RO          152    i.SVC_Handler       stm32f10x_it.o
    0x08001d06   0x08001d06   0x00000008   Code   RO          235    i.SetSysClock       system_stm32f10x.o
    0x08001d0e   0x08001d0e   0x00000002   PAD
    0x08001d10   0x08001d10   0x000000e0   Code   RO          236    i.SetSysClockTo72   system_stm32f10x.o
    0x08001df0   0x08001df0   0x00000028   Code   RO          580    i.SysTick_CLKSourceConfig  misc.o
    0x08001e18   0x08001e18   0x00000002   Code   RO          153    i.SysTick_Handler   stm32f10x_it.o
    0x08001e1a   0x08001e1a   0x00000002   PAD
    0x08001e1c   0x08001e1c   0x00000060   Code   RO          238    i.SystemInit        system_stm32f10x.o
    0x08001e7c   0x08001e7c   0x00000038   Code   RO         2300    i.TIM4_IRQHandler   usmart.o
    0x08001eb4   0x08001eb4   0x00000034   Code   RO          382    i.TIM7_IRQHandler   timer.o
    0x08001ee8   0x08001ee8   0x00000060   Code   RO          383    i.TIM7_Int_Init     timer.o
    0x08001f48   0x08001f48   0x00000006   Code   RO         1512    i.TIM_ClearFlag     stm32f10x_tim.o
    0x08001f4e   0x08001f4e   0x00000006   Code   RO         1513    i.TIM_ClearITPendingBit  stm32f10x_tim.o
    0x08001f54   0x08001f54   0x00000018   Code   RO         1518    i.TIM_Cmd           stm32f10x_tim.o
    0x08001f6c   0x08001f6c   0x00000006   Code   RO         1537    i.TIM_GetCounter    stm32f10x_tim.o
    0x08001f72   0x08001f72   0x00000012   Code   RO         1538    i.TIM_GetFlagStatus  stm32f10x_tim.o
    0x08001f84   0x08001f84   0x00000022   Code   RO         1539    i.TIM_GetITStatus   stm32f10x_tim.o
    0x08001fa6   0x08001fa6   0x00000012   Code   RO         1543    i.TIM_ITConfig      stm32f10x_tim.o
    0x08001fb8   0x08001fb8   0x00000004   Code   RO         1577    i.TIM_SetAutoreload  stm32f10x_tim.o
    0x08001fbc   0x08001fbc   0x00000004   Code   RO         1583    i.TIM_SetCounter    stm32f10x_tim.o
    0x08001fc0   0x08001fc0   0x000000a4   Code   RO         1589    i.TIM_TimeBaseInit  stm32f10x_tim.o
    0x08002064   0x08002064   0x0000005c   Code   RO         2301    i.Timer4_Init       usmart.o
    0x080020c0   0x080020c0   0x00000088   Code   RO          341    i.USART1_IRQHandler  usart.o
    0x08002148   0x08002148   0x00000070   Code   RO          407    i.USART3_IRQHandler  usart3.o
    0x080021b8   0x080021b8   0x00000018   Code   RO         2054    i.USART_Cmd         stm32f10x_usart.o
    0x080021d0   0x080021d0   0x0000009c   Code   RO         2056    i.USART_DeInit      stm32f10x_usart.o
    0x0800226c   0x0800226c   0x0000001a   Code   RO         2057    i.USART_GetFlagStatus  stm32f10x_usart.o
    0x08002286   0x08002286   0x00000054   Code   RO         2058    i.USART_GetITStatus  stm32f10x_usart.o
    0x080022da   0x080022da   0x0000004a   Code   RO         2060    i.USART_ITConfig    stm32f10x_usart.o
    0x08002324   0x08002324   0x000000d8   Code   RO         2061    i.USART_Init        stm32f10x_usart.o
    0x080023fc   0x080023fc   0x0000000a   Code   RO         2068    i.USART_ReceiveData  stm32f10x_usart.o
    0x08002406   0x08002406   0x00000008   Code   RO         2071    i.USART_SendData    stm32f10x_usart.o
    0x0800240e   0x0800240e   0x00000004   Code   RO          154    i.UsageFault_Handler  stm32f10x_it.o
    0x08002412   0x08002412   0x00000028   Code   RO         2669    i.__ARM_fpclassify  m_ws.l(fpclassify.o)
    0x0800243a   0x0800243a   0x0000000e   Code   RO         2518    i._is_digit         c_w.l(__printf_wp.o)
    0x08002448   0x08002448   0x00000006   Code   RO          342    i._sys_exit         usart.o
    0x0800244e   0x0800244e   0x00000002   PAD
    0x08002450   0x08002450   0x00000034   Code   RO          483    i.atk_8266_check_cmd  common.o
    0x08002484   0x08002484   0x00000044   Code   RO          484    i.atk_8266_consta_check  common.o
    0x080024c8   0x080024c8   0x00000054   Code   RO          485    i.atk_8266_get_wanip  common.o
    0x0800251c   0x0800251c   0x000000bc   Code   RO          486    i.atk_8266_linktcp  common.o
    0x080025d8   0x080025d8   0x00000070   Code   RO          488    i.atk_8266_quit_trans  common.o
    0x08002648   0x08002648   0x00000060   Code   RO          489    i.atk_8266_send_cmd  common.o
    0x080026a8   0x080026a8   0x000000ac   Code   RO          491    i.atk_8266_test     common.o
    0x08002754   0x08002754   0x0000039c   Code   RO          561    i.atk_8266_wifista_test  wifista.o
    0x08002af0   0x08002af0   0x00000034   Code   RO          469    i.ch9121_Init       ch9121.o
    0x08002b24   0x08002b24   0x00000044   Code   RO          287    i.delay_init        delay.o
    0x08002b68   0x08002b68   0x0000004c   Code   RO          288    i.delay_ms          delay.o
    0x08002bb4   0x08002bb4   0x0000001c   Code   RO          343    i.fputc             usart.o
    0x08002bd0   0x08002bd0   0x00000040   Code   RO            1    i.main              main.o
    0x08002c10   0x08002c10   0x0000006c   Code   RO         2230    i.my_mem_free       malloc.o
    0x08002c7c   0x08002c7c   0x00000044   Code   RO         2231    i.my_mem_init       malloc.o
    0x08002cc0   0x08002cc0   0x000000a8   Code   RO         2232    i.my_mem_malloc     malloc.o
    0x08002d68   0x08002d68   0x00000040   Code   RO         2233    i.my_mem_perused    malloc.o
    0x08002da8   0x08002da8   0x00000024   Code   RO         2234    i.myfree            malloc.o
    0x08002dcc   0x08002dcc   0x00000028   Code   RO         2235    i.mymalloc          malloc.o
    0x08002df4   0x08002df4   0x00000014   Code   RO         2237    i.mymemset          malloc.o
    0x08002e08   0x08002e08   0x00000006   Code   RO         2302    i.read_addr         usmart.o
    0x08002e0e   0x08002e0e   0x00000002   PAD
    0x08002e10   0x08002e10   0x00000050   Code   RO          408    i.u3_printf         usart3.o
    0x08002e60   0x08002e60   0x000000a0   Code   RO          344    i.uart_init         usart.o
    0x08002f00   0x08002f00   0x000000d0   Code   RO          409    i.usart3_init       usart3.o
    0x08002fd0   0x08002fd0   0x000000b0   Code   RO         2303    i.usmart_cmd_rec    usmart.o
    0x08003080   0x08003080   0x000002d4   Code   RO         2304    i.usmart_exe        usmart.o
    0x08003354   0x08003354   0x000000c8   Code   RO         2393    i.usmart_get_aparm  usmart_str.o
    0x0800341c   0x0800341c   0x00000036   Code   RO         2394    i.usmart_get_cmdname  usmart_str.o
    0x08003452   0x08003452   0x00000002   PAD
    0x08003454   0x08003454   0x000001c0   Code   RO         2395    i.usmart_get_fname  usmart_str.o
    0x08003614   0x08003614   0x0000010c   Code   RO         2396    i.usmart_get_fparam  usmart_str.o
    0x08003720   0x08003720   0x00000020   Code   RO         2397    i.usmart_get_parmpos  usmart_str.o
    0x08003740   0x08003740   0x00000044   Code   RO         2305    i.usmart_get_runtime  usmart.o
    0x08003784   0x08003784   0x00000028   Code   RO         2306    i.usmart_init       usmart.o
    0x080037ac   0x080037ac   0x00000016   Code   RO         2398    i.usmart_pow        usmart_str.o
    0x080037c2   0x080037c2   0x00000002   PAD
    0x080037c4   0x080037c4   0x00000030   Code   RO         2307    i.usmart_reset_runtime  usmart.o
    0x080037f4   0x080037f4   0x000000bc   Code   RO         2308    i.usmart_scan       usmart.o
    0x080038b0   0x080038b0   0x00000016   Code   RO         2399    i.usmart_search_nextc  usmart_str.o
    0x080038c6   0x080038c6   0x000000ca   Code   RO         2400    i.usmart_str2num    usmart_str.o
    0x08003990   0x08003990   0x00000022   Code   RO         2401    i.usmart_strcmp     usmart_str.o
    0x080039b2   0x080039b2   0x00000016   Code   RO         2402    i.usmart_strcopy    usmart_str.o
    0x080039c8   0x080039c8   0x00000018   Code   RO         2403    i.usmart_strlen     usmart_str.o
    0x080039e0   0x080039e0   0x000006e4   Code   RO         2309    i.usmart_sys_cmd_exe  usmart.o
    0x080040c4   0x080040c4   0x00000004   Code   RO         2310    i.write_addr        usmart.o
    0x080040c8   0x080040c8   0x0000002c   Code   RO         2656    locale$$code        c_w.l(lc_numeric_c.o)
    0x080040f4   0x080040f4   0x0000002c   Code   RO         2677    locale$$code        c_w.l(lc_ctype_c.o)
    0x08004120   0x08004120   0x00000004   Code   RO         2588    x$fpl$printf1       fz_ws.l(printf1.o)
    0x08004124   0x08004124   0x00000000   Code   RO         2668    x$fpl$usenofp       fz_ws.l(usenofp.o)
    0x08004124   0x08004124   0x00000018   Data   RO         2242    .constdata          malloc.o
    0x0800413c   0x0800413c   0x00000028   Data   RO         2506    .constdata          c_w.l(_printf_hex_int_ll_ptr.o)
    0x08004164   0x08004164   0x00000011   Data   RO         2526    .constdata          c_w.l(__printf_flags_ss_wp.o)
    0x08004175   0x08004175   0x00000003   PAD
    0x08004178   0x08004178   0x00000008   Data   RO         2560    .constdata          c_w.l(_printf_wctomb.o)
    0x08004180   0x08004180   0x00000094   Data   RO         2631    .constdata          c_w.l(bigflt0.o)
    0x08004214   0x08004214   0x000000d2   Data   RO          492    .conststring        common.o
    0x080042e6   0x080042e6   0x00000002   PAD
    0x080042e8   0x080042e8   0x00000028   Data   RO         2311    .conststring        usmart.o
    0x08004310   0x08004310   0x0000003c   Data   RO         2380    .conststring        usmart_config.o
    0x0800434c   0x0800434c   0x00000020   Data   RO         2799    Region$$Table       anon$$obj.o
    0x0800436c   0x0800436c   0x0000001c   Data   RO         2655    locale$$data        c_w.l(lc_numeric_c.o)
    0x08004388   0x08004388   0x00000110   Data   RO         2676    locale$$data        c_w.l(lc_ctype_c.o)


    Execution Region RW_IRAM1 (Exec base: 0x20000000, Load base: 0x08004498, Size: 0x0000b7a0, Max: 0x00010000, ABSOLUTE, COMPRESSED[0x000000a4])

    Exec Addr    Load Addr    Size         Type   Attr      Idx    E Section Name        Object

    0x20000000   COMPRESSED   0x00000014   Data   RW          239    .data               system_stm32f10x.o
    0x20000014   COMPRESSED   0x00000004   Data   RW          290    .data               delay.o
    0x20000018   COMPRESSED   0x00000006   Data   RW          346    .data               usart.o
    0x2000001e   COMPRESSED   0x00000002   Data   RW          411    .data               usart3.o
    0x20000020   COMPRESSED   0x00000050   Data   RW          493    .data               common.o
    0x20000070   COMPRESSED   0x00000001   Data   RW          562    .data               wifista.o
    0x20000071   COMPRESSED   0x00000014   Data   RW         1004    .data               stm32f10x_rcc.o
    0x20000085   COMPRESSED   0x00000003   PAD
    0x20000088   COMPRESSED   0x0000001c   Data   RW         2243    .data               malloc.o
    0x200000a4   COMPRESSED   0x0000001c   Data   RW         2312    .data               usmart.o
    0x200000c0   COMPRESSED   0x00000104   Data   RW         2381    .data               usmart_config.o
    0x200001c4        -       0x000000c8   Zero   RW          345    .bss                usart.o
    0x2000028c        -       0x000004b0   Zero   RW          410    .bss                usart3.o
    0x2000073c   COMPRESSED   0x00000004   PAD
    0x20000740        -       0x0000aa00   Zero   RW         2241    .bss                malloc.o
    0x2000b140        -       0x00000060   Zero   RW         2672    .bss                c_w.l(libspace.o)
    0x2000b1a0        -       0x00000200   Zero   RW          281    HEAP                startup_stm32f10x_hd.o
    0x2000b3a0        -       0x00000400   Zero   RW          280    STACK               startup_stm32f10x_hd.o



  Load Region LR$$.ARM.__AT_0x68000000 (Base: 0x68000000, Size: 0x00000000, Max: 0x000f0000, ABSOLUTE)

    Execution Region ER$$.ARM.__AT_0x68000000 (Exec base: 0x68000000, Load base: 0x68000000, Size: 0x000f0000, Max: 0x000f0000, ABSOLUTE, UNINIT)

    Exec Addr    Load Addr    Size         Type   Attr      Idx    E Section Name        Object

    0x68000000        -       0x000f0000   Zero   RW         2239    .ARM.__AT_0x68000000  malloc.o



  Load Region LR$$.ARM.__AT_0x680F0000 (Base: 0x680f0000, Size: 0x00000000, Max: 0x0000f000, ABSOLUTE)

    Execution Region ER$$.ARM.__AT_0x680F0000 (Exec base: 0x680f0000, Load base: 0x680f0000, Size: 0x0000f000, Max: 0x0000f000, ABSOLUTE, UNINIT)

    Exec Addr    Load Addr    Size         Type   Attr      Idx    E Section Name        Object

    0x680f0000        -       0x0000f000   Zero   RW         2240    .ARM.__AT_0x680F0000  malloc.o


==============================================================================

Image component sizes


      Code (inc. data)   RO Data    RW Data    ZI Data      Debug   Object Name

        52          6          0          0          0        482   ch9121.o
       772        286        210         80          0       5193   common.o
         0          0          0          0          0         32   core_cm3.o
       144         22          0          4          0       1136   delay.o
        64          4          0          0          0     253127   main.o
       504         60         24         28    1088000       5849   malloc.o
       172         22          0          0          0       1969   misc.o
       180         18          0          0          0        537   relay.o
        64         26        304          0       1536        780   startup_stm32f10x_hd.o
       286          0          0          0          0       2948   stm32f10x_gpio.o
        26          0          0          0          0       3506   stm32f10x_it.o
       340         44          0         20          0       5428   stm32f10x_rcc.o
       284         42          0          0          0       6072   stm32f10x_tim.o
       598         28          0          0          0       6576   stm32f10x_usart.o
       328         28          0         20          0       1977   system_stm32f10x.o
       148         16          0          0          0       1094   timer.o
       330         26          0          6        200       4016   usart.o
       400         42          0          2       1200       3154   usart3.o
      3166       1330         40         28          0       7286   usmart.o
         0          0         60        260          0       1464   usmart_config.o
      1328         20          0          0          0       8209   usmart_str.o
       924        422          0          1          0       1397   wifista.o

    ----------------------------------------------------------------------
     10126       2442        672        452    1090940     322232   Object Totals
         0          0         32          0          0          0   (incl. Generated)
        16          0          2          3          4          0   (incl. Padding)

    ----------------------------------------------------------------------

      Code (inc. data)   RO Data    RW Data    ZI Data      Debug   Library Member Name

        24          4          0          0          0         84   __2printf.o
        44          6          0          0          0         84   __2sprintf.o
        90          0          0          0          0          0   __dczerorl2.o
         8          0          0          0          0         68   __main.o
       392          4         17          0          0         92   __printf_flags_ss_wp.o
        14          0          0          0          0         68   __printf_wp.o
         0          0          0          0          0          0   __rtentry.o
        12          0          0          0          0          0   __rtentry2.o
         6          0          0          0          0          0   __rtentry4.o
        52          8          0          0          0          0   __scatter.o
        28          0          0          0          0          0   __scatter_zi.o
         6          0          0          0          0          0   _printf_a.o
         6          0          0          0          0          0   _printf_c.o
        44          0          0          0          0        108   _printf_char.o
        48          6          0          0          0         96   _printf_char_common.o
        36          4          0          0          0         80   _printf_char_file.o
        40          0          0          0          0         68   _printf_charcount.o
         6          0          0          0          0          0   _printf_d.o
       120         16          0          0          0         92   _printf_dec.o
         6          0          0          0          0          0   _printf_e.o
         6          0          0          0          0          0   _printf_f.o
      1054          0          0          0          0        216   _printf_fp_dec.o
       128         16          0          0          0         84   _printf_fp_infnan.o
         6          0          0          0          0          0   _printf_g.o
       148          4         40          0          0        160   _printf_hex_int_ll_ptr.o
         6          0          0          0          0          0   _printf_i.o
       178          0          0          0          0         88   _printf_intcommon.o
        10          0          0          0          0          0   _printf_l.o
         6          0          0          0          0          0   _printf_lc.o
        10          0          0          0          0          0   _printf_ll.o
         6          0          0          0          0          0   _printf_lld.o
         6          0          0          0          0          0   _printf_lli.o
         6          0          0          0          0          0   _printf_llo.o
         6          0          0          0          0          0   _printf_llu.o
         6          0          0          0          0          0   _printf_llx.o
       124         16          0          0          0         92   _printf_longlong_dec.o
         6          0          0          0          0          0   _printf_ls.o
         6          0          0          0          0          0   _printf_n.o
         6          0          0          0          0          0   _printf_o.o
       112         10          0          0          0        124   _printf_oct_int_ll.o
         6          0          0          0          0          0   _printf_p.o
        78          0          0          0          0        108   _printf_pad.o
         0          0          0          0          0          0   _printf_percent.o
         4          0          0          0          0          0   _printf_percent_end.o
         6          0          0          0          0          0   _printf_s.o
        82          0          0          0          0         80   _printf_str.o
        36          0          0          0          0         84   _printf_truncate.o
         6          0          0          0          0          0   _printf_u.o
        44          0          0          0          0        108   _printf_wchar.o
       188          6          8          0          0         92   _printf_wctomb.o
         6          0          0          0          0          0   _printf_x.o
        10          0          0          0          0         68   _sputc.o
        64          0          0          0          0         92   _wcrtomb.o
       228          4        148          0          0         96   bigflt0.o
      1936        128          0          0          0        672   btod.o
        36          4          0          0          0         76   c89vsprintf.o
        18          0          0          0          0         80   exit.o
         8          0          0          0          0         68   ferror.o
         6          0          0          0          0        152   heapauxi.o
        44         10        272          0          0         76   lc_ctype_c.o
        44         10         28          0          0         76   lc_numeric_c.o
         2          0          0          0          0          0   libinit.o
        30          0          0          0          0          0   libinit2.o
         2          0          0          0          0          0   libshutdown.o
         2          0          0          0          0          0   libshutdown2.o
         8          4          0          0         96         68   libspace.o
       138          0          0          0          0         80   lludiv10.o
        16          4          0          0          0         76   rt_ctype_table.o
         8          4          0          0          0         68   rt_locale_intlibspace.o
         2          0          0          0          0          0   rtexit.o
        10          0          0          0          0          0   rtexit2.o
       128          0          0          0          0         68   strcmpv7m.o
        62          0          0          0          0         76   strlen.o
        36          0          0          0          0         80   strstr.o
        74          0          0          0          0         80   sys_stackheap_outer.o
         2          0          0          0          0         68   use_no_semi.o
         2          0          0          0          0         68   use_no_semi_2.o
         4          0          0          0          0         68   printf1.o
         0          0          0          0          0          0   usenofp.o
        40          0          0          0          0         68   fpclassify.o

    ----------------------------------------------------------------------
      6246        268        516          0         96       4400   Library Totals
        12          0          3          0          0          0   (incl. Padding)

    ----------------------------------------------------------------------

      Code (inc. data)   RO Data    RW Data    ZI Data      Debug   Library Name

      6190        268        513          0         96       4264   c_w.l
         4          0          0          0          0         68   fz_ws.l
        40          0          0          0          0         68   m_ws.l

    ----------------------------------------------------------------------
      6246        268        516          0         96       4400   Library Totals

    ----------------------------------------------------------------------

==============================================================================


      Code (inc. data)   RO Data    RW Data    ZI Data      Debug   

     16372       2710       1188        452    1091036     319608   Grand Totals
     16372       2710       1188        164    1091036     319608   ELF Image Totals (compressed)
     16372       2710       1188        164          0          0   ROM Totals

==============================================================================

    Total RO  Size (Code + RO Data)                17560 (  17.15kB)
    Total RW  Size (RW Data + ZI Data)           1091488 (1065.91kB)
    Total ROM Size (Code + RO Data + RW Data)      17724 (  17.31kB)

==============================================================================

