<html>
<body>
<pre>
<h1>µVision Build Log</h1>
<h2>Tool Versions:</h2>
IDE-Version: ¦ÌVision V5.24.2.0
Copyright (C) 2017 ARM Ltd and ARM Germany GmbH. All rights reserved.
License Information: xu Microsoft, Microsoft, LIC=R4HEV-P6QXN-QFXIY-I9I99-6MJ3F-CF9IS
 
Tool Versions:
Toolchain:       MDK-ARM Professional  Version: 5.24.1
Toolchain Path:  F:\Keil_v5\ARM\ARMCC\Bin
C Compiler:      Armcc.exe V5.06 update 5 (build 528)
Assembler:       Armasm.exe V5.06 update 5 (build 528)
Linker/Locator:  ArmLink.exe V5.06 update 5 (build 528)
Library Manager: ArmAr.exe V5.06 update 5 (build 528)
Hex Converter:   FromElf.exe V5.06 update 5 (build 528)
CPU DLL:         SARMCM3.DLL V5.24.1
Dialog DLL:      DARMSTM.DLL V1.68.0.0
Target DLL:      CMSIS_AGDI.dll V1.28.3.0
Dialog DLL:      TARMSTM.DLL V1.66.0.0
 
<h2>Project:</h2>
D:\YOMOO\ÖÇÄÜ¹ñ\program\ESP8266WIFI\USER\ATK_ESP8266.uvprojx
Project File Date:  11/06/2017

<h2>Output:</h2>
*** Using Compiler 'V5.06 update 5 (build 528)', folder: 'F:\Keil_v5\ARM\ARMCC\Bin'
Rebuild target 'Target 1'
compiling stm32f10x_it.c...
compiling main.c...
compiling system_stm32f10x.c...
assembling startup_stm32f10x_hd.s...
compiling core_cm3.c...
compiling delay.c...
compiling usart.c...
compiling timer.c...
compiling sys.c...
compiling usart3.c...
compiling relay.c...
compiling common.c...
compiling ch9121.c...
compiling misc.c...
compiling wifista.c...
..\HARDWARE\ATK-ESP8266\wifista.c(107): warning:  #111-D: statement is unreachable
  	myfree(SRAMIN,p);		//ÊÍ·ÅÄÚ´æ 
..\HARDWARE\ATK-ESP8266\wifista.c: 1 warning, 0 errors
compiling stm32f10x_dma.c...
compiling stm32f10x_gpio.c...
compiling stm32f10x_exti.c...
compiling stm32f10x_fsmc.c...
compiling stm32f10x_spi.c...
compiling stm32f10x_sdio.c...
compiling stm32f10x_rcc.c...
compiling malloc.c...
compiling stm32f10x_usart.c...
compiling stm32f10x_tim.c...
compiling usmart_config.c...
compiling usmart.c...
compiling usmart_str.c...
linking...
Program Size: Code=16372 RO-data=1188 RW-data=452 ZI-data=1091036  
FromELF: creating hex file...
"..\OBJ\ATK_ESP8266.axf" - 0 Error(s), 1 Warning(s).

<h2>Software Packages used:</h2>

Package Vendor: Keil
                http://www.keil.com/pack/Keil.STM32F1xx_DFP.2.2.0.pack
                Keil.STM32F1xx_DFP.2.2.0
                STMicroelectronics STM32F1 Series Device Support, Drivers and Examples

<h2>Collection of Component include folders:</h2>
  .\RTE\_Target_1
  F:\Keil_v5\ARM\PACK\Keil\STM32F1xx_DFP\2.2.0\Device\Include

<h2>Collection of Component Files used:</h2>
Build Time Elapsed:  00:00:08
</pre>
</body>
</html>
