Component: ARM Compiler 5.06 update 5 (build 528) Tool: armlink [4d35e2]

==============================================================================

Section Cross References

    main.o(.text) refers to delay.o(.text) for delay_init
    main.o(.text) refers to misc.o(.text) for NVIC_PriorityGroupConfig
    main.o(.text) refers to usart.o(.text) for uart_init
    main.o(.text) refers to led.o(.text) for LED_Init
    main.o(.text) refers to usart3.o(.text) for usart3_init
    main.o(.text) refers to malloc.o(.text) for my_mem_init
    main.o(.text) refers to exfuns.o(.text) for exfuns_init
    main.o(.text) refers to sim800c.o(.text) for sim800c_test
    main.o(.text) refers to usmart_config.o(.data) for usmart_dev
    system_stm32f10x.o(.text) refers to system_stm32f10x.o(.data) for SystemCoreClock
    led.o(.text) refers to stm32f10x_rcc.o(.text) for RCC_APB2PeriphClockCmd
    led.o(.text) refers to stm32f10x_gpio.o(.text) for GPIO_Init
    key.o(.text) refers to stm32f10x_rcc.o(.text) for RCC_APB2PeriphClockCmd
    key.o(.text) refers to stm32f10x_gpio.o(.text) for GPIO_Init
    key.o(.text) refers to delay.o(.text) for delay_ms
    key.o(.text) refers to key.o(.data) for key_up
    lcd.o(.text) refers to _printf_percent.o(.ARM.Collect$$_printf_percent$$00000000) for _printf_percent
    lcd.o(.text) refers to _printf_x.o(.ARM.Collect$$_printf_percent$$0000000C) for _printf_x
    lcd.o(.text) refers to _printf_hex_int_ll_ptr.o(.text) for _printf_longlong_hex
    lcd.o(.text) refers to delay.o(.text) for delay_us
    lcd.o(.text) refers to lcd.o(.bss) for lcddev
    lcd.o(.text) refers to lcd.o(.data) for POINT_COLOR
    lcd.o(.text) refers to dflt_clz.o(x$fpl$dfltu) for __aeabi_ui2d
    lcd.o(.text) refers to dmul.o(x$fpl$dmul) for __aeabi_dmul
    lcd.o(.text) refers to dfixu.o(x$fpl$dfixu) for __aeabi_d2uiz
    lcd.o(.text) refers to stm32f10x_rcc.o(.text) for RCC_AHBPeriphClockCmd
    lcd.o(.text) refers to stm32f10x_gpio.o(.text) for GPIO_Init
    lcd.o(.text) refers to stm32f10x_fsmc.o(.text) for FSMC_NORSRAMInit
    lcd.o(.text) refers to __2printf.o(.text) for __2printf
    lcd.o(.text) refers to lcd.o(.constdata) for asc2_1206
    spi.o(.text) refers to stm32f10x_spi.o(.text) for SPI_I2S_GetFlagStatus
    spi.o(.text) refers to stm32f10x_rcc.o(.text) for RCC_APB2PeriphClockCmd
    spi.o(.text) refers to stm32f10x_gpio.o(.text) for GPIO_Init
    w25qxx.o(.text) refers to _printf_percent.o(.ARM.Collect$$_printf_percent$$00000000) for _printf_percent
    w25qxx.o(.text) refers to _printf_x.o(.ARM.Collect$$_printf_percent$$0000000C) for _printf_x
    w25qxx.o(.text) refers to _printf_hex_int_ll_ptr.o(.text) for _printf_longlong_hex
    w25qxx.o(.text) refers to spi.o(.text) for SPI2_ReadWriteByte
    w25qxx.o(.text) refers to stm32f10x_rcc.o(.text) for RCC_APB2PeriphClockCmd
    w25qxx.o(.text) refers to stm32f10x_gpio.o(.text) for GPIO_Init
    w25qxx.o(.text) refers to __2printf.o(.text) for __2printf
    w25qxx.o(.text) refers to delay.o(.text) for delay_us
    w25qxx.o(.text) refers to w25qxx.o(.data) for W25QXX_TYPE
    w25qxx.o(.text) refers to w25qxx.o(.bss) for W25QXX_BUFFER
    sdio_sdcard.o(.text) refers to stm32f10x_sdio.o(.text) for SDIO_GetFlagStatus
    sdio_sdcard.o(.text) refers to sdio_sdcard.o(.data) for DeviceMode
    sdio_sdcard.o(.text) refers to sdio_sdcard.o(.bss) for SDIO_CmdInitStructure
    sdio_sdcard.o(.text) refers to stm32f10x_rcc.o(.text) for RCC_APB2PeriphClockCmd
    sdio_sdcard.o(.text) refers to stm32f10x_gpio.o(.text) for GPIO_Init
    sdio_sdcard.o(.text) refers to misc.o(.text) for NVIC_Init
    sdio_sdcard.o(.text) refers to stm32f10x_dma.o(.text) for DMA_DeInit
    sdio_sdcard.o(.text) refers to sys.o(.text) for INTX_DISABLE
    sdio_sdcard.o(.text) refers to rt_memcpy_v6.o(.text) for __aeabi_memcpy
    24cxx.o(.text) refers to myiic.o(.text) for IIC_Init
    24cxx.o(.text) refers to delay.o(.text) for delay_ms
    myiic.o(.text) refers to stm32f10x_rcc.o(.text) for RCC_APB2PeriphClockCmd
    myiic.o(.text) refers to stm32f10x_gpio.o(.text) for GPIO_Init
    myiic.o(.text) refers to delay.o(.text) for delay_us
    ctiic.o(.text) refers to delay.o(.text) for delay_us
    ctiic.o(.text) refers to stm32f10x_rcc.o(.text) for RCC_APB2PeriphClockCmd
    ctiic.o(.text) refers to stm32f10x_gpio.o(.text) for GPIO_Init
    ft5206.o(.text) refers to _printf_percent.o(.ARM.Collect$$_printf_percent$$00000000) for _printf_percent
    ft5206.o(.text) refers to _printf_x.o(.ARM.Collect$$_printf_percent$$0000000C) for _printf_x
    ft5206.o(.text) refers to _printf_hex_int_ll_ptr.o(.text) for _printf_longlong_hex
    ft5206.o(.text) refers to ctiic.o(.text) for CT_IIC_Start
    ft5206.o(.text) refers to stm32f10x_rcc.o(.text) for RCC_APB2PeriphClockCmd
    ft5206.o(.text) refers to stm32f10x_gpio.o(.text) for GPIO_Init
    ft5206.o(.text) refers to delay.o(.text) for delay_ms
    ft5206.o(.text) refers to __2printf.o(.text) for __2printf
[...]
    FSMC_NORSRAMInit                         0x0800ca8d   Thumb Code   230  stm32f10x_fsmc.o(.text)
    FSMC_NANDInit                            0x0800cb73   Thumb Code   132  stm32f10x_fsmc.o(.text)
    FSMC_PCCARDInit                          0x0800cbf7   Thumb Code   130  stm32f10x_fsmc.o(.text)
    FSMC_NORSRAMStructInit                   0x0800cc79   Thumb Code   114  stm32f10x_fsmc.o(.text)
    FSMC_NANDStructInit                      0x0800cceb   Thumb Code    54  stm32f10x_fsmc.o(.text)
    FSMC_PCCARDStructInit                    0x0800cd21   Thumb Code    60  stm32f10x_fsmc.o(.text)
    FSMC_NORSRAMCmd                          0x0800cd5d   Thumb Code    46  stm32f10x_fsmc.o(.text)
    FSMC_NANDCmd                             0x0800cd8b   Thumb Code    86  stm32f10x_fsmc.o(.text)
    FSMC_PCCARDCmd                           0x0800cde1   Thumb Code    44  stm32f10x_fsmc.o(.text)
    FSMC_NANDECCCmd                          0x0800ce0d   Thumb Code    90  stm32f10x_fsmc.o(.text)
    FSMC_GetECC                              0x0800ce67   Thumb Code    24  stm32f10x_fsmc.o(.text)
    FSMC_ITConfig                            0x0800ce7f   Thumb Code   128  stm32f10x_fsmc.o(.text)
    FSMC_GetFlagStatus                       0x0800ceff   Thumb Code    54  stm32f10x_fsmc.o(.text)
    FSMC_ClearFlag                           0x0800cf35   Thumb Code    62  stm32f10x_fsmc.o(.text)
    FSMC_GetITStatus                         0x0800cf73   Thumb Code    64  stm32f10x_fsmc.o(.text)
    FSMC_ClearITPendingBit                   0x0800cfb3   Thumb Code    68  stm32f10x_fsmc.o(.text)
    GPIO_DeInit                              0x0800d001   Thumb Code   172  stm32f10x_gpio.o(.text)
    GPIO_AFIODeInit                          0x0800d0ad   Thumb Code    20  stm32f10x_gpio.o(.text)
    GPIO_Init                                0x0800d0c1   Thumb Code   278  stm32f10x_gpio.o(.text)
    GPIO_StructInit                          0x0800d1d7   Thumb Code    16  stm32f10x_gpio.o(.text)
    GPIO_ReadInputDataBit                    0x0800d1e7   Thumb Code    18  stm32f10x_gpio.o(.text)
    GPIO_ReadInputData                       0x0800d1f9   Thumb Code     8  stm32f10x_gpio.o(.text)
    GPIO_ReadOutputDataBit                   0x0800d201   Thumb Code    18  stm32f10x_gpio.o(.text)
    GPIO_ReadOutputData                      0x0800d213   Thumb Code     8  stm32f10x_gpio.o(.text)
    GPIO_SetBits                             0x0800d21b   Thumb Code     4  stm32f10x_gpio.o(.text)
    GPIO_ResetBits                           0x0800d21f   Thumb Code     4  stm32f10x_gpio.o(.text)
    GPIO_WriteBit                            0x0800d223   Thumb Code    10  stm32f10x_gpio.o(.text)
    GPIO_Write                               0x0800d22d   Thumb Code     4  stm32f10x_gpio.o(.text)
    GPIO_PinLockConfig                       0x0800d231   Thumb Code    18  stm32f10x_gpio.o(.text)
    GPIO_EventOutputConfig                   0x0800d243   Thumb Code    26  stm32f10x_gpio.o(.text)
    GPIO_EventOutputCmd                      0x0800d25d   Thumb Code     6  stm32f10x_gpio.o(.text)
    GPIO_PinRemapConfig                      0x0800d263   Thumb Code   138  stm32f10x_gpio.o(.text)
    GPIO_EXTILineConfig                      0x0800d2ed   Thumb Code    66  stm32f10x_gpio.o(.text)
    GPIO_ETH_MediaInterfaceConfig            0x0800d32f   Thumb Code     8  stm32f10x_gpio.o(.text)
    RCC_DeInit                               0x0800d35d   Thumb Code    64  stm32f10x_rcc.o(.text)
    RCC_HSEConfig                            0x0800d39d   Thumb Code    70  stm32f10x_rcc.o(.text)
    RCC_GetFlagStatus                        0x0800d3e3   Thumb Code    56  stm32f10x_rcc.o(.text)
    RCC_WaitForHSEStartUp                    0x0800d41b   Thumb Code    56  stm32f10x_rcc.o(.text)
    RCC_AdjustHSICalibrationValue            0x0800d453   Thumb Code    20  stm32f10x_rcc.o(.text)
    RCC_HSICmd                               0x0800d467   Thumb Code     6  stm32f10x_rcc.o(.text)
    RCC_PLLConfig                            0x0800d46d   Thumb Code    24  stm32f10x_rcc.o(.text)
    RCC_PLLCmd                               0x0800d485   Thumb Code     6  stm32f10x_rcc.o(.text)
    RCC_SYSCLKConfig                         0x0800d48b   Thumb Code    18  stm32f10x_rcc.o(.text)
    RCC_GetSYSCLKSource                      0x0800d49d   Thumb Code    10  stm32f10x_rcc.o(.text)
    RCC_HCLKConfig                           0x0800d4a7   Thumb Code    18  stm32f10x_rcc.o(.text)
    RCC_PCLK1Config                          0x0800d4b9   Thumb Code    18  stm32f10x_rcc.o(.text)
    RCC_PCLK2Config                          0x0800d4cb   Thumb Code    20  stm32f10x_rcc.o(.text)
    RCC_ITConfig                             0x0800d4df   Thumb Code    26  stm32f10x_rcc.o(.text)
    RCC_USBCLKConfig                         0x0800d4f9   Thumb Code     8  stm32f10x_rcc.o(.text)
    RCC_ADCCLKConfig                         0x0800d501   Thumb Code    18  stm32f10x_rcc.o(.text)
    RCC_LSEConfig                            0x0800d513   Thumb Code    50  stm32f10x_rcc.o(.text)
    RCC_LSICmd                               0x0800d545   Thumb Code     6  stm32f10x_rcc.o(.text)
    RCC_RTCCLKConfig                         0x0800d54b   Thumb Code    12  stm32f10x_rcc.o(.text)
    RCC_RTCCLKCmd                            0x0800d557   Thumb Code     8  stm32f10x_rcc.o(.text)
    RCC_GetClocksFreq                        0x0800d55f   Thumb Code   192  stm32f10x_rcc.o(.text)
    RCC_AHBPeriphClockCmd                    0x0800d61f   Thumb Code    26  stm32f10x_rcc.o(.text)
    RCC_APB2PeriphClockCmd                   0x0800d639   Thumb Code    26  stm32f10x_rcc.o(.text)
    RCC_APB1PeriphClockCmd                   0x0800d653   Thumb Code    26  stm32f10x_rcc.o(.text)
    RCC_APB2PeriphResetCmd                   0x0800d66d   Thumb Code    26  stm32f10x_rcc.o(.text)
    RCC_APB1PeriphResetCmd                   0x0800d687   Thumb Code    26  stm32f10x_rcc.o(.text)
    RCC_BackupResetCmd                       0x0800d6a1   Thumb Code     8  stm32f10x_rcc.o(.text)
    RCC_ClockSecuritySystemCmd               0x0800d6a9   Thumb Code     6  stm32f10x_rcc.o(.text)
    RCC_MCOConfig                            0x0800d6af   Thumb Code     6  stm32f10x_rcc.o(.text)
    RCC_ClearFlag                            0x0800d6b5   Thumb Code    14  stm32f10x_rcc.o(.text)
    RCC_GetITStatus                          0x0800d6c3   Thumb Code    20  stm32f10x_rcc.o(.text)
    RCC_ClearITPendingBit                    0x0800d6d7   Thumb Code     6  stm32f10x_rcc.o(.text)
    SPI_I2S_DeInit                           0x0800d701   Thumb Code    76  stm32f10x_spi.o(.text)
    SPI_Init                                 0x0800d74d   Thumb Code    60  stm32f10x_spi.o(.text)
    I2S_Init                                 0x0800d789   Thumb Code   226  stm32f10x_spi.o(.text)
    SPI_StructInit                           0x0800d86b   Thumb Code    24  stm32f10x_spi.o(.text)
    I2S_StructInit                           0x0800d883   Thumb Code    20  stm32f10x_spi.o(.text)
    SPI_Cmd                                  0x0800d897   Thumb Code    24  stm32f10x_spi.o(.text)
    I2S_Cmd                                  0x0800d8af   Thumb Code    24  stm32f10x_spi.o(.text)
    SPI_I2S_ITConfig                         0x0800d8c7   Thumb Code    32  stm32f10x_spi.o(.text)
    SPI_I2S_DMACmd                           0x0800d8e7   Thumb Code    18  stm32f10x_spi.o(.text)
    SPI_I2S_SendData                         0x0800d8f9   Thumb Code     4  stm32f10x_spi.o(.text)
    SPI_I2S_ReceiveData                      0x0800d8fd   Thumb Code     6  stm32f10x_spi.o(.text)
    SPI_NSSInternalSoftwareConfig            0x0800d903   Thumb Code    30  stm32f10x_spi.o(.text)
    SPI_SSOutputCmd                          0x0800d921   Thumb Code    24  stm32f10x_spi.o(.text)
    SPI_DataSizeConfig                       0x0800d939   Thumb Code    18  stm32f10x_spi.o(.text)
    SPI_TransmitCRC                          0x0800d94b   Thumb Code    10  stm32f10x_spi.o(.text)
    SPI_CalculateCRC                         0x0800d955   Thumb Code    24  stm32f10x_spi.o(.text)
    SPI_GetCRC                               0x0800d96d   Thumb Code    16  stm32f10x_spi.o(.text)
    SPI_GetCRCPolynomial                     0x0800d97d   Thumb Code     6  stm32f10x_spi.o(.text)
    SPI_BiDirectionalLineConfig              0x0800d983   Thumb Code    28  stm32f10x_spi.o(.text)
    SPI_I2S_GetFlagStatus                    0x0800d99f   Thumb Code    18  stm32f10x_spi.o(.text)
    SPI_I2S_ClearFlag                        0x0800d9b1   Thumb Code     6  stm32f10x_spi.o(.text)
    SPI_I2S_GetITStatus                      0x0800d9b7   Thumb Code    52  stm32f10x_spi.o(.text)
    SPI_I2S_ClearITPendingBit                0x0800d9eb   Thumb Code    20  stm32f10x_spi.o(.text)
    USART_DeInit                             0x0800da0d   Thumb Code   134  stm32f10x_usart.o(.text)
    USART_Init                               0x0800da93   Thumb Code   210  stm32f10x_usart.o(.text)
    USART_StructInit                         0x0800db65   Thumb Code    24  stm32f10x_usart.o(.text)
    USART_ClockInit                          0x0800db7d   Thumb Code    34  stm32f10x_usart.o(.text)
    USART_ClockStructInit                    0x0800db9f   Thumb Code    12  stm32f10x_usart.o(.text)
    USART_Cmd                                0x0800dbab   Thumb Code    24  stm32f10x_usart.o(.text)
    USART_ITConfig                           0x0800dbc3   Thumb Code    74  stm32f10x_usart.o(.text)
    USART_DMACmd                             0x0800dc0d   Thumb Code    18  stm32f10x_usart.o(.text)
    USART_SetAddress                         0x0800dc1f   Thumb Code    18  stm32f10x_usart.o(.text)
    USART_WakeUpConfig                       0x0800dc31   Thumb Code    18  stm32f10x_usart.o(.text)
    USART_ReceiverWakeUpCmd                  0x0800dc43   Thumb Code    24  stm32f10x_usart.o(.text)
    USART_LINBreakDetectLengthConfig         0x0800dc5b   Thumb Code    18  stm32f10x_usart.o(.text)
    USART_LINCmd                             0x0800dc6d   Thumb Code    24  stm32f10x_usart.o(.text)
    USART_SendData                           0x0800dc85   Thumb Code     8  stm32f10x_usart.o(.text)
    USART_ReceiveData                        0x0800dc8d   Thumb Code    10  stm32f10x_usart.o(.text)
    USART_SendBreak                          0x0800dc97   Thumb Code    10  stm32f10x_usart.o(.text)
    USART_SetGuardTime                       0x0800dca1   Thumb Code    16  stm32f10x_usart.o(.text)
    USART_SetPrescaler                       0x0800dcb1   Thumb Code    16  stm32f10x_usart.o(.text)
    USART_SmartCardCmd                       0x0800dcc1   Thumb Code    24  stm32f10x_usart.o(.text)
    USART_SmartCardNACKCmd                   0x0800dcd9   Thumb Code    24  stm32f10x_usart.o(.text)
    USART_HalfDuplexCmd                      0x0800dcf1   Thumb Code    24  stm32f10x_usart.o(.text)
    USART_OverSampling8Cmd                   0x0800dd09   Thumb Code    22  stm32f10x_usart.o(.text)
    USART_OneBitMethodCmd                    0x0800dd1f   Thumb Code    24  stm32f10x_usart.o(.text)
    USART_IrDAConfig                         0x0800dd37   Thumb Code    18  stm32f10x_usart.o(.text)
    USART_IrDACmd                            0x0800dd49   Thumb Code    24  stm32f10x_usart.o(.text)
    USART_GetFlagStatus                      0x0800dd61   Thumb Code    26  stm32f10x_usart.o(.text)
    USART_ClearFlag                          0x0800dd7b   Thumb Code    18  stm32f10x_usart.o(.text)
    USART_GetITStatus                        0x0800dd8d   Thumb Code    84  stm32f10x_usart.o(.text)
    USART_ClearITPendingBit                  0x0800dde1   Thumb Code    52  stm32f10x_usart.o(.text)
    TIM_DeInit                               0x0800de15   Thumb Code   424  stm32f10x_tim.o(.text)
    TIM_TimeBaseInit                         0x0800dfbd   Thumb Code   122  stm32f10x_tim.o(.text)
    TIM_OC1Init                              0x0800e037   Thumb Code   132  stm32f10x_tim.o(.text)
    TIM_OC2Init                              0x0800e0bb   Thumb Code   154  stm32f10x_tim.o(.text)
    TIM_OC3Init                              0x0800e155   Thumb Code   150  stm32f10x_tim.o(.text)
    TIM_OC4Init                              0x0800e1eb   Thumb Code   182  stm32f10x_tim.o(.text)
    TIM_SetIC4Prescaler                      0x0800e2a1   Thumb Code    26  stm32f10x_tim.o(.text)
    TIM_SetIC3Prescaler                      0x0800e33d   Thumb Code    18  stm32f10x_tim.o(.text)
    TIM_SetIC2Prescaler                      0x0800e3c9   Thumb Code    26  stm32f10x_tim.o(.text)
    TIM_SetIC1Prescaler                      0x0800e465   Thumb Code    18  stm32f10x_tim.o(.text)
    TIM_ICInit                               0x0800e4e3   Thumb Code   150  stm32f10x_tim.o(.text)
    TIM_PWMIConfig                           0x0800e579   Thumb Code   124  stm32f10x_tim.o(.text)
    TIM_BDTRConfig                           0x0800e5f5   Thumb Code    32  stm32f10x_tim.o(.text)
    TIM_TimeBaseStructInit                   0x0800e615   Thumb Code    18  stm32f10x_tim.o(.text)
    TIM_OCStructInit                         0x0800e627   Thumb Code    20  stm32f10x_tim.o(.text)
    TIM_ICStructInit                         0x0800e63b   Thumb Code    18  stm32f10x_tim.o(.text)
    TIM_BDTRStructInit                       0x0800e64d   Thumb Code    40  stm32f10x_tim.o(.text)
    TIM_Cmd                                  0x0800e675   Thumb Code    24  stm32f10x_tim.o(.text)
    TIM_CtrlPWMOutputs                       0x0800e68d   Thumb Code    30  stm32f10x_tim.o(.text)
    TIM_ITConfig                             0x0800e6ab   Thumb Code    18  stm32f10x_tim.o(.text)
    TIM_GenerateEvent                        0x0800e6bd   Thumb Code     4  stm32f10x_tim.o(.text)
    TIM_DMAConfig                            0x0800e6c1   Thumb Code    10  stm32f10x_tim.o(.text)
    TIM_DMACmd                               0x0800e6cb   Thumb Code    18  stm32f10x_tim.o(.text)
    TIM_InternalClockConfig                  0x0800e6dd   Thumb Code    12  stm32f10x_tim.o(.text)
    TIM_SelectInputTrigger                   0x0800e6e9   Thumb Code    18  stm32f10x_tim.o(.text)
    TIM_ITRxExternalClockConfig              0x0800e6fb   Thumb Code    24  stm32f10x_tim.o(.text)
    TIM_TIxExternalClockConfig               0x0800e713   Thumb Code    62  stm32f10x_tim.o(.text)
    TIM_ETRConfig                            0x0800e751   Thumb Code    28  stm32f10x_tim.o(.text)
    TIM_ETRClockMode1Config                  0x0800e76d   Thumb Code    54  stm32f10x_tim.o(.text)
    TIM_ETRClockMode2Config                  0x0800e7a3   Thumb Code    32  stm32f10x_tim.o(.text)
    TIM_PrescalerConfig                      0x0800e7c3   Thumb Code     6  stm32f10x_tim.o(.text)
    TIM_CounterModeConfig                    0x0800e7c9   Thumb Code    18  stm32f10x_tim.o(.text)
    TIM_EncoderInterfaceConfig               0x0800e7db   Thumb Code    66  stm32f10x_tim.o(.text)
    TIM_ForcedOC1Config                      0x0800e81d   Thumb Code    18  stm32f10x_tim.o(.text)
    TIM_ForcedOC2Config                      0x0800e82f   Thumb Code    26  stm32f10x_tim.o(.text)
    TIM_ForcedOC3Config                      0x0800e849   Thumb Code    18  stm32f10x_tim.o(.text)
    TIM_ForcedOC4Config                      0x0800e85b   Thumb Code    26  stm32f10x_tim.o(.text)
    TIM_ARRPreloadConfig                     0x0800e875   Thumb Code    24  stm32f10x_tim.o(.text)
    TIM_SelectCOM                            0x0800e88d   Thumb Code    24  stm32f10x_tim.o(.text)
    TIM_SelectCCDMA                          0x0800e8a5   Thumb Code    24  stm32f10x_tim.o(.text)
    TIM_CCPreloadControl                     0x0800e8bd   Thumb Code    24  stm32f10x_tim.o(.text)
    TIM_OC1PreloadConfig                     0x0800e8d5   Thumb Code    18  stm32f10x_tim.o(.text)
    TIM_OC2PreloadConfig                     0x0800e8e7   Thumb Code    26  stm32f10x_tim.o(.text)
    TIM_OC3PreloadConfig                     0x0800e901   Thumb Code    18  stm32f10x_tim.o(.text)
    TIM_OC4PreloadConfig                     0x0800e913   Thumb Code    26  stm32f10x_tim.o(.text)
    TIM_OC1FastConfig                        0x0800e92d   Thumb Code    18  stm32f10x_tim.o(.text)
    TIM_OC2FastConfig                        0x0800e93f   Thumb Code    26  stm32f10x_tim.o(.text)
    TIM_OC3FastConfig                        0x0800e959   Thumb Code    18  stm32f10x_tim.o(.text)
    TIM_OC4FastConfig                        0x0800e96b   Thumb Code    26  stm32f10x_tim.o(.text)
    TIM_ClearOC1Ref                          0x0800e985   Thumb Code    18  stm32f10x_tim.o(.text)
    TIM_ClearOC2Ref                          0x0800e997   Thumb Code    24  stm32f10x_tim.o(.text)
    TIM_ClearOC3Ref                          0x0800e9af   Thumb Code    18  stm32f10x_tim.o(.text)
    TIM_ClearOC4Ref                          0x0800e9c1   Thumb Code    24  stm32f10x_tim.o(.text)
    TIM_OC1PolarityConfig                    0x0800e9d9   Thumb Code    18  stm32f10x_tim.o(.text)
    TIM_OC1NPolarityConfig                   0x0800e9eb   Thumb Code    18  stm32f10x_tim.o(.text)
    TIM_OC2PolarityConfig                    0x0800e9fd   Thumb Code    26  stm32f10x_tim.o(.text)
    TIM_OC2NPolarityConfig                   0x0800ea17   Thumb Code    26  stm32f10x_tim.o(.text)
    TIM_OC3PolarityConfig                    0x0800ea31   Thumb Code    26  stm32f10x_tim.o(.text)
    TIM_OC3NPolarityConfig                   0x0800ea4b   Thumb Code    26  stm32f10x_tim.o(.text)
    TIM_OC4PolarityConfig                    0x0800ea65   Thumb Code    26  stm32f10x_tim.o(.text)
    TIM_CCxCmd                               0x0800ea7f   Thumb Code    30  stm32f10x_tim.o(.text)
    TIM_CCxNCmd                              0x0800ea9d   Thumb Code    30  stm32f10x_tim.o(.text)
    TIM_SelectOCxM                           0x0800eabb   Thumb Code    82  stm32f10x_tim.o(.text)
    TIM_UpdateDisableConfig                  0x0800eb0d   Thumb Code    24  stm32f10x_tim.o(.text)
    TIM_UpdateRequestConfig                  0x0800eb25   Thumb Code    24  stm32f10x_tim.o(.text)
    TIM_SelectHallSensor                     0x0800eb3d   Thumb Code    24  stm32f10x_tim.o(.text)
    TIM_SelectOnePulseMode                   0x0800eb55   Thumb Code    18  stm32f10x_tim.o(.text)
    TIM_SelectOutputTrigger                  0x0800eb67   Thumb Code    18  stm32f10x_tim.o(.text)
    TIM_SelectSlaveMode                      0x0800eb79   Thumb Code    18  stm32f10x_tim.o(.text)
    TIM_SelectMasterSlaveMode                0x0800eb8b   Thumb Code    18  stm32f10x_tim.o(.text)
    TIM_SetCounter                           0x0800eb9d   Thumb Code     4  stm32f10x_tim.o(.text)
    TIM_SetAutoreload                        0x0800eba1   Thumb Code     4  stm32f10x_tim.o(.text)
    TIM_SetCompare1                          0x0800eba5   Thumb Code     4  stm32f10x_tim.o(.text)
    TIM_SetCompare2                          0x0800eba9   Thumb Code     4  stm32f10x_tim.o(.text)
    TIM_SetCompare3                          0x0800ebad   Thumb Code     4  stm32f10x_tim.o(.text)
    TIM_SetCompare4                          0x0800ebb1   Thumb Code     6  stm32f10x_tim.o(.text)
    TIM_SetClockDivision                     0x0800ebb7   Thumb Code    18  stm32f10x_tim.o(.text)
    TIM_GetCapture1                          0x0800ebc9   Thumb Code     6  stm32f10x_tim.o(.text)
    TIM_GetCapture2                          0x0800ebcf   Thumb Code     6  stm32f10x_tim.o(.text)
    TIM_GetCapture3                          0x0800ebd5   Thumb Code     6  stm32f10x_tim.o(.text)
    TIM_GetCapture4                          0x0800ebdb   Thumb Code     8  stm32f10x_tim.o(.text)
    TIM_GetCounter                           0x0800ebe3   Thumb Code     6  stm32f10x_tim.o(.text)
    TIM_GetPrescaler                         0x0800ebe9   Thumb Code     6  stm32f10x_tim.o(.text)
    TIM_GetFlagStatus                        0x0800ebef   Thumb Code    18  stm32f10x_tim.o(.text)
    TIM_ClearFlag                            0x0800ec01   Thumb Code     6  stm32f10x_tim.o(.text)
    TIM_GetITStatus                          0x0800ec07   Thumb Code    34  stm32f10x_tim.o(.text)
    TIM_ClearITPendingBit                    0x0800ec29   Thumb Code     6  stm32f10x_tim.o(.text)
    SDIO_DeInit                              0x0800ec31   Thumb Code    28  stm32f10x_sdio.o(.text)
    SDIO_Init                                0x0800ec4d   Thumb Code    42  stm32f10x_sdio.o(.text)
    SDIO_StructInit                          0x0800ec77   Thumb Code    16  stm32f10x_sdio.o(.text)
    SDIO_ClockCmd                            0x0800ec87   Thumb Code     6  stm32f10x_sdio.o(.text)
    SDIO_SetPowerState                       0x0800ec8d   Thumb Code    22  stm32f10x_sdio.o(.text)
    SDIO_GetPowerState                       0x0800eca3   Thumb Code    10  stm32f10x_sdio.o(.text)
    SDIO_ITConfig                            0x0800ecad   Thumb Code    26  stm32f10x_sdio.o(.text)
    SDIO_DMACmd                              0x0800ecc7   Thumb Code     6  stm32f10x_sdio.o(.text)
    SDIO_SendCommand                         0x0800eccd   Thumb Code    38  stm32f10x_sdio.o(.text)
    SDIO_CmdStructInit                       0x0800ecf3   Thumb Code    14  stm32f10x_sdio.o(.text)
    SDIO_GetCommandResponse                  0x0800ed01   Thumb Code     8  stm32f10x_sdio.o(.text)
    SDIO_GetResponse                         0x0800ed09   Thumb Code    22  stm32f10x_sdio.o(.text)
    SDIO_DataConfig                          0x0800ed1f   Thumb Code    42  stm32f10x_sdio.o(.text)
    SDIO_DataStructInit                      0x0800ed49   Thumb Code    20  stm32f10x_sdio.o(.text)
    SDIO_GetDataCounter                      0x0800ed5d   Thumb Code     6  stm32f10x_sdio.o(.text)
    SDIO_ReadData                            0x0800ed63   Thumb Code     8  stm32f10x_sdio.o(.text)
    SDIO_WriteData                           0x0800ed6b   Thumb Code     8  stm32f10x_sdio.o(.text)
    SDIO_GetFIFOCount                        0x0800ed73   Thumb Code     6  stm32f10x_sdio.o(.text)
    SDIO_StartSDIOReadWait                   0x0800ed79   Thumb Code     8  stm32f10x_sdio.o(.text)
    SDIO_StopSDIOReadWait                    0x0800ed81   Thumb Code     8  stm32f10x_sdio.o(.text)
    SDIO_SetSDIOReadWaitMode                 0x0800ed89   Thumb Code     8  stm32f10x_sdio.o(.text)
    SDIO_SetSDIOOperation                    0x0800ed91   Thumb Code     8  stm32f10x_sdio.o(.text)
    SDIO_SendSDIOSuspendCmd                  0x0800ed99   Thumb Code     6  stm32f10x_sdio.o(.text)
    SDIO_CommandCompletionCmd                0x0800ed9f   Thumb Code     8  stm32f10x_sdio.o(.text)
    SDIO_CEATAITCmd                          0x0800eda7   Thumb Code    12  stm32f10x_sdio.o(.text)
    SDIO_SendCEATACmd                        0x0800edb3   Thumb Code     8  stm32f10x_sdio.o(.text)
    SDIO_GetFlagStatus                       0x0800edbb   Thumb Code    20  stm32f10x_sdio.o(.text)
    SDIO_ClearFlag                           0x0800edcf   Thumb Code     6  stm32f10x_sdio.o(.text)
    SDIO_GetITStatus                         0x0800edd5   Thumb Code    20  stm32f10x_sdio.o(.text)
    SDIO_ClearITPendingBit                   0x0800ede9   Thumb Code     6  stm32f10x_sdio.o(.text)
    DMA_DeInit                               0x0800ee05   Thumb Code   324  stm32f10x_dma.o(.text)
    DMA_Init                                 0x0800ef49   Thumb Code    60  stm32f10x_dma.o(.text)
    DMA_StructInit                           0x0800ef85   Thumb Code    26  stm32f10x_dma.o(.text)
    DMA_Cmd                                  0x0800ef9f   Thumb Code    24  stm32f10x_dma.o(.text)
    DMA_ITConfig                             0x0800efb7   Thumb Code    18  stm32f10x_dma.o(.text)
    DMA_SetCurrDataCounter                   0x0800efc9   Thumb Code     4  stm32f10x_dma.o(.text)
    DMA_GetCurrDataCounter                   0x0800efcd   Thumb Code     8  stm32f10x_dma.o(.text)
    DMA_GetFlagStatus                        0x0800efd5   Thumb Code    40  stm32f10x_dma.o(.text)
    DMA_ClearFlag                            0x0800effd   Thumb Code    22  stm32f10x_dma.o(.text)
    DMA_GetITStatus                          0x0800f013   Thumb Code    40  stm32f10x_dma.o(.text)
    DMA_ClearITPendingBit                    0x0800f03b   Thumb Code    22  stm32f10x_dma.o(.text)
    disk_status                              0x0800f059   Thumb Code     6  diskio.o(.text)
    disk_initialize                          0x0800f05f   Thumb Code    52  diskio.o(.text)
    disk_read                                0x0800f093   Thumb Code   122  diskio.o(.text)
    disk_write                               0x0800f10d   Thumb Code   122  diskio.o(.text)
    disk_ioctl                               0x0800f187   Thumb Code   170  diskio.o(.text)
    get_fattime                              0x0800f231   Thumb Code     4  diskio.o(.text)
    ff_memalloc                              0x0800f235   Thumb Code    14  diskio.o(.text)
    ff_memfree                               0x0800f243   Thumb Code    14  diskio.o(.text)
    clust2sect                               0x0800f40f   Thumb Code    26  ff.o(.text)
    get_fat                                  0x0800f429   Thumb Code   242  ff.o(.text)
    put_fat                                  0x0800f51b   Thumb Code   322  ff.o(.text)
    dir_sdi                                  0x0800f7d1   Thumb Code   158  ff.o(.text)
    f_mount                                  0x0801085b   Thumb Code    86  ff.o(.text)
    f_open                                   0x080108b1   Thumb Code   384  ff.o(.text)
    f_read                                   0x08010a31   Thumb Code   450  ff.o(.text)
    f_write                                  0x08010bf3   Thumb Code   490  ff.o(.text)
    f_sync                                   0x08010ddd   Thumb Code   176  ff.o(.text)
    f_close                                  0x08010e8d   Thumb Code    32  ff.o(.text)
    f_lseek                                  0x08010ead   Thumb Code   684  ff.o(.text)
    f_opendir                                0x08011159   Thumb Code   136  ff.o(.text)
    f_closedir                               0x080111e1   Thumb Code    22  ff.o(.text)
    f_readdir                                0x080111f7   Thumb Code   114  ff.o(.text)
    f_stat                                   0x08011269   Thumb Code    84  ff.o(.text)
    f_getfree                                0x080112bd   Thumb Code   258  ff.o(.text)
    f_truncate                               0x080113bf   Thumb Code   184  ff.o(.text)
    f_unlink                                 0x08011477   Thumb Code   190  ff.o(.text)
    f_mkdir                                  0x08011535   Thumb Code   380  ff.o(.text)
    f_chmod                                  0x080116b1   Thumb Code   112  ff.o(.text)
    f_rename                                 0x08011721   Thumb Code   290  ff.o(.text)
    f_utime                                  0x08011843   Thumb Code   110  ff.o(.text)
    f_getlabel                               0x080118b1   Thumb Code   190  ff.o(.text)
    f_setlabel                               0x0801196f   Thumb Code   482  ff.o(.text)
    f_mkfs                                   0x08011b51   Thumb Code  1578  ff.o(.text)
    f_gets                                   0x0801217b   Thumb Code    82  ff.o(.text)
    f_putc                                   0x08012211   Thumb Code    64  ff.o(.text)
    f_puts                                   0x08012251   Thumb Code    74  ff.o(.text)
    f_printf                                 0x0801229b   Thumb Code   674  ff.o(.text)
    exfuns_init                              0x0801253d   Thumb Code   114  exfuns.o(.text)
    char_upper                               0x080125af   Thumb Code    26  exfuns.o(.text)
    f_typetell                               0x080125c9   Thumb Code   188  exfuns.o(.text)
    exf_getfree                              0x08012685   Thumb Code    74  exfuns.o(.text)
    ff_convert                               0x080126e5   Thumb Code   146  mycc936.o(.text)
    ff_wtoupper                              0x08012777   Thumb Code    46  mycc936.o(.text)
    usmart_sys_cmd_exe                       0x080127b1   Thumb Code  1554  usmart.o(.text)
    usmart_reset_runtime                     0x08012dc3   Thumb Code    38  usmart.o(.text)
    usmart_get_runtime                       0x08012de9   Thumb Code    60  usmart.o(.text)
    TIM4_IRQHandler                          0x08012e25   Thumb Code    46  usmart.o(.text)
    Timer4_Init                              0x08012e53   Thumb Code    88  usmart.o(.text)
    usmart_init                              0x08012eab   Thumb Code    36  usmart.o(.text)
    usmart_cmd_rec                           0x08012ecf   Thumb Code   170  usmart.o(.text)
    usmart_exe                               0x08012f79   Thumb Code   870  usmart.o(.text)
    usmart_scan                              0x080132df   Thumb Code   120  usmart.o(.text)
    read_addr                                0x08013357   Thumb Code     6  usmart.o(.text)
    write_addr                               0x0801335d   Thumb Code     4  usmart.o(.text)
    usmart_strcmp                            0x080133e9   Thumb Code    34  usmart_str.o(.text)
    usmart_strcopy                           0x0801340b   Thumb Code    22  usmart_str.o(.text)
    usmart_strlen                            0x08013421   Thumb Code    24  usmart_str.o(.text)
    usmart_pow                               0x08013439   Thumb Code    22  usmart_str.o(.text)
    usmart_str2num                           0x0801344f   Thumb Code   202  usmart_str.o(.text)
    usmart_get_cmdname                       0x08013519   Thumb Code    54  usmart_str.o(.text)
    usmart_search_nextc                      0x0801354f   Thumb Code    22  usmart_str.o(.text)
    usmart_get_fname                         0x08013565   Thumb Code   440  usmart_str.o(.text)
    usmart_get_aparm                         0x0801371d   Thumb Code   200  usmart_str.o(.text)
    usmart_get_parmpos                       0x080137e5   Thumb Code    26  usmart_str.o(.text)
    usmart_get_fparam                        0x080137ff   Thumb Code   262  usmart_str.o(.text)
    Get_HzMat                                0x08013911   Thumb Code   220  text.o(.text)
    Show_Font                                0x080139ed   Thumb Code   190  text.o(.text)
    Show_Str                                 0x08013aab   Thumb Code   192  text.o(.text)
    Show_Str_Mid                             0x08013b6b   Thumb Code   106  text.o(.text)
    __use_no_semihosting                     0x08013be5   Thumb Code     2  use_no_semi_2.o(.text)
    __aeabi_ldivmod                          0x08013be7   Thumb Code     0  llsdiv.o(.text)
    _ll_sdiv                                 0x08013be7   Thumb Code    72  llsdiv.o(.text)
    __c89vsprintf                            0x08013c31   Thumb Code    32  c89vsprintf.o(.text)
    __2printf                                0x08013c55   Thumb Code    20  __2printf.o(.text)
    __2sprintf                               0x08013c6d   Thumb Code    38  __2sprintf.o(.text)
    _printf_pre_padding                      0x08013c99   Thumb Code    44  _printf_pad.o(.text)
    _printf_post_padding                     0x08013cc5   Thumb Code    34  _printf_pad.o(.text)
    _printf_str                              0x08013ce7   Thumb Code    82  _printf_str.o(.text)
    _printf_int_dec                          0x08013d39   Thumb Code   104  _printf_dec.o(.text)
    _printf_longlong_hex                     0x08013db1   Thumb Code    86  _printf_hex_int_ll_ptr.o(.text)
    _printf_int_hex                          0x08013e07   Thumb Code    28  _printf_hex_int_ll_ptr.o(.text)
    _printf_ll_hex                           0x08013e23   Thumb Code    12  _printf_hex_int_ll_ptr.o(.text)
    _printf_hex_ptr                          0x08013e2f   Thumb Code    18  _printf_hex_int_ll_ptr.o(.text)
    __printf                                 0x08013e45   Thumb Code   388  __printf_flags_ss_wp.o(.text)
    strstr                                   0x08013fcd   Thumb Code    36  strstr.o(.text)
    strcpy                                   0x08013ff1   Thumb Code    72  strcpy.o(.text)
    strlen                                   0x08014039   Thumb Code    62  strlen.o(.text)
    __aeabi_memcpy                           0x08014077   Thumb Code     0  rt_memcpy_v6.o(.text)
    __rt_memcpy                              0x08014077   Thumb Code   138  rt_memcpy_v6.o(.text)
    _memcpy_lastbytes                        0x080140dd   Thumb Code     0  rt_memcpy_v6.o(.text)
    strcmp                                   0x08014101   Thumb Code   128  strcmpv7m.o(.text)
    __use_two_region_memory                  0x08014181   Thumb Code     2  heapauxi.o(.text)
    __rt_heap_escrow$2region                 0x08014183   Thumb Code     2  heapauxi.o(.text)
    __rt_heap_expand$2region                 0x08014185   Thumb Code     2  heapauxi.o(.text)
    __I$use$semihosting                      0x08014187   Thumb Code     0  use_no_semi.o(.text)
    __use_no_semihosting_swi                 0x08014187   Thumb Code     2  use_no_semi.o(.text)
    __aeabi_uldivmod                         0x08014189   Thumb Code     0  lludivv7m.o(.text)
    _ll_udiv                                 0x08014189   Thumb Code   238  lludivv7m.o(.text)
    __read_errno                             0x08014277   Thumb Code    10  _rserrno.o(.text)
    __set_errno                              0x08014281   Thumb Code    12  _rserrno.o(.text)
    _printf_truncate_signed                  0x0801428d   Thumb Code    18  _printf_truncate.o(.text)
    _printf_truncate_unsigned                0x0801429f   Thumb Code    18  _printf_truncate.o(.text)
    _printf_int_common                       0x080142b1   Thumb Code   178  _printf_intcommon.o(.text)
    _printf_charcount                        0x08014363   Thumb Code    40  _printf_charcount.o(.text)
    _printf_char_common                      0x08014397   Thumb Code    32  _printf_char_common.o(.text)
    _sputc                                   0x080143bd   Thumb Code    10  _sputc.o(.text)
    _printf_cs_common                        0x080143c7   Thumb Code    20  _printf_char.o(.text)
    _printf_char                             0x080143db   Thumb Code    16  _printf_char.o(.text)
    _printf_string                           0x080143eb   Thumb Code     8  _printf_char.o(.text)
    _printf_char_file                        0x080143f5   Thumb Code    32  _printf_char_file.o(.text)
    _printf_wctomb                           0x08014419   Thumb Code   182  _printf_wctomb.o(.text)
    _printf_longlong_dec                     0x080144d5   Thumb Code   108  _printf_longlong_dec.o(.text)
    _printf_longlong_oct                     0x08014551   Thumb Code    66  _printf_oct_int_ll.o(.text)
    _printf_int_oct                          0x08014593   Thumb Code    24  _printf_oct_int_ll.o(.text)
    _printf_ll_oct                           0x080145ab   Thumb Code    12  _printf_oct_int_ll.o(.text)
    __aeabi_memcpy4                          0x080145c1   Thumb Code     0  rt_memcpy_w.o(.text)
    __aeabi_memcpy8                          0x080145c1   Thumb Code     0  rt_memcpy_w.o(.text)
    __rt_memcpy_w                            0x080145c1   Thumb Code   100  rt_memcpy_w.o(.text)
    _memcpy_lastbytes_aligned                0x08014609   Thumb Code     0  rt_memcpy_w.o(.text)
    __aeabi_errno_addr                       0x08014625   Thumb Code     8  rt_errno_addr_intlibspace.o(.text)
    __errno$intlibspace                      0x08014625   Thumb Code     0  rt_errno_addr_intlibspace.o(.text)
    __rt_errno_addr$intlibspace              0x08014625   Thumb Code     0  rt_errno_addr_intlibspace.o(.text)
    _ll_udiv10                               0x0801462d   Thumb Code   138  lludiv10.o(.text)
    __lib_sel_fp_printf                      0x080146b7   Thumb Code     2  _printf_fp_dec.o(.text)
    _printf_fp_dec_real                      0x08014869   Thumb Code   620  _printf_fp_dec.o(.text)
    _printf_lcs_common                       0x08014ad5   Thumb Code    20  _printf_wchar.o(.text)
    _printf_wchar                            0x08014ae9   Thumb Code    16  _printf_wchar.o(.text)
    _printf_wstring                          0x08014af9   Thumb Code     8  _printf_wchar.o(.text)
    ferror                                   0x08014b01   Thumb Code     8  ferror.o(.text)
    _wcrtomb                                 0x08014b09   Thumb Code    64  _wcrtomb.o(.text)
    __user_libspace                          0x08014b49   Thumb Code     8  libspace.o(.text)
    __user_perproc_libspace                  0x08014b49   Thumb Code     0  libspace.o(.text)
    __user_perthread_libspace                0x08014b49   Thumb Code     0  libspace.o(.text)
    __user_setup_stackheap                   0x08014b51   Thumb Code    74  sys_stackheap_outer.o(.text)
    __rt_ctype_table                         0x08014b9d   Thumb Code    16  rt_ctype_table.o(.text)
    __rt_locale                              0x08014bad   Thumb Code     8  rt_locale_intlibspace.o(.text)
    _printf_fp_infnan                        0x08014bb5   Thumb Code   112  _printf_fp_infnan.o(.text)
    _btod_etento                             0x08014c35   Thumb Code   224  bigflt0.o(.text)
    exit                                     0x08014d19   Thumb Code    18  exit.o(.text)
    _btod_d2e                                0x08014d2b   Thumb Code    62  btod.o(CL$$btod_d2e)
    _d2e_denorm_low                          0x08014d69   Thumb Code    70  btod.o(CL$$btod_d2e_denorm_low)
    _d2e_norm_op1                            0x08014daf   Thumb Code    96  btod.o(CL$$btod_d2e_norm_op1)
    __btod_div_common                        0x08014e0f   Thumb Code   696  btod.o(CL$$btod_div_common)
    _e2e                                     0x08015147   Thumb Code   220  btod.o(CL$$btod_e2e)
    _btod_ediv                               0x08015223   Thumb Code    42  btod.o(CL$$btod_ediv)
    _btod_emul                               0x0801524d   Thumb Code    42  btod.o(CL$$btod_emul)
    __btod_mult_common                       0x08015277   Thumb Code   580  btod.o(CL$$btod_mult_common)
    __ARM_fpclassify                         0x080154bb   Thumb Code    40  fpclassify.o(i.__ARM_fpclassify)
    _is_digit                                0x080154e3   Thumb Code    14  __printf_wp.o(i._is_digit)
    sqrt                                     0x080154f1   Thumb Code    76  sqrt.o(i.sqrt)
    _get_lc_numeric                          0x0801553d   Thumb Code    44  lc_numeric_c.o(locale$$code)
    _get_lc_ctype                            0x08015569   Thumb Code    44  lc_ctype_c.o(locale$$code)
    __aeabi_dadd                             0x08015595   Thumb Code     0  daddsub_clz.o(x$fpl$dadd)
    _dadd                                    0x08015595   Thumb Code   332  daddsub_clz.o(x$fpl$dadd)
    __fpl_dcmp_Inf                           0x080156e5   Thumb Code    24  dcmpi.o(x$fpl$dcmpinf)
    __aeabi_d2uiz                            0x080156fd   Thumb Code     0  dfixu.o(x$fpl$dfixu)
    _dfixu                                   0x080156fd   Thumb Code    90  dfixu.o(x$fpl$dfixu)
    __aeabi_i2d                              0x08015757   Thumb Code     0  dflt_clz.o(x$fpl$dflt)
    _dflt                                    0x08015757   Thumb Code    46  dflt_clz.o(x$fpl$dflt)
    __aeabi_ui2d                             0x08015785   Thumb Code     0  dflt_clz.o(x$fpl$dfltu)
    _dfltu                                   0x08015785   Thumb Code    38  dflt_clz.o(x$fpl$dfltu)
    __aeabi_cdcmple                          0x080157ad   Thumb Code     0  dleqf.o(x$fpl$dleqf)
    _dcmple                                  0x080157ad   Thumb Code   120  dleqf.o(x$fpl$dleqf)
    __fpl_dcmple_InfNaN                      0x0801580f   Thumb Code     0  dleqf.o(x$fpl$dleqf)
    __aeabi_dmul                             0x08015825   Thumb Code     0  dmul.o(x$fpl$dmul)
    _dmul                                    0x08015825   Thumb Code   332  dmul.o(x$fpl$dmul)
    __fpl_dnaninf                            0x08015979   Thumb Code   156  dnaninf.o(x$fpl$dnaninf)
    __fpl_dretinf                            0x08015a15   Thumb Code    12  dretinf.o(x$fpl$dretinf)
    __aeabi_cdrcmple                         0x08015a21   Thumb Code     0  drleqf.o(x$fpl$drleqf)
    _drcmple                                 0x08015a21   Thumb Code   108  drleqf.o(x$fpl$drleqf)
    __aeabi_drsub                            0x08015a8d   Thumb Code     0  daddsub_clz.o(x$fpl$drsb)
    _drsb                                    0x08015a8d   Thumb Code    22  daddsub_clz.o(x$fpl$drsb)
    _dsqrt                                   0x08015aa5   Thumb Code   456  dsqrt_noumaal.o(x$fpl$dsqrt)
    __aeabi_dsub                             0x08015c71   Thumb Code     0  daddsub_clz.o(x$fpl$dsub)
    _dsub                                    0x08015c71   Thumb Code   464  daddsub_clz.o(x$fpl$dsub)
    __aeabi_f2d                              0x08015e45   Thumb Code     0  f2d.o(x$fpl$f2d)
    _f2d                                     0x08015e45   Thumb Code    86  f2d.o(x$fpl$f2d)
    __aeabi_fadd                             0x08015e9d   Thumb Code     0  faddsub_clz.o(x$fpl$fadd)
    _fadd                                    0x08015e9d   Thumb Code   196  faddsub_clz.o(x$fpl$fadd)
    __aeabi_fdiv                             0x08015f61   Thumb Code     0  fdiv.o(x$fpl$fdiv)
    _fdiv                                    0x08015f61   Thumb Code   384  fdiv.o(x$fpl$fdiv)
    __aeabi_f2iz                             0x080160e5   Thumb Code     0  ffix.o(x$fpl$ffix)
    _ffix                                    0x080160e5   Thumb Code    54  ffix.o(x$fpl$ffix)
    __aeabi_f2uiz                            0x0801611d   Thumb Code     0  ffixu.o(x$fpl$ffixu)
    _ffixu                                   0x0801611d   Thumb Code    62  ffixu.o(x$fpl$ffixu)
    __aeabi_i2f                              0x0801615d   Thumb Code     0  fflt_clz.o(x$fpl$fflt)
    _fflt                                    0x0801615d   Thumb Code    48  fflt_clz.o(x$fpl$fflt)
    __aeabi_ui2f                             0x0801618d   Thumb Code     0  fflt_clz.o(x$fpl$ffltu)
    _ffltu                                   0x0801618d   Thumb Code    38  fflt_clz.o(x$fpl$ffltu)
    __aeabi_fmul                             0x080161b5   Thumb Code     0  fmul.o(x$fpl$fmul)
    _fmul                                    0x080161b5   Thumb Code   258  fmul.o(x$fpl$fmul)
    __fpl_fnaninf                            0x080162b7   Thumb Code   140  fnaninf.o(x$fpl$fnaninf)
    __fpl_fretinf                            0x08016343   Thumb Code    10  fretinf.o(x$fpl$fretinf)
    __aeabi_fsub                             0x0801634d   Thumb Code     0  faddsub_clz.o(x$fpl$fsub)
    _fsub                                    0x0801634d   Thumb Code   234  faddsub_clz.o(x$fpl$fsub)
    _printf_fp_dec                           0x08016437   Thumb Code     4  printf1.o(x$fpl$printf1)
    __I$use$fp                               0x0801643a   Number         0  usenofp.o(x$fpl$usenofp)
    asc2_1206                                0x0801643a   Data        1140  lcd.o(.constdata)
    asc2_1608                                0x080168ae   Data        1520  lcd.o(.constdata)
    asc2_2412                                0x08016e9e   Data        3420  lcd.o(.constdata)
    FT5206_TPX_TBL                           0x08017bfa   Data          10  ft5206.o(.constdata)
    GT9147_CFG_TBL                           0x08017c04   Data         184  gt9147.o(.constdata)
    GT9147_TPX_TBL                           0x08017cbc   Data          10  gt9147.o(.constdata)
    OTT_TPX_TBL                              0x08017cc6   Data          10  ott2001a.o(.constdata)
    TP_REMIND_MSG_TBL                        0x08017cd0   Data           4  touch.o(.constdata)
    memtblsize                               0x08017ce0   Data           8  malloc.o(.constdata)
    memblksize                               0x08017ce8   Data           8  malloc.o(.constdata)
    memsize                                  0x08017cf0   Data           8  malloc.o(.constdata)
    FILE_TYPE_TBL                            0x08017d34   Data         312  exfuns.o(.constdata)
    Region$$Table$$Base                      0x08018548   Number         0  anon$$obj.o(Region$$Table)
    Region$$Table$$Limit                     0x08018568   Number         0  anon$$obj.o(Region$$Table)
    __ctype                                  0x08018591   Data           0  lc_ctype_c.o(locale$$data)
    SystemCoreClock                          0x20000000   Data           4  system_stm32f10x.o(.data)
    AHBPrescTable                            0x20000004   Data          16  system_stm32f10x.o(.data)
    POINT_COLOR                              0x20000016   Data           2  lcd.o(.data)
    BACK_COLOR                               0x20000018   Data           2  lcd.o(.data)
    W25QXX_TYPE                              0x2000001a   Data           2  w25qxx.o(.data)
    TransferError                            0x20000026   Data           1  sdio_sdcard.o(.data)
    TransferEnd                              0x20000027   Data           1  sdio_sdcard.o(.data)
    tempbuff                                 0x20000028   Data           4  sdio_sdcard.o(.data)
    tp_dev                                   0x20000030   Data          52  touch.o(.data)
    CMD_RDX                                  0x20000064   Data           1  touch.o(.data)
    CMD_RDY                                  0x20000065   Data           1  touch.o(.data)
    USART3_RX_STA                            0x20000068   Data           2  usart3.o(.data)
    Scan_Wtime                               0x2000006c   Data           1  sim800c.o(.data)
    BT_Scan_mode                             0x2000006d   Data           1  sim800c.o(.data)
    kbd_tbl1                                 0x20000070   Data          52  sim800c.o(.data)
    kbd_tbl2                                 0x200000a4   Data          52  sim800c.o(.data)
    kbd_tbl                                  0x200000d8   Data           4  sim800c.o(.data)
    kbd_fn_tbl                               0x200000dc   Data           8  sim800c.o(.data)
    sim800c_test_msg                         0x200000e4   Data           4  sim800c.o(.data)
    modetbl                                  0x200000e8   Data           8  sim800c.o(.data)
    USART2_RX_STA                            0x200000f2   Data           2  usart2.o(.data)
    __stdout                                 0x200000f8   Data           4  usart.o(.data)
    USART_RX_STA                             0x200000fc   Data           2  usart.o(.data)
    mallco_dev                               0x20000100   Data          28  malloc.o(.data)
    FLASH_SECTOR_COUNT                       0x20000130   Data           2  diskio.o(.data)
    fs                                       0x20000140   Data           8  exfuns.o(.data)
    file                                     0x20000148   Data           4  exfuns.o(.data)
    ftemp                                    0x2000014c   Data           4  exfuns.o(.data)
    br                                       0x20000150   Data           4  exfuns.o(.data)
    bw                                       0x20000154   Data           4  exfuns.o(.data)
    fatbuf                                   0x20000158   Data           4  exfuns.o(.data)
    sys_cmd_tab                              0x2000015c   Data          28  usmart.o(.data)
    usmart_nametab                           0x20000178   Data          24  usmart_config.o(.data)
    usmart_dev                               0x20000190   Data         244  usmart_config.o(.data)
    lcddev                                   0x20000284   Data          14  lcd.o(.bss)
    W25QXX_BUFFER                            0x20000292   Data        4096  w25qxx.o(.bss)
    SDIO_InitStructure                       0x20001298   Data          24  sdio_sdcard.o(.bss)
    SDIO_CmdInitStructure                    0x200012b0   Data          20  sdio_sdcard.o(.bss)
    SDIO_DataInitStructure                   0x200012c4   Data          24  sdio_sdcard.o(.bss)
    SDCardInfo                               0x20001300   Data          88  sdio_sdcard.o(.bss)
    SDIO_DATA_BUFFER                         0x20001358   Data         512  sdio_sdcard.o(.bss)
    USART3_RX_BUF                            0x20001558   Data         600  usart3.o(.bss)
    USART3_TX_BUF                            0x200017b0   Data         600  usart3.o(.bss)
    USART2_RX_BUF                            0x20001a08   Data         600  usart2.o(.bss)
    USART2_TX_BUF                            0x20001c60   Data         600  usart2.o(.bss)
    USART_RX_BUF                             0x20001eb8   Data         200  usart.o(.bss)
    mem1base                                 0x20001f80   Data       40960  malloc.o(.bss)
    mem1mapbase                              0x2000bf80   Data        2560  malloc.o(.bss)
    ftinfo                                   0x2000c980   Data          33  fontupd.o(.bss)
    __libspace_start                         0x2000c9a4   Data          96  libspace.o(.bss)
    __temporary_stack_top$libspace           0x2000ca04   Data           0  libspace.o(.bss)
    mem2base                                 0x68000000   Data       983040  malloc.o(.ARM.__AT_0x68000000)
    mem2mapbase                              0x680f0000   Data       61440  malloc.o(.ARM.__AT_0x680F0000)



==============================================================================

Memory Map of the image

  Image Entry point : 0x08000131

  Load Region LR_IROM1 (Base: 0x08000000, Size: 0x00018918, Max: 0x00080000, ABSOLUTE, COMPRESSED[0x00018764])

    Execution Region ER_IROM1 (Exec base: 0x08000000, Load base: 0x08000000, Size: 0x00018694, Max: 0x00080000, ABSOLUTE)

    Exec Addr    Load Addr    Size         Type   Attr      Idx    E Section Name        Object

    0x08000000   0x08000000   0x00000130   Data   RO          664    RESET               startup_stm32f10x_hd.o
    0x08000130   0x08000130   0x00000008   Code   RO         1034  * !!!main             c_w.l(__main.o)
    0x08000138   0x08000138   0x00000034   Code   RO         1390    !!!scatter          c_w.l(__scatter.o)
    0x0800016c   0x0800016c   0x0000005a   Code   RO         1388    !!dczerorl2         c_w.l(__dczerorl2.o)
    0x080001c6   0x080001c6   0x00000002   PAD
    0x080001c8   0x080001c8   0x0000001c   Code   RO         1392    !!handler_zi        c_w.l(__scatter_zi.o)
    0x080001e4   0x080001e4   0x00000000   Code   RO         1019    .ARM.Collect$$_printf_percent$$00000000  c_w.l(_printf_percent.o)
    0x080001e4   0x080001e4   0x00000006   Code   RO         1128    .ARM.Collect$$_printf_percent$$00000001  c_w.l(_printf_n.o)
    0x080001ea   0x080001ea   0x00000006   Code   RO         1129    .ARM.Collect$$_printf_percent$$00000002  c_w.l(_printf_p.o)
    0x080001f0   0x080001f0   0x00000006   Code   RO         1132    .ARM.Collect$$_printf_percent$$00000003  c_w.l(_printf_f.o)
    0x080001f6   0x080001f6   0x00000006   Code   RO         1133    .ARM.Collect$$_printf_percent$$00000004  c_w.l(_printf_e.o)
    0x080001fc   0x080001fc   0x00000006   Code   RO         1134    .ARM.Collect$$_printf_percent$$00000005  c_w.l(_printf_g.o)
    0x08000202   0x08000202   0x00000006   Code   RO         1135    .ARM.Collect$$_printf_percent$$00000006  c_w.l(_printf_a.o)
    0x08000208   0x08000208   0x0000000a   Code   RO         1140    .ARM.Collect$$_printf_percent$$00000007  c_w.l(_printf_ll.o)
    0x08000212   0x08000212   0x00000006   Code   RO         1131    .ARM.Collect$$_printf_percent$$00000008  c_w.l(_printf_i.o)
    0x08000218   0x08000218   0x00000006   Code   RO         1017    .ARM.Collect$$_printf_percent$$00000009  c_w.l(_printf_d.o)
    0x0800021e   0x0800021e   0x00000006   Code   RO         1018    .ARM.Collect$$_printf_percent$$0000000A  c_w.l(_printf_u.o)
    0x08000224   0x08000224   0x00000006   Code   RO         1130    .ARM.Collect$$_printf_percent$$0000000B  c_w.l(_printf_o.o)
    0x0800022a   0x0800022a   0x00000006   Code   RO         1016    .ARM.Collect$$_printf_percent$$0000000C  c_w.l(_printf_x.o)
    0x08000230   0x08000230   0x00000006   Code   RO         1137    .ARM.Collect$$_printf_percent$$0000000D  c_w.l(_printf_lli.o)
    0x08000236   0x08000236   0x00000006   Code   RO         1138    .ARM.Collect$$_printf_percent$$0000000E  c_w.l(_printf_lld.o)
    0x0800023c   0x0800023c   0x00000006   Code   RO         1139    .ARM.Collect$$_printf_percent$$0000000F  c_w.l(_printf_llu.o)
    0x08000242   0x08000242   0x00000006   Code   RO         1144    .ARM.Collect$$_printf_percent$$00000010  c_w.l(_printf_llo.o)
    0x08000248   0x08000248   0x00000006   Code   RO         1145    .ARM.Collect$$_printf_percent$$00000011  c_w.l(_printf_llx.o)
    0x0800024e   0x0800024e   0x0000000a   Code   RO         1141    .ARM.Collect$$_printf_percent$$00000012  c_w.l(_printf_l.o)
    0x08000258   0x08000258   0x00000006   Code   RO         1014    .ARM.Collect$$_printf_percent$$00000013  c_w.l(_printf_c.o)
    0x0800025e   0x0800025e   0x00000006   Code   RO         1015    .ARM.Collect$$_printf_percent$$00000014  c_w.l(_printf_s.o)
    0x08000264   0x08000264   0x00000006   Code   RO         1142    .ARM.Collect$$_printf_percent$$00000015  c_w.l(_printf_lc.o)
    0x0800026a   0x0800026a   0x00000006   Code   RO         1143    .ARM.Collect$$_printf_percent$$00000016  c_w.l(_printf_ls.o)
    0x08000270   0x08000270   0x00000004   Code   RO         1136    .ARM.Collect$$_printf_percent$$00000017  c_w.l(_printf_percent_end.o)
    0x08000274   0x08000274   0x00000002   Code   RO         1254    .ARM.Collect$$libinit$$00000000  c_w.l(libinit.o)
    0x08000276   0x08000276   0x00000000   Code   RO         1269    .ARM.Collect$$libinit$$00000002  c_w.l(libinit2.o)
    0x08000276   0x08000276   0x00000000   Code   RO         1271    .ARM.Collect$$libinit$$00000004  c_w.l(libinit2.o)
    0x08000276   0x08000276   0x00000000   Code   RO         1274    .ARM.Collect$$libinit$$0000000A  c_w.l(libinit2.o)
    0x08000276   0x08000276   0x00000000   Code   RO         1276    .ARM.Collect$$libinit$$0000000C  c_w.l(libinit2.o)
    0x08000276   0x08000276   0x00000000   Code   RO         1278    .ARM.Collect$$libinit$$0000000E  c_w.l(libinit2.o)
    0x08000276   0x08000276   0x00000006   Code   RO         1279    .ARM.Collect$$libinit$$0000000F  c_w.l(libinit2.o)
    0x0800027c   0x0800027c   0x00000000   Code   RO         1281    .ARM.Collect$$libinit$$00000011  c_w.l(libinit2.o)
    0x0800027c   0x0800027c   0x0000000c   Code   RO         1282    .ARM.Collect$$libinit$$00000012  c_w.l(libinit2.o)
    0x08000288   0x08000288   0x00000000   Code   RO         1283    .ARM.Collect$$libinit$$00000013  c_w.l(libinit2.o)
    0x08000288   0x08000288   0x00000000   Code   RO         1285    .ARM.Collect$$libinit$$00000015  c_w.l(libinit2.o)
    0x08000288   0x08000288   0x0000000a   Code   RO         1286    .ARM.Collect$$libinit$$00000016  c_w.l(libinit2.o)
    0x08000292   0x08000292   0x00000000   Code   RO         1287    .ARM.Collect$$libinit$$00000017  c_w.l(libinit2.o)
    0x08000292   0x08000292   0x00000000   Code   RO         1289    .ARM.Collect$$libinit$$00000019  c_w.l(libinit2.o)
    0x08000292   0x08000292   0x00000000   Code   RO         1291    .ARM.Collect$$libinit$$0000001B  c_w.l(libinit2.o)
    0x08000292   0x08000292   0x00000000   Code   RO         1293    .ARM.Collect$$libinit$$0000001D  c_w.l(libinit2.o)
    0x08000292   0x08000292   0x00000000   Code   RO         1295    .ARM.Collect$$libinit$$0000001F  c_w.l(libinit2.o)
    0x08000292   0x08000292   0x00000000   Code   RO         1297    .ARM.Collect$$libinit$$00000021  c_w.l(libinit2.o)
    0x08000292   0x08000292   0x00000000   Code   RO         1299    .ARM.Collect$$libinit$$00000023  c_w.l(libinit2.o)
    0x08000292   0x08000292   0x00000000   Code   RO         1301    .ARM.Collect$$libinit$$00000025  c_w.l(libinit2.o)
    0x08000292   0x08000292   0x00000000   Code   RO         1305    .ARM.Collect$$libinit$$0000002C  c_w.l(libinit2.o)
    0x08000292   0x08000292   0x00000000   Code   RO         1307    .ARM.Collect$$libinit$$0000002E  c_w.l(libinit2.o)
    0x08000292   0x08000292   0x00000000   Code   RO         1309    .ARM.Collect$$libinit$$00000030  c_w.l(libinit2.o)
    0x08000292   0x08000292   0x00000000   Code   RO         1311    .ARM.Collect$$libinit$$00000032  c_w.l(libinit2.o)
    0x08000292   0x08000292   0x00000002   Code   RO         1312    .ARM.Collect$$libinit$$00000033  c_w.l(libinit2.o)
    0x08000294   0x08000294   0x00000002   Code   RO         1340    .ARM.Collect$$libshutdown$$00000000  c_w.l(libshutdown.o)
    0x08000296   0x08000296   0x00000000   Code   RO         1354    .ARM.Collect$$libshutdown$$00000002  c_w.l(libshutdown2.o)
    0x08000296   0x08000296   0x00000000   Code   RO         1356    .ARM.Collect$$libshutdown$$00000004  c_w.l(libshutdown2.o)
    0x08000296   0x08000296   0x00000000   Code   RO         1359    .ARM.Collect$$libshutdown$$00000007  c_w.l(libshutdown2.o)
    0x08000296   0x08000296   0x00000000   Code   RO         1362    .ARM.Collect$$libshutdown$$0000000A  c_w.l(libshutdown2.o)
    0x08000296   0x08000296   0x00000000   Code   RO         1364    .ARM.Collect$$libshutdown$$0000000C  c_w.l(libshutdown2.o)
    0x08000296   0x08000296   0x00000000   Code   RO         1367    .ARM.Collect$$libshutdown$$0000000F  c_w.l(libshutdown2.o)
    0x08000296   0x08000296   0x00000002   Code   RO         1368    .ARM.Collect$$libshutdown$$00000010  c_w.l(libshutdown2.o)
    0x08000298   0x08000298   0x00000000   Code   RO         1098    .ARM.Collect$$rtentry$$00000000  c_w.l(__rtentry.o)
    0x08000298   0x08000298   0x00000000   Code   RO         1166    .ARM.Collect$$rtentry$$00000002  c_w.l(__rtentry2.o)
    0x08000298   0x08000298   0x00000006   Code   RO         1178    .ARM.Collect$$rtentry$$00000004  c_w.l(__rtentry4.o)
    0x0800029e   0x0800029e   0x00000000   Code   RO         1168    .ARM.Collect$$rtentry$$00000009  c_w.l(__rtentry2.o)
    0x0800029e   0x0800029e   0x00000004   Code   RO         1169    .ARM.Collect$$rtentry$$0000000A  c_w.l(__rtentry2.o)
    0x080002a2   0x080002a2   0x00000000   Code   RO         1171    .ARM.Collect$$rtentry$$0000000C  c_w.l(__rtentry2.o)
    0x080002a2   0x080002a2   0x00000008   Code   RO         1172    .ARM.Collect$$rtentry$$0000000D  c_w.l(__rtentry2.o)
    0x080002aa   0x080002aa   0x00000002   Code   RO         1259    .ARM.Collect$$rtexit$$00000000  c_w.l(rtexit.o)
    0x080002ac   0x080002ac   0x00000000   Code   RO         1314    .ARM.Collect$$rtexit$$00000002  c_w.l(rtexit2.o)
    0x080002ac   0x080002ac   0x00000004   Code   RO         1315    .ARM.Collect$$rtexit$$00000003  c_w.l(rtexit2.o)
    0x080002b0   0x080002b0   0x00000006   Code   RO         1316    .ARM.Collect$$rtexit$$00000004  c_w.l(rtexit2.o)
    0x080002b6   0x080002b6   0x00000002   PAD
    0x080002b8   0x080002b8   0x00000040   Code   RO            1    .text               main.o
    0x080002f8   0x080002f8   0x0000001a   Code   RO          186    .text               stm32f10x_it.o
    0x08000312   0x08000312   0x00000002   PAD
    0x08000314   0x08000314   0x000001e0   Code   RO          227    .text               system_stm32f10x.o
    0x080004f4   0x080004f4   0x0000004c   Code   RO          245    .text               led.o
    0x08000540   0x08000540   0x000000fc   Code   RO          260    .text               key.o
    0x0800063c   0x0800063c   0x00004a5c   Code   RO          276    .text               lcd.o
    0x08005098   0x08005098   0x00000108   Code   RO          306    .text               spi.o
    0x080051a0   0x080051a0   0x00000368   Code   RO          321    .text               w25qxx.o
    0x08005508   0x08005508   0x00001c3c   Code   RO          344    .text               sdio_sdcard.o
    0x08007144   0x08007144   0x0000017a   Code   RO          370    .text               24cxx.o
    0x080072be   0x080072be   0x00000002   PAD
    0x080072c0   0x080072c0   0x0000026c   Code   RO          388    .text               myiic.o
    0x0800752c   0x0800752c   0x00000284   Code   RO          400    .text               ctiic.o
    0x080077b0   0x080077b0   0x00000338   Code   RO          415    .text               ft5206.o
    0x08007ae8   0x08007ae8   0x00000458   Code   RO          431    .text               gt9147.o
    0x08007f40   0x08007f40   0x0000036c   Code   RO          454    .text               ott2001a.o
    0x080082ac   0x080082ac   0x00000fb4   Code   RO          470    .text               touch.o
    0x08009260   0x08009260   0x000000fc   Code   RO          494    .text               timer.o
    0x0800935c   0x0800935c   0x0000017c   Code   RO          507    .text               usart3.o
    0x080094d8   0x080094d8   0x00002e3c   Code   RO          533    .text               sim800c.o
    0x0800c314   0x0800c314   0x00000178   Code   RO          557    .text               usart2.o
    0x0800c48c   0x0800c48c   0x000000d4   Code   RO          576    .text               delay.o
    0x0800c560   0x0800c560   0x0000000c   Code   RO          591    .text               sys.o
    0x0800c56c   0x0800c56c   0x00000140   Code   RO          607    .text               usart.o
    0x0800c6ac   0x0800c6ac   0x0000022c   Code   RO          630    .text               malloc.o
    0x0800c8d8   0x0800c8d8   0x00000040   Code   RO          665    .text               startup_stm32f10x_hd.o
    0x0800c918   0x0800c918   0x000000dc   Code   RO          669    .text               misc.o
    0x0800c9f4   0x0800c9f4   0x0000060c   Code   RO          681    .text               stm32f10x_fsmc.o
    0x0800d000   0x0800d000   0x0000035c   Code   RO          693    .text               stm32f10x_gpio.o
    0x0800d35c   0x0800d35c   0x000003a4   Code   RO          705    .text               stm32f10x_rcc.o
    0x0800d700   0x0800d700   0x0000030c   Code   RO          719    .text               stm32f10x_spi.o
    0x0800da0c   0x0800da0c   0x00000408   Code   RO          731    .text               stm32f10x_usart.o
    0x0800de14   0x0800de14   0x00000e1a   Code   RO          743    .text               stm32f10x_tim.o
    0x0800ec2e   0x0800ec2e   0x00000002   PAD
    0x0800ec30   0x0800ec30   0x000001d4   Code   RO          755    .text               stm32f10x_sdio.o
    0x0800ee04   0x0800ee04   0x00000254   Code   RO          767    .text               stm32f10x_dma.o
    0x0800f058   0x0800f058   0x00000200   Code   RO          779    .text               diskio.o
    0x0800f258   0x0800f258   0x000032e4   Code   RO          801    .text               ff.o
    0x0801253c   0x0801253c   0x000001a8   Code   RO          819    .text               exfuns.o
    0x080126e4   0x080126e4   0x000000cc   Code   RO          859    .text               mycc936.o
    0x080127b0   0x080127b0   0x00000c38   Code   RO          872    .text               usmart.o
    0x080133e8   0x080133e8   0x00000528   Code   RO          901    .text               usmart_str.o
    0x08013910   0x08013910   0x000002d4   Code   RO          937    .text               text.o
    0x08013be4   0x08013be4   0x00000002   Code   RO          951    .text               c_w.l(use_no_semi_2.o)
    0x08013be6   0x08013be6   0x00000048   Code   RO          953    .text               c_w.l(llsdiv.o)
    0x08013c2e   0x08013c2e   0x00000002   PAD
    0x08013c30   0x08013c30   0x00000024   Code   RO          955    .text               c_w.l(c89vsprintf.o)
    0x08013c54   0x08013c54   0x00000018   Code   RO          957    .text               c_w.l(__2printf.o)
    0x08013c6c   0x08013c6c   0x0000002c   Code   RO          959    .text               c_w.l(__2sprintf.o)
    0x08013c98   0x08013c98   0x0000004e   Code   RO          967    .text               c_w.l(_printf_pad.o)
    0x08013ce6   0x08013ce6   0x00000052   Code   RO          969    .text               c_w.l(_printf_str.o)
    0x08013d38   0x08013d38   0x00000078   Code   RO          971    .text               c_w.l(_printf_dec.o)
    0x08013db0   0x08013db0   0x00000094   Code   RO          991    .text               c_w.l(_printf_hex_int_ll_ptr.o)
    0x08013e44   0x08013e44   0x00000188   Code   RO         1011    .text               c_w.l(__printf_flags_ss_wp.o)
    0x08013fcc   0x08013fcc   0x00000024   Code   RO         1020    .text               c_w.l(strstr.o)
    0x08013ff0   0x08013ff0   0x00000048   Code   RO         1022    .text               c_w.l(strcpy.o)
    0x08014038   0x08014038   0x0000003e   Code   RO         1024    .text               c_w.l(strlen.o)
    0x08014076   0x08014076   0x0000008a   Code   RO         1028    .text               c_w.l(rt_memcpy_v6.o)
    0x08014100   0x08014100   0x00000080   Code   RO         1030    .text               c_w.l(strcmpv7m.o)
    0x08014180   0x08014180   0x00000006   Code   RO         1032    .text               c_w.l(heapauxi.o)
    0x08014186   0x08014186   0x00000002   Code   RO         1096    .text               c_w.l(use_no_semi.o)
    0x08014188   0x08014188   0x000000ee   Code   RO         1099    .text               c_w.l(lludivv7m.o)
    0x08014276   0x08014276   0x00000016   Code   RO         1101    .text               c_w.l(_rserrno.o)
    0x0801428c   0x0801428c   0x00000024   Code   RO         1103    .text               c_w.l(_printf_truncate.o)
    0x080142b0   0x080142b0   0x000000b2   Code   RO         1105    .text               c_w.l(_printf_intcommon.o)
    0x08014362   0x08014362   0x00000028   Code   RO         1107    .text               c_w.l(_printf_charcount.o)
    0x0801438a   0x0801438a   0x00000002   PAD
    0x0801438c   0x0801438c   0x00000030   Code   RO         1109    .text               c_w.l(_printf_char_common.o)
    0x080143bc   0x080143bc   0x0000000a   Code   RO         1111    .text               c_w.l(_sputc.o)
    0x080143c6   0x080143c6   0x0000002c   Code   RO         1113    .text               c_w.l(_printf_char.o)
    0x080143f2   0x080143f2   0x00000002   PAD
    0x080143f4   0x080143f4   0x00000024   Code   RO         1115    .text               c_w.l(_printf_char_file.o)
    0x08014418   0x08014418   0x000000bc   Code   RO         1117    .text               c_w.l(_printf_wctomb.o)
    0x080144d4   0x080144d4   0x0000007c   Code   RO         1120    .text               c_w.l(_printf_longlong_dec.o)
    0x08014550   0x08014550   0x00000070   Code   RO         1126    .text               c_w.l(_printf_oct_int_ll.o)
    0x080145c0   0x080145c0   0x00000064   Code   RO         1146    .text               c_w.l(rt_memcpy_w.o)
    0x08014624   0x08014624   0x00000008   Code   RO         1187    .text               c_w.l(rt_errno_addr_intlibspace.o)
    0x0801462c   0x0801462c   0x0000008a   Code   RO         1189    .text               c_w.l(lludiv10.o)
    0x080146b6   0x080146b6   0x0000041e   Code   RO         1191    .text               c_w.l(_printf_fp_dec.o)
    0x08014ad4   0x08014ad4   0x0000002c   Code   RO         1195    .text               c_w.l(_printf_wchar.o)
    0x08014b00   0x08014b00   0x00000008   Code   RO         1197    .text               c_w.l(ferror.o)
    0x08014b08   0x08014b08   0x00000040   Code   RO         1201    .text               c_w.l(_wcrtomb.o)
    0x08014b48   0x08014b48   0x00000008   Code   RO         1203    .text               c_w.l(libspace.o)
    0x08014b50   0x08014b50   0x0000004a   Code   RO         1206    .text               c_w.l(sys_stackheap_outer.o)
    0x08014b9a   0x08014b9a   0x00000002   PAD
    0x08014b9c   0x08014b9c   0x00000010   Code   RO         1208    .text               c_w.l(rt_ctype_table.o)
    0x08014bac   0x08014bac   0x00000008   Code   RO         1215    .text               c_w.l(rt_locale_intlibspace.o)
    0x08014bb4   0x08014bb4   0x00000080   Code   RO         1217    .text               c_w.l(_printf_fp_infnan.o)
    0x08014c34   0x08014c34   0x000000e4   Code   RO         1219    .text               c_w.l(bigflt0.o)
    0x08014d18   0x08014d18   0x00000012   Code   RO         1247    .text               c_w.l(exit.o)
    0x08014d2a   0x08014d2a   0x0000003e   Code   RO         1222    CL$$btod_d2e        c_w.l(btod.o)
    0x08014d68   0x08014d68   0x00000046   Code   RO         1224    CL$$btod_d2e_denorm_low  c_w.l(btod.o)
    0x08014dae   0x08014dae   0x00000060   Code   RO         1223    CL$$btod_d2e_norm_op1  c_w.l(btod.o)
    0x08014e0e   0x08014e0e   0x00000338   Code   RO         1232    CL$$btod_div_common  c_w.l(btod.o)
    0x08015146   0x08015146   0x000000dc   Code   RO         1229    CL$$btod_e2e        c_w.l(btod.o)
    0x08015222   0x08015222   0x0000002a   Code   RO         1226    CL$$btod_ediv       c_w.l(btod.o)
    0x0801524c   0x0801524c   0x0000002a   Code   RO         1225    CL$$btod_emul       c_w.l(btod.o)
    0x08015276   0x08015276   0x00000244   Code   RO         1231    CL$$btod_mult_common  c_w.l(btod.o)
    0x080154ba   0x080154ba   0x00000028   Code   RO         1257    i.__ARM_fpclassify  m_ws.l(fpclassify.o)
    0x080154e2   0x080154e2   0x0000000e   Code   RO         1004    i._is_digit         c_w.l(__printf_wp.o)
    0x080154f0   0x080154f0   0x0000004c   Code   RO         1089    i.sqrt              m_ws.l(sqrt.o)
    0x0801553c   0x0801553c   0x0000002c   Code   RO         1245    locale$$code        c_w.l(lc_numeric_c.o)
    0x08015568   0x08015568   0x0000002c   Code   RO         1262    locale$$code        c_w.l(lc_ctype_c.o)
    0x08015594   0x08015594   0x00000150   Code   RO         1036    x$fpl$dadd          fz_ws.l(daddsub_clz.o)
    0x080156e4   0x080156e4   0x00000018   Code   RO         1148    x$fpl$dcmpinf       fz_ws.l(dcmpi.o)
    0x080156fc   0x080156fc   0x0000005a   Code   RO         1042    x$fpl$dfixu         fz_ws.l(dfixu.o)
    0x08015756   0x08015756   0x0000002e   Code   RO         1047    x$fpl$dflt          fz_ws.l(dflt_clz.o)
    0x08015784   0x08015784   0x00000026   Code   RO         1046    x$fpl$dfltu         fz_ws.l(dflt_clz.o)
    0x080157aa   0x080157aa   0x00000002   PAD
    0x080157ac   0x080157ac   0x00000078   Code   RO         1052    x$fpl$dleqf         fz_ws.l(dleqf.o)
    0x08015824   0x08015824   0x00000154   Code   RO         1054    x$fpl$dmul          fz_ws.l(dmul.o)
    0x08015978   0x08015978   0x0000009c   Code   RO         1150    x$fpl$dnaninf       fz_ws.l(dnaninf.o)
    0x08015a14   0x08015a14   0x0000000c   Code   RO         1152    x$fpl$dretinf       fz_ws.l(dretinf.o)
    0x08015a20   0x08015a20   0x0000006c   Code   RO         1056    x$fpl$drleqf        fz_ws.l(drleqf.o)
    0x08015a8c   0x08015a8c   0x00000016   Code   RO         1037    x$fpl$drsb          fz_ws.l(daddsub_clz.o)
    0x08015aa2   0x08015aa2   0x00000002   PAD
    0x08015aa4   0x08015aa4   0x000001cc   Code   RO         1154    x$fpl$dsqrt         fz_ws.l(dsqrt_noumaal.o)
    0x08015c70   0x08015c70   0x000001d4   Code   RO         1038    x$fpl$dsub          fz_ws.l(daddsub_clz.o)
    0x08015e44   0x08015e44   0x00000056   Code   RO         1058    x$fpl$f2d           fz_ws.l(f2d.o)
    0x08015e9a   0x08015e9a   0x00000002   PAD
    0x08015e9c   0x08015e9c   0x000000c4   Code   RO         1060    x$fpl$fadd          fz_ws.l(faddsub_clz.o)
    0x08015f60   0x08015f60   0x00000184   Code   RO         1067    x$fpl$fdiv          fz_ws.l(fdiv.o)
    0x080160e4   0x080160e4   0x00000036   Code   RO         1072    x$fpl$ffix          fz_ws.l(ffix.o)
    0x0801611a   0x0801611a   0x00000002   PAD
    0x0801611c   0x0801611c   0x0000003e   Code   RO         1076    x$fpl$ffixu         fz_ws.l(ffixu.o)
    0x0801615a   0x0801615a   0x00000002   PAD
    0x0801615c   0x0801615c   0x00000030   Code   RO         1081    x$fpl$fflt          fz_ws.l(fflt_clz.o)
    0x0801618c   0x0801618c   0x00000026   Code   RO         1080    x$fpl$ffltu         fz_ws.l(fflt_clz.o)
    0x080161b2   0x080161b2   0x00000002   PAD
    0x080161b4   0x080161b4   0x00000102   Code   RO         1086    x$fpl$fmul          fz_ws.l(fmul.o)
    0x080162b6   0x080162b6   0x0000008c   Code   RO         1158    x$fpl$fnaninf       fz_ws.l(fnaninf.o)
    0x08016342   0x08016342   0x0000000a   Code   RO         1160    x$fpl$fretinf       fz_ws.l(fretinf.o)
    0x0801634c   0x0801634c   0x000000ea   Code   RO         1062    x$fpl$fsub          fz_ws.l(faddsub_clz.o)
    0x08016436   0x08016436   0x00000004   Code   RO         1162    x$fpl$printf1       fz_ws.l(printf1.o)
    0x0801643a   0x0801643a   0x00000000   Code   RO         1164    x$fpl$usenofp       fz_ws.l(usenofp.o)
    0x0801643a   0x0801643a   0x000017c0   Data   RO          278    .constdata          lcd.o
    0x08017bfa   0x08017bfa   0x0000000a   Data   RO          416    .constdata          ft5206.o
    0x08017c04   0x08017c04   0x000000c2   Data   RO          432    .constdata          gt9147.o
    0x08017cc6   0x08017cc6   0x0000000a   Data   RO          455    .constdata          ott2001a.o
    0x08017cd0   0x08017cd0   0x00000004   Data   RO          471    .constdata          touch.o
    0x08017cd4   0x08017cd4   0x0000000c   Data   RO          534    .constdata          sim800c.o
    0x08017ce0   0x08017ce0   0x00000018   Data   RO          634    .constdata          malloc.o
    0x08017cf8   0x08017cf8   0x0000003a   Data   RO          802    .constdata          ff.o
    0x08017d32   0x08017d32   0x00000002   PAD
    0x08017d34   0x08017d34   0x00000138   Data   RO          821    .constdata          exfuns.o
    0x08017e6c   0x08017e6c   0x000003c0   Data   RO          860    .constdata          mycc936.o
    0x0801822c   0x0801822c   0x00000028   Data   RO          992    .constdata          c_w.l(_printf_hex_int_ll_ptr.o)
    0x08018254   0x08018254   0x00000011   Data   RO         1012    .constdata          c_w.l(__printf_flags_ss_wp.o)
    0x08018265   0x08018265   0x00000003   PAD
    0x08018268   0x08018268   0x00000008   Data   RO         1118    .constdata          c_w.l(_printf_wctomb.o)
    0x08018270   0x08018270   0x00000094   Data   RO         1220    .constdata          c_w.l(bigflt0.o)
    0x08018304   0x08018304   0x00000079   Data   RO          472    .conststring        touch.o
    0x0801837d   0x0801837d   0x00000003   PAD
    0x08018380   0x08018380   0x000000c9   Data   RO          535    .conststring        sim800c.o
    0x08018449   0x08018449   0x00000003   PAD
    0x0801844c   0x0801844c   0x00000064   Data   RO          822    .conststring        exfuns.o
    0x080184b0   0x080184b0   0x00000028   Data   RO          873    .conststring        usmart.o
    0x080184d8   0x080184d8   0x00000070   Data   RO          888    .conststring        usmart_config.o
    0x08018548   0x08018548   0x00000020   Data   RO         1386    Region$$Table       anon$$obj.o
    0x08018568   0x08018568   0x0000001c   Data   RO         1244    locale$$data        c_w.l(lc_numeric_c.o)
    0x08018584   0x08018584   0x00000110   Data   RO         1261    locale$$data        c_w.l(lc_ctype_c.o)


    Execution Region RW_IRAM1 (Exec base: 0x20000000, Load base: 0x08018694, Size: 0x0000d008, Max: 0x00010000, ABSOLUTE, COMPRESSED[0x000000d0])

    Exec Addr    Load Addr    Size         Type   Attr      Idx    E Section Name        Object

    0x20000000   COMPRESSED   0x00000014   Data   RW          228    .data               system_stm32f10x.o
    0x20000014   COMPRESSED   0x00000001   Data   RW          261    .data               key.o
    0x20000015   COMPRESSED   0x00000001   PAD
    0x20000016   COMPRESSED   0x00000004   Data   RW          279    .data               lcd.o
    0x2000001a   COMPRESSED   0x00000002   Data   RW          323    .data               w25qxx.o
    0x2000001c   COMPRESSED   0x00000010   Data   RW          346    .data               sdio_sdcard.o
    0x2000002c   COMPRESSED   0x00000001   Data   RW          417    .data               ft5206.o
    0x2000002d   COMPRESSED   0x00000001   Data   RW          433    .data               gt9147.o
    0x2000002e   COMPRESSED   0x00000001   Data   RW          456    .data               ott2001a.o
    0x2000002f   COMPRESSED   0x00000001   PAD
    0x20000030   COMPRESSED   0x00000036   Data   RW          473    .data               touch.o
    0x20000066   COMPRESSED   0x00000001   Data   RW          495    .data               timer.o
    0x20000067   COMPRESSED   0x00000001   PAD
    0x20000068   COMPRESSED   0x00000002   Data   RW          509    .data               usart3.o
    0x2000006a   COMPRESSED   0x00000002   PAD
    0x2000006c   COMPRESSED   0x00000085   Data   RW          536    .data               sim800c.o
    0x200000f1   COMPRESSED   0x00000001   PAD
    0x200000f2   COMPRESSED   0x00000002   Data   RW          559    .data               usart2.o
    0x200000f4   COMPRESSED   0x00000004   Data   RW          577    .data               delay.o
    0x200000f8   COMPRESSED   0x00000006   Data   RW          609    .data               usart.o
    0x200000fe   COMPRESSED   0x00000002   PAD
    0x20000100   COMPRESSED   0x0000001c   Data   RW          635    .data               malloc.o
    0x2000011c   COMPRESSED   0x00000014   Data   RW          706    .data               stm32f10x_rcc.o
    0x20000130   COMPRESSED   0x00000002   Data   RW          780    .data               diskio.o
    0x20000132   COMPRESSED   0x00000002   PAD
    0x20000134   COMPRESSED   0x0000000a   Data   RW          803    .data               ff.o
    0x2000013e   COMPRESSED   0x00000002   PAD
    0x20000140   COMPRESSED   0x0000001c   Data   RW          823    .data               exfuns.o
    0x2000015c   COMPRESSED   0x0000001c   Data   RW          874    .data               usmart.o
    0x20000178   COMPRESSED   0x0000010c   Data   RW          889    .data               usmart_config.o
    0x20000284        -       0x0000000e   Zero   RW          277    .bss                lcd.o
    0x20000292        -       0x00001000   Zero   RW          322    .bss                w25qxx.o
    0x20001292   COMPRESSED   0x00000006   PAD
    0x20001298        -       0x000002c0   Zero   RW          345    .bss                sdio_sdcard.o
    0x20001558        -       0x000004b0   Zero   RW          508    .bss                usart3.o
    0x20001a08        -       0x000004b0   Zero   RW          558    .bss                usart2.o
    0x20001eb8        -       0x000000c8   Zero   RW          608    .bss                usart.o
    0x20001f80        -       0x0000aa00   Zero   RW          633    .bss                malloc.o
    0x2000c980        -       0x00000021   Zero   RW          914    .bss                fontupd.o
    0x2000c9a1   COMPRESSED   0x00000003   PAD
    0x2000c9a4        -       0x00000060   Zero   RW         1204    .bss                c_w.l(libspace.o)
    0x2000ca04   COMPRESSED   0x00000004   PAD
    0x2000ca08        -       0x00000200   Zero   RW          663    HEAP                startup_stm32f10x_hd.o
    0x2000cc08        -       0x00000400   Zero   RW          662    STACK               startup_stm32f10x_hd.o



  Load Region LR$$.ARM.__AT_0x68000000 (Base: 0x68000000, Size: 0x00000000, Max: 0x000f0000, ABSOLUTE)

    Execution Region ER$$.ARM.__AT_0x68000000 (Exec base: 0x68000000, Load base: 0x68000000, Size: 0x000f0000, Max: 0x000f0000, ABSOLUTE, UNINIT)

    Exec Addr    Load Addr    Size         Type   Attr      Idx    E Section Name        Object

    0x68000000        -       0x000f0000   Zero   RW          631    .ARM.__AT_0x68000000  malloc.o



  Load Region LR$$.ARM.__AT_0x680F0000 (Base: 0x680f0000, Size: 0x00000000, Max: 0x0000f000, ABSOLUTE)

    Execution Region ER$$.ARM.__AT_0x680F0000 (Exec base: 0x680f0000, Load base: 0x680f0000, Size: 0x0000f000, Max: 0x0000f000, ABSOLUTE, UNINIT)

    Exec Addr    Load Addr    Size         Type   Attr      Idx    E Section Name        Object

    0x680f0000        -       0x0000f000   Zero   RW          632    .ARM.__AT_0x680F0000  malloc.o


==============================================================================

Image component sizes


      Code (inc. data)   RO Data    RW Data    ZI Data      Debug   Object Name

       378          0          0          0          0       2774   24cxx.o
       644         24          0          0          0       2037   ctiic.o
       212         18          0          4          0       1015   delay.o
       512          8          0          2          0       4270   diskio.o
       424         22        412         28          0       2712   exfuns.o
     13028        144         58         10          0      37550   ff.o
         0          0          0          0         33       1445   fontupd.o
       824         38         10          1          0       2499   ft5206.o
      1112         74        194          1          0       3030   gt9147.o
       252         12          0          1          0        828   key.o
     19036        162       6080          4         14      22186   lcd.o
        76          8          0          0          0        483   led.o
        64          4          0          0          0     287459   main.o
       556         18         24         28    1088000       4700   malloc.o
       220         22          0          0          0       1773   misc.o
       204         12        960          0          0       1585   mycc936.o
       620         14          0          0          0       1872   myiic.o
       876         56         10          1          0       2671   ott2001a.o
      7228        260          0         16        704      24696   sdio_sdcard.o
     11836       2708        213        133          0      13545   sim800c.o
       264         10          0          0          0       1109   spi.o
        64         26        304          0       1536        780   startup_stm32f10x_hd.o
       596          8          0          0          0       4338   stm32f10x_dma.o
      1548         18          0          0          0       5351   stm32f10x_fsmc.o
       860         38          0          0          0       5705   stm32f10x_gpio.o
        26          0          0          0          0       1166   stm32f10x_it.o
       932         36          0         20          0       8872   stm32f10x_rcc.o
       468         22          0          0          0       7092   stm32f10x_sdio.o
       780         14          0          0          0       6590   stm32f10x_spi.o
      3610         88          0          0          0      22816   stm32f10x_tim.o
      1032         22          0          0          0       8432   stm32f10x_usart.o
        12          0          0          0          0        607   sys.o
       480         38          0         20          0       1695   system_stm32f10x.o
       724         16          0          0          0       3092   text.o
       252         18          0          1          0       1008   timer.o
      4020        222        125         54          0       6793   touch.o
       320         16          0          6        200       3134   usart.o
       376         24          0          2       1200       1818   usart2.o
       380         24          0          2       1200       2382   usart3.o
      3128       1288         40         28          0       4330   usmart.o
         0          0        112        268          0       1536   usmart_config.o
      1320         12          0          0          0       5201   usmart_str.o
       872         30          0          2       4096       4437   w25qxx.o

    ----------------------------------------------------------------------
     80172       5574       8582        644    1096992     527414   Object Totals
         0          0         32          0          0          0   (incl. Generated)
         6          0          8         12          9          0   (incl. Padding)

    ----------------------------------------------------------------------

      Code (inc. data)   RO Data    RW Data    ZI Data      Debug   Library Member Name

        24          4          0          0          0         84   __2printf.o
        44          6          0          0          0         84   __2sprintf.o
        90          0          0          0          0          0   __dczerorl2.o
         8          0          0          0          0         68   __main.o
       392          4         17          0          0         92   __printf_flags_ss_wp.o
        14          0          0          0          0         68   __printf_wp.o
         0          0          0          0          0          0   __rtentry.o
        12          0          0          0          0          0   __rtentry2.o
         6          0          0          0          0          0   __rtentry4.o
        52          8          0          0          0          0   __scatter.o
        28          0          0          0          0          0   __scatter_zi.o
         6          0          0          0          0          0   _printf_a.o
         6          0          0          0          0          0   _printf_c.o
        44          0          0          0          0        108   _printf_char.o
        48          6          0          0          0         96   _printf_char_common.o
        36          4          0          0          0         80   _printf_char_file.o
        40          0          0          0          0         68   _printf_charcount.o
         6          0          0          0          0          0   _printf_d.o
       120         16          0          0          0         92   _printf_dec.o
         6          0          0          0          0          0   _printf_e.o
         6          0          0          0          0          0   _printf_f.o
      1054          0          0          0          0        216   _printf_fp_dec.o
       128         16          0          0          0         84   _printf_fp_infnan.o
         6          0          0          0          0          0   _printf_g.o
       148          4         40          0          0        160   _printf_hex_int_ll_ptr.o
         6          0          0          0          0          0   _printf_i.o
       178          0          0          0          0         88   _printf_intcommon.o
        10          0          0          0          0          0   _printf_l.o
         6          0          0          0          0          0   _printf_lc.o
        10          0          0          0          0          0   _printf_ll.o
         6          0          0          0          0          0   _printf_lld.o
         6          0          0          0          0          0   _printf_lli.o
         6          0          0          0          0          0   _printf_llo.o
         6          0          0          0          0          0   _printf_llu.o
         6          0          0          0          0          0   _printf_llx.o
       124         16          0          0          0         92   _printf_longlong_dec.o
         6          0          0          0          0          0   _printf_ls.o
         6          0          0          0          0          0   _printf_n.o
         6          0          0          0          0          0   _printf_o.o
       112         10          0          0          0        124   _printf_oct_int_ll.o
         6          0          0          0          0          0   _printf_p.o
        78          0          0          0          0        108   _printf_pad.o
         0          0          0          0          0          0   _printf_percent.o
         4          0          0          0          0          0   _printf_percent_end.o
         6          0          0          0          0          0   _printf_s.o
        82          0          0          0          0         80   _printf_str.o
        36          0          0          0          0         84   _printf_truncate.o
         6          0          0          0          0          0   _printf_u.o
        44          0          0          0          0        108   _printf_wchar.o
       188          6          8          0          0         92   _printf_wctomb.o
         6          0          0          0          0          0   _printf_x.o
        22          0          0          0          0        100   _rserrno.o
        10          0          0          0          0         68   _sputc.o
        64          0          0          0          0         92   _wcrtomb.o
       228          4        148          0          0         96   bigflt0.o
      1936        128          0          0          0        672   btod.o
        36          4          0          0          0         76   c89vsprintf.o
        18          0          0          0          0         80   exit.o
         8          0          0          0          0         68   ferror.o
         6          0          0          0          0        152   heapauxi.o
        44         10        272          0          0         76   lc_ctype_c.o
        44         10         28          0          0         76   lc_numeric_c.o
         2          0          0          0          0          0   libinit.o
        30          0          0          0          0          0   libinit2.o
         2          0          0          0          0          0   libshutdown.o
         2          0          0          0          0          0   libshutdown2.o
         8          4          0          0         96         68   libspace.o
        72          0          0          0          0         76   llsdiv.o
       138          0          0          0          0         80   lludiv10.o
       238          0          0          0          0        100   lludivv7m.o
        16          4          0          0          0         76   rt_ctype_table.o
         8          4          0          0          0         68   rt_errno_addr_intlibspace.o
         8          4          0          0          0         68   rt_locale_intlibspace.o
       138          0          0          0          0         68   rt_memcpy_v6.o
       100          0          0          0          0         80   rt_memcpy_w.o
         2          0          0          0          0          0   rtexit.o
        10          0          0          0          0          0   rtexit2.o
       128          0          0          0          0         68   strcmpv7m.o
        72          0          0          0          0         80   strcpy.o
        62          0          0          0          0         76   strlen.o
        36          0          0          0          0         80   strstr.o
        74          0          0          0          0         80   sys_stackheap_outer.o
         2          0          0          0          0         68   use_no_semi.o
         2          0          0          0          0         68   use_no_semi_2.o
       826         16          0          0          0        348   daddsub_clz.o
        24          0          0          0          0         68   dcmpi.o
        90          4          0          0          0         92   dfixu.o
        84          0          0          0          0        136   dflt_clz.o
       120          4          0          0          0         92   dleqf.o
       340         12          0          0          0        104   dmul.o
       156          4          0          0          0         92   dnaninf.o
        12          0          0          0          0         68   dretinf.o
       108          0          0          0          0         80   drleqf.o
       460         56          0          0          0        120   dsqrt_noumaal.o
        86          4          0          0          0         84   f2d.o
       430          8          0          0          0        168   faddsub_clz.o
       388         76          0          0          0         96   fdiv.o
        54          4          0          0          0         84   ffix.o
        62          4          0          0          0         84   ffixu.o
        86          0          0          0          0        136   fflt_clz.o
       258          4          0          0          0         84   fmul.o
       140          4          0          0          0         84   fnaninf.o
        10          0          0          0          0         68   fretinf.o
         4          0          0          0          0         68   printf1.o
         0          0          0          0          0          0   usenofp.o
        40          0          0          0          0         68   fpclassify.o
        76          0          0          0          0         84   sqrt.o

    ----------------------------------------------------------------------
     10718        472        516          0        100       7144   Library Totals
        24          0          3          0          4          0   (incl. Padding)

    ----------------------------------------------------------------------

      Code (inc. data)   RO Data    RW Data    ZI Data      Debug   Library Name

      6840        272        513          0         96       4836   c_w.l
      3738        200          0          0          0       2156   fz_ws.l
       116          0          0          0          0        152   m_ws.l

    ----------------------------------------------------------------------
     10718        472        516          0        100       7144   Library Totals

    ----------------------------------------------------------------------

==============================================================================


      Code (inc. data)   RO Data    RW Data    ZI Data      Debug   

     90890       6046       9098        644    1097092     527014   Grand Totals
     90890       6046       9098        208    1097092     527014   ELF Image Totals (compressed)
     90890       6046       9098        208          0          0   ROM Totals

==============================================================================

    Total RO  Size (Code + RO Data)                99988 (  97.64kB)
    Total RW  Size (RW Data + ZI Data)           1097736 (1072.01kB)
    Total ROM Size (Code + RO Data + RW Data)     100196 (  97.85kB)

==============================================================================

